10-16 11:20:17.713  3911  3911 W ResourcesManager:      at android.content.res.ApkAssets.loadOverlayFromPath(ApkAssets.java:223)
10-16 11:20:17.713  3911  3911 W ResourcesManager:      at android.app.ResourcesManager.loadApkAssets(ResourcesManager.java:479)
10-16 11:20:17.713  3911  3911 W ResourcesManager:      at android.app.ResourcesManager.-$$Nest$mloadApkAssets(Unknown Source:0)
10-16 11:20:17.713  3911  3911 W ResourcesManager:      at android.app.ResourcesManager$ApkAssetsSupplier.load(ResourcesManager.java:174)
10-16 11:20:17.713  3911  3911 W ResourcesManager:      at android.app.ResourcesManager.createApkAssetsSupplierNotLocked(ResourcesManager.java:1014)
10-16 11:20:17.713  3911  3911 W ResourcesManager:      at android.app.ResourcesManager.getResources(ResourcesManager.java:1135)
10-16 11:20:17.713  3911  3911 W ResourcesManager:      at android.app.LoadedApk.getResources(LoadedApk.java:1375)
10-16 11:20:17.713  3911  3911 W ResourcesManager:      at android.app.ContextImpl.createAppContext(ContextImpl.java:3336)
10-16 11:20:17.713  3911  3911 W ResourcesManager:      at android.app.ContextImpl.createAppContext(ContextImpl.java:3327)
10-16 11:20:17.713  3911  3911 W ResourcesManager:      at android.app.ActivityThread.handleBindApplication(ActivityThread.java:7277)
10-16 11:20:17.713  3911  3911 W ResourcesManager:      at android.app.ActivityThread.-$$Nest$mhandleBindApplication(Unknown Source:0)
10-16 11:20:17.713  3911  3911 W ResourcesManager:      at android.app.ActivityThread$H.handleMessage(ActivityThread.java:2379)
10-16 11:20:17.713  3911  3911 W ResourcesManager:      at android.os.Handler.dispatchMessage(Handler.java:107)
10-16 11:20:17.713  3911  3911 W ResourcesManager:      at android.os.Looper.loopOnce(Looper.java:232)
10-16 11:20:17.713  3911  3911 W ResourcesManager:      at android.os.Looper.loop(Looper.java:317)
10-16 11:20:17.713  3911  3911 W ResourcesManager:      at android.app.ActivityThread.main(ActivityThread.java:8592)
10-16 11:20:17.713  3911  3911 W ResourcesManager:      at java.lang.reflect.Method.invoke(Native Method)
10-16 11:20:17.713  3911  3911 W ResourcesManager:      at com.android.internal.os.RuntimeInit$MethodAndArgsCaller.run(RuntimeInit.java:580)
10-16 11:20:17.713  3911  3911 W ResourcesManager:      at com.android.internal.os.ZygoteInit.main(ZygoteInit.java:878)
10-16 11:20:17.714  3911  3911 E droid.deskclock: Invalid Idmap file: bad magic value (was 0x00000000, expected 0x504d4449)
10-16 11:20:17.714  3911  3911 E droid.deskclock: failed to load IDMAP /data/resource-cache/data@resource-cache@android-com.drdisagree.colorblendr_dynamic_theme-nnHv.frro@idmap
10-16 11:20:17.715  3911  3911 W ResourcesManager: failed to add overlay path '/data/resource-cache/android-com.drdisagree.colorblendr_dynamic_theme-nnHv.frro'
10-16 11:20:17.715  3911  3911 W ResourcesManager: java.io.IOException: Failed to load asset path /data/resource-cache/data@resource-cache@android-com.drdisagree.colorblendr_dynamic_theme-nnHv.frro@idmap
10-16 11:20:17.715  3911  3911 W ResourcesManager:      at android.content.res.ApkAssets.nativeLoad(Native Method)
10-16 11:20:17.715  3911  3911 W ResourcesManager:      at android.content.res.ApkAssets.<init>(ApkAssets.java:303)
10-16 11:20:17.715  3911  3911 W ResourcesManager:      at android.content.res.ApkAssets.loadOverlayFromPath(ApkAssets.java:223)
10-16 11:20:17.715  3911  3911 W ResourcesManager:      at android.app.ResourcesManager.loadApkAssets(ResourcesManager.java:479)
10-16 11:20:17.715  3911  3911 W ResourcesManager:      at android.app.ResourcesManager.-$$Nest$mloadApkAssets(Unknown Source:0)
10-16 11:20:17.715  3911  3911 W ResourcesManager:      at android.app.ResourcesManager$ApkAssetsSupplier.load(ResourcesManager.java:174)
10-16 11:20:17.715  3911  3911 W ResourcesManager:      at android.app.ResourcesManager.createAssetManager(ResourcesManager.java:560)
10-16 11:20:17.715  3911  3911 W ResourcesManager:      at android.app.ResourcesManager.createResourcesImpl(ResourcesManager.java:647)
10-16 11:20:17.715  3911  3911 W ResourcesManager:      at android.app.ResourcesManager.findOrCreateResourcesImplForKeyLocked(ResourcesManager.java:699)
10-16 11:20:17.715  3911  3911 W ResourcesManager:      at android.app.ResourcesManager.createResources(ResourcesManager.java:1045)
10-16 11:20:17.715  3911  3911 W ResourcesManager:      at android.app.ResourcesManager.getResources(ResourcesManager.java:1148)
10-16 11:20:17.715  3911  3911 W ResourcesManager:      at android.app.LoadedApk.getResources(LoadedApk.java:1375)
10-16 11:20:17.715  3911  3911 W ResourcesManager:      at android.app.ContextImpl.createAppContext(ContextImpl.java:3336)
10-16 11:20:17.715  3911  3911 W ResourcesManager:      at android.app.ContextImpl.createAppContext(ContextImpl.java:3327)
10-16 11:20:17.715  3911  3911 W ResourcesManager:      at android.app.ActivityThread.handleBindApplication(ActivityThread.java:7277)
10-16 11:20:17.715  3911  3911 W ResourcesManager:      at android.app.ActivityThread.-$$Nest$mhandleBindApplication(Unknown Source:0)
10-16 11:20:17.715  3911  3911 W ResourcesManager:      at android.app.ActivityThread$H.handleMessage(ActivityThread.java:2379)
10-16 11:20:17.715  3911  3911 W ResourcesManager:      at android.os.Handler.dispatchMessage(Handler.java:107)
10-16 11:20:17.715  3911  3911 W ResourcesManager:      at android.os.Looper.loopOnce(Looper.java:232)
10-16 11:20:17.715  3911  3911 W ResourcesManager:      at android.os.Looper.loop(Looper.java:317)
10-16 11:20:17.715  3911  3911 W ResourcesManager:      at android.app.ActivityThread.main(ActivityThread.java:8592)
10-16 11:20:17.715  3911  3911 W ResourcesManager:      at java.lang.reflect.Method.invoke(Native Method)
10-16 11:20:17.715  3911  3911 W ResourcesManager:      at com.android.internal.os.RuntimeInit$MethodAndArgsCaller.run(RuntimeInit.java:580)
10-16 11:20:17.715  3911  3911 W ResourcesManager:      at com.android.internal.os.ZygoteInit.main(ZygoteInit.java:878)
10-16 11:20:17.722  3506  3506 D ModemIpcCallbackAgent(com.qti.phone): onInitContext, mContext = android.app.ContextImpl@e4369ed
10-16 11:20:17.722  3506  3506 D ModemUtils(com.qti.phone): onInitContext, mContext = android.app.ContextImpl@e4369ed
10-16 11:20:17.722  3506  3506 D MirilOemhookMsgTunnel: setOnUnsolOemHookMiDataInd, mUnsolOemHookMiDataIndRegistrant = null, sub = 0, what = 100, h = Handler (com.qualcomm.qcrilmsgtunnel.QcrilMsgTunnelIfaceManager$1) {7488022}, obj = 0
10-16 11:20:17.722  3506  3506 D QcrilMsgTunnelIfaceManager: Registered SUB0 for UNSOL OEM HOOK to deliver external apps
10-16 11:20:17.722  3506  3506 I QcrilOemhookMsgTunnel: [null]Starting QcrilOemhookMsgTunnel
10-16 11:20:17.723  3506  3506 D QcrilOemhookMsgTunnel: isAidlAvailable: osVersion= 202404 prodVersion= 29
10-16 11:20:17.723  3932  3932 D nativeloader: Configuring clns-4 for other apk /system/framework/org.apache.http.legacy.jar. target_sdk_version=36, uses_libraries=ALL, library_path=/data/app/~~3vUl3-3DOSP2X9y36t4HsA==/com.google.android.gms-oVHj1a9v-ZAB_pmNEziAwg==/lib/arm64:/data/app/~~3vUl3-3DOSP2X9y36t4HsA==/com.google.android.gms-oVHj1a9v-ZAB_pmNEziAwg==/base.apk!/lib/arm64-v8a, permitted_path=/data:/mnt/expand:/data/user/0/com.google.android.gms
10-16 11:20:17.723  3506  3506 I QcrilOemhookMsgTunnel: [1]Initializing QtiOemHook HIDL
10-16 11:20:17.725  3932  3932 D nativeloader: Configuring clns-5 for other apk /system/framework/com.android.media.remotedisplay.jar. target_sdk_version=36, uses_libraries=ALL, library_path=/data/app/~~3vUl3-3DOSP2X9y36t4HsA==/com.google.android.gms-oVHj1a9v-ZAB_pmNEziAwg==/lib/arm64:/data/app/~~3vUl3-3DOSP2X9y36t4HsA==/com.google.android.gms-oVHj1a9v-ZAB_pmNEziAwg==/base.apk!/lib/arm64-v8a, permitted_path=/data:/mnt/expand:/data/user/0/com.google.android.gms
10-16 11:20:17.726  3506  3506 I android_os_HwBinder: HwBinder: Starting thread pool for getting: vendor.qti.hardware.radio.qcrilhook@1.0::IQtiOemHook/oemhook1
10-16 11:20:17.726  3506  3506 I QcrilOemhookMsgTunnel: [1]initOemHook:setCallback vendor.qti.hardware.radio.qcrilhook@1.0::IQtiOemHookResponse@Stub vendor.qti.hardware.radio.qcrilhook@1.0::IQtiOemHookIndication@Stub
10-16 11:20:17.728  3911  3911 W ContextImpl: Failed to ensure /data/user/0/com.android.deskclock/cache: mkdir failed: errno 126 (Required key not available)
10-16 11:20:17.728  3911  3911 W ContextImpl: Failed to update user.inode_cache: stat failed: ENOENT (No such file or directory)
10-16 11:20:17.728  3911  3911 V GraphicsEnvironment: Currently set values for:
10-16 11:20:17.728  3911  3911 V GraphicsEnvironment:   angle_gl_driver_selection_pkgs=[]
10-16 11:20:17.728  3911  3911 V GraphicsEnvironment:   angle_gl_driver_selection_values=[]
10-16 11:20:17.728  3911  3911 V GraphicsEnvironment: Global.Settings values are invalid: number of packages: 0, number of values: 0
10-16 11:20:17.728  3911  3911 V GraphicsEnvironment: Neither updatable production driver nor prerelease driver is supported.
10-16 11:20:17.729  3506  3506 I android_os_HwBinder: HwBinder: Starting thread pool for getting: android.hidl.manager@1.0::IServiceManager/default
10-16 11:20:17.732  3932  3932 D nativeloader: Configuring clns-6 for other apk /system/framework/com.android.location.provider.jar. target_sdk_version=36, uses_libraries=ALL, library_path=/data/app/~~3vUl3-3DOSP2X9y36t4HsA==/com.google.android.gms-oVHj1a9v-ZAB_pmNEziAwg==/lib/arm64:/data/app/~~3vUl3-3DOSP2X9y36t4HsA==/com.google.android.gms-oVHj1a9v-ZAB_pmNEziAwg==/base.apk!/lib/arm64-v8a, permitted_path=/data:/mnt/expand:/data/user/0/com.google.android.gms
10-16 11:20:17.736  3506  3506 I QcrilOemhookMsgTunnel: [1]registerForServiceNotifications: ret=true
10-16 11:20:17.737  3506  3506 D ModemIpcCallbackAgent(com.qti.phone): onInitContext, mContext = android.app.ContextImpl@e4369ed
10-16 11:20:17.737  3506  3506 D ModemUtils(com.qti.phone): onInitContext, mContext = android.app.ContextImpl@e4369ed
10-16 11:20:17.737  3506  3506 D MirilOemhookMsgTunnel: setOnUnsolOemHookMiDataInd, mUnsolOemHookMiDataIndRegistrant = null, sub = 1, what = 100, h = Handler (com.qualcomm.qcrilmsgtunnel.QcrilMsgTunnelIfaceManager$1) {7488022}, obj = 1
10-16 11:20:17.737  3506  3506 D QcrilMsgTunnelIfaceManager: Registered SUB1 for UNSOL OEM HOOK to deliver external apps
10-16 11:20:17.738  1833  3432 D CompatibilityChangeReporter: Compat change id reported: 161145287; UID 10163; state: DISABLED
10-16 11:20:17.739  3506  3506 D QtiTelephonyService BootReceiver: onReceive: Intent { act=android.intent.action.LOCKED_BOOT_COMPLETED flg=0x89000010 cmp=com.qualcomm.qti.telephonyservice/.BootReceiver (has extras) }
10-16 11:20:17.740  3506  3506 D CompatibilityChangeReporter: Compat change id reported: 183155436; UID 10163; state: ENABLED
10-16 11:20:17.743  3506  3506 D QtiTelephonyService BootReceiver: Successfully started service
10-16 11:20:17.744  3506  3506 I QtiTelephonyService: onCreate:
10-16 11:20:17.744  3506  3506 D AudioController: registering audio server state callback
10-16 11:20:17.753  3911  3911 W ContextImpl: Failed to ensure /data/user/0/com.android.deskclock/databases: mkdir failed: errno 126 (Required key not available)
10-16 11:20:17.755  3911  3911 W ContextImpl: Failed to ensure /data/user/0/com.android.deskclock/shared_prefs: mkdir failed: errno 126 (Required key not available)
10-16 11:20:17.758  3506  3506 D QcRilAudioHalFactory: isBoardApiLevelMatched: apiLevel= 202404
10-16 11:20:17.758  3506  3506 D QcRilAudioHalFactory: isBoardApiLevelMatched: true...
10-16 11:20:17.758  3506  3506 I QcRilAudioHalFactory: Initializing QcRilAudio HIDL as AIDL is not available
10-16 11:20:17.759  1833  3432 D CompatibilityChangeReporter: Compat change id reported: 161145287; UID 10150; state: ENABLED
10-16 11:20:17.761  3506  3506 I android_os_HwBinder: HwBinder: Starting thread pool for getting: android.hidl.manager@1.0::IServiceManager/default
10-16 11:20:17.761  3506  3938 D QcRilAudioHidl: onRegistration: fqName=vendor.qti.hardware.radio.am@1.0::IQcRilAudio name=slot1
10-16 11:20:17.761  3506  3938 D QcRilAudioHidl: initHal
10-16 11:20:17.761  3506  3506 D QcRilAudioHalFactory: isBoardApiLevelMatched: apiLevel= 202404
10-16 11:20:17.762  3506  3506 D QcRilAudioHalFactory: isBoardApiLevelMatched: true...
10-16 11:20:17.762  3506  3506 I QcRilAudioHalFactory: Initializing QcRilAudio HIDL as AIDL is not available
10-16 11:20:17.772  3506  3938 I android_os_HwBinder: HwBinder: Starting thread pool for getting: vendor.qti.hardware.radio.am@1.0::IQcRilAudio/slot1
10-16 11:20:17.773  3932  3932 D nativeloader: Configuring clns-7 for other apk /data/app/~~3vUl3-3DOSP2X9y36t4HsA==/com.google.android.gms-oVHj1a9v-ZAB_pmNEziAwg==/base.apk. target_sdk_version=36, uses_libraries=, library_path=/data/app/~~3vUl3-3DOSP2X9y36t4HsA==/com.google.android.gms-oVHj1a9v-ZAB_pmNEziAwg==/lib/arm64:/data/app/~~3vUl3-3DOSP2X9y36t4HsA==/com.google.android.gms-oVHj1a9v-ZAB_pmNEziAwg==/base.apk!/lib/arm64-v8a, permitted_path=/data:/mnt/expand:/data/user/0/com.google.android.gms
10-16 11:20:17.775  3506  3506 I android_os_HwBinder: HwBinder: Starting thread pool for getting: android.hidl.manager@1.0::IServiceManager/default
10-16 11:20:17.777  1833  3703 D CompatibilityChangeReporter: Compat change id reported: 161145287; UID 10283; state: ENABLED
10-16 11:20:17.783  1833  2972 D GrammaticalInflection: The flag must be enabled to allow calling the API.
10-16 11:20:17.784  3932  3932 E gle.android.gms: Invalid Idmap file: bad magic value (was 0x00000000, expected 0x504d4449)
10-16 11:20:17.784  3932  3932 E gle.android.gms: failed to load IDMAP /data/resource-cache/data@resource-cache@android-com.drdisagree.colorblendr_dynamic_theme-nnHv.frro@idmap
10-16 11:20:17.784  3506  3938 D QcRilAudioHidl: onRegistration: fqName=vendor.qti.hardware.radio.am@1.0::IQcRilAudio name=slot2
10-16 11:20:17.784  3506  3938 D QcRilAudioHidl: initHal
10-16 11:20:17.784  3506  3506 D AudioController: updateAudioCallbacks
10-16 11:20:17.784  3932  3932 W ResourcesManager: failed to preload asset path '/data/resource-cache/android-com.drdisagree.colorblendr_dynamic_theme-nnHv.frro'
10-16 11:20:17.784  3932  3932 W ResourcesManager: java.io.IOException: Failed to load asset path /data/resource-cache/data@resource-cache@android-com.drdisagree.colorblendr_dynamic_theme-nnHv.frro@idmap
10-16 11:20:17.784  3932  3932 W ResourcesManager:      at android.content.res.ApkAssets.nativeLoad(Native Method)
10-16 11:20:17.784  3932  3932 W ResourcesManager:      at android.content.res.ApkAssets.<init>(ApkAssets.java:303)
10-16 11:20:17.784  3932  3932 W ResourcesManager:      at android.content.res.ApkAssets.loadOverlayFromPath(ApkAssets.java:223)
10-16 11:20:17.784  3932  3932 W ResourcesManager:      at android.app.ResourcesManager.loadApkAssets(ResourcesManager.java:479)
10-16 11:20:17.784  3932  3932 W ResourcesManager:      at android.app.ResourcesManager.-$$Nest$mloadApkAssets(Unknown Source:0)
10-16 11:20:17.784  3932  3932 W ResourcesManager:      at android.app.ResourcesManager$ApkAssetsSupplier.load(ResourcesManager.java:174)
10-16 11:20:17.784  3932  3932 W ResourcesManager:      at android.app.ResourcesManager.createApkAssetsSupplierNotLocked(ResourcesManager.java:1014)
10-16 11:20:17.784  3932  3932 W ResourcesManager:      at android.app.ResourcesManager.getResources(ResourcesManager.java:1135)
10-16 11:20:17.784  3932  3932 W ResourcesManager:      at android.app.LoadedApk.getResources(LoadedApk.java:1375)
10-16 11:20:17.784  3932  3932 W ResourcesManager:      at android.app.ContextImpl.createAppContext(ContextImpl.java:3336)
10-16 11:20:17.784  3932  3932 W ResourcesManager:      at android.app.ContextImpl.createAppContext(ContextImpl.java:3327)
10-16 11:20:17.784  3932  3932 W ResourcesManager:      at android.app.ActivityThread.handleBindApplication(ActivityThread.java:7277)
10-16 11:20:17.784  3932  3932 W ResourcesManager:      at android.app.ActivityThread.-$$Nest$mhandleBindApplication(Unknown Source:0)
10-16 11:20:17.784  3932  3932 W ResourcesManager:      at android.app.ActivityThread$H.handleMessage(ActivityThread.java:2379)
10-16 11:20:17.784  3932  3932 W ResourcesManager:      at android.os.Handler.dispatchMessage(Handler.java:107)
10-16 11:20:17.784  3932  3932 W ResourcesManager:      at android.os.Looper.loopOnce(Looper.java:232)
10-16 11:20:17.784  3932  3932 W ResourcesManager:      at android.os.Looper.loop(Looper.java:317)
10-16 11:20:17.784  3932  3932 W ResourcesManager:      at android.app.ActivityThread.main(ActivityThread.java:8592)
10-16 11:20:17.784  3932  3932 W ResourcesManager:      at java.lang.reflect.Method.invoke(Native Method)
10-16 11:20:17.784  3932  3932 W ResourcesManager:      at com.android.internal.os.RuntimeInit$MethodAndArgsCaller.run(RuntimeInit.java:580)
10-16 11:20:17.784  3932  3932 W ResourcesManager:      at com.android.internal.os.ZygoteInit.main(ZygoteInit.java:878)
10-16 11:20:17.785  3932  3932 E gle.android.gms: Invalid Idmap file: bad magic value (was 0x00000000, expected 0x504d4449)
10-16 11:20:17.785  3932  3932 E gle.android.gms: failed to load IDMAP /data/resource-cache/data@resource-cache@android-com.drdisagree.colorblendr_dynamic_theme-nnHv.frro@idmap
10-16 11:20:17.785  3932  3932 W ResourcesManager: failed to add overlay path '/data/resource-cache/android-com.drdisagree.colorblendr_dynamic_theme-nnHv.frro'
10-16 11:20:17.785  3932  3932 W ResourcesManager: java.io.IOException: Failed to load asset path /data/resource-cache/data@resource-cache@android-com.drdisagree.colorblendr_dynamic_theme-nnHv.frro@idmap
10-16 11:20:17.785  3932  3932 W ResourcesManager:      at android.content.res.ApkAssets.nativeLoad(Native Method)
10-16 11:20:17.785  3932  3932 W ResourcesManager:      at android.content.res.ApkAssets.<init>(ApkAssets.java:303)
10-16 11:20:17.785  3932  3932 W ResourcesManager:      at android.content.res.ApkAssets.loadOverlayFromPath(ApkAssets.java:223)
10-16 11:20:17.785  3932  3932 W ResourcesManager:      at android.app.ResourcesManager.loadApkAssets(ResourcesManager.java:479)
10-16 11:20:17.785  3932  3932 W ResourcesManager:      at android.app.ResourcesManager.-$$Nest$mloadApkAssets(Unknown Source:0)
10-16 11:20:17.785  3932  3932 W ResourcesManager:      at android.app.ResourcesManager$ApkAssetsSupplier.load(ResourcesManager.java:174)
10-16 11:20:17.785  3932  3932 W ResourcesManager:      at android.app.ResourcesManager.createAssetManager(ResourcesManager.java:560)
10-16 11:20:17.785  3932  3932 W ResourcesManager:      at android.app.ResourcesManager.createResourcesImpl(ResourcesManager.java:647)
10-16 11:20:17.785  3932  3932 W ResourcesManager:      at android.app.ResourcesManager.findOrCreateResourcesImplForKeyLocked(ResourcesManager.java:699)
10-16 11:20:17.785  3932  3932 W ResourcesManager:      at android.app.ResourcesManager.createResources(ResourcesManager.java:1045)
10-16 11:20:17.785  3932  3932 W ResourcesManager:      at android.app.ResourcesManager.getResources(ResourcesManager.java:1148)
10-16 11:20:17.785  3932  3932 W ResourcesManager:      at android.app.LoadedApk.getResources(LoadedApk.java:1375)
10-16 11:20:17.785  3932  3932 W ResourcesManager:      at android.app.ContextImpl.createAppContext(ContextImpl.java:3336)
10-16 11:20:17.785  3932  3932 W ResourcesManager:      at android.app.ContextImpl.createAppContext(ContextImpl.java:3327)
10-16 11:20:17.785  3932  3932 W ResourcesManager:      at android.app.ActivityThread.handleBindApplication(ActivityThread.java:7277)
10-16 11:20:17.785  3932  3932 W ResourcesManager:      at android.app.ActivityThread.-$$Nest$mhandleBindApplication(Unknown Source:0)
10-16 11:20:17.785  3932  3932 W ResourcesManager:      at android.app.ActivityThread$H.handleMessage(ActivityThread.java:2379)
10-16 11:20:17.785  3932  3932 W ResourcesManager:      at android.os.Handler.dispatchMessage(Handler.java:107)
10-16 11:20:17.785  3932  3932 W ResourcesManager:      at android.os.Looper.loopOnce(Looper.java:232)
10-16 11:20:17.785  3932  3932 W ResourcesManager:      at android.os.Looper.loop(Looper.java:317)
10-16 11:20:17.785  3932  3932 W ResourcesManager:      at android.app.ActivityThread.main(ActivityThread.java:8592)
10-16 11:20:17.785  3932  3932 W ResourcesManager:      at java.lang.reflect.Method.invoke(Native Method)
10-16 11:20:17.785  3932  3932 W ResourcesManager:      at com.android.internal.os.RuntimeInit$MethodAndArgsCaller.run(RuntimeInit.java:580)
10-16 11:20:17.785  3932  3932 W ResourcesManager:      at com.android.internal.os.ZygoteInit.main(ZygoteInit.java:878)
10-16 11:20:17.786  3506  3938 I android_os_HwBinder: HwBinder: Starting thread pool for getting: vendor.qti.hardware.radio.am@1.0::IQcRilAudio/slot2
10-16 11:20:17.786  1833  2972 D CompatibilityChangeReporter: Compat change id reported: 135634846; UID 10204; state: DISABLED
10-16 11:20:17.786  1833  2972 D CompatibilityChangeReporter: Compat change id reported: 177438394; UID 10204; state: DISABLED
10-16 11:20:17.786  1833  2972 D CompatibilityChangeReporter: Compat change id reported: 135772972; UID 10204; state: DISABLED
10-16 11:20:17.786  1833  2972 D CompatibilityChangeReporter: Compat change id reported: 135754954; UID 10204; state: ENABLED
10-16 11:20:17.786  3506  3506 D AudioController: notifyAudioState - state: 0
10-16 11:20:17.786  3506  3506 D QcRilAudioHidl: setError.[slot1]
10-16 11:20:17.786  3506  3506 D QcRilAudioHidl: setError.[slot2]
10-16 11:20:17.786  3911  3911 I AlarmClock: AlarmInitReceiver android.intent.action.LOCKED_BOOT_COMPLETED
10-16 11:20:17.787  3506  3938 D AudioController: setParameters with: vsid=281022464;call_state=1
10-16 11:20:17.787  1833  2973 D CompatibilityChangeReporter: Compat change id reported: 143937733; UID 10204; state: ENABLED
10-16 11:20:17.787  3932  3932 W ContextImpl: Failed to ensure /data/user/0/com.google.android.gms/cache: mkdir failed: errno 126 (Required key not available)
10-16 11:20:17.787  3932  3932 W ContextImpl: Failed to update user.inode_cache: stat failed: ENOENT (No such file or directory)
10-16 11:20:17.788  3932  3932 V GraphicsEnvironment: Currently set values for:
10-16 11:20:17.788  3932  3932 V GraphicsEnvironment:   angle_gl_driver_selection_pkgs=[]
10-16 11:20:17.788  3932  3932 V GraphicsEnvironment:   angle_gl_driver_selection_values=[]
10-16 11:20:17.788  3932  3932 V GraphicsEnvironment: Global.Settings values are invalid: number of packages: 0, number of values: 0
10-16 11:20:17.788  3932  3932 V GraphicsEnvironment: Neither updatable production driver nor prerelease driver is supported.
10-16 11:20:17.788     0     0 W         : [+] KP I commit_su: pid: 3972, tgid: 3972, to_uid: 0, sctx: u:r:magisk:s0, via_hook: 0
10-16 11:20:17.788     0     0 W         : [+] KP I handle_before_execve: call apd uid: 10283, to_uid: 0, sctx: u:r:magisk:s0, cplen: 14, 0
10-16 11:20:17.792  1247  1247 D Zygote  : Forked child process 3975
10-16 11:20:17.793  1577  1627 D PermissionCache: checking android.permission.MODIFY_AUDIO_SETTINGS for uid=10163 => granted (258 us)
10-16 11:20:17.793  1833  2973 I ActivityManager: Start proc 3975:com.android.devicelockcontroller/u0a204 for broadcast {com.android.devicelockcontroller/com.android.devicelockcontroller.receivers.RecordBootTimestampReceiver}
10-16 11:20:17.793  1397  1436 D audio_hw_primary: adev_set_parameters: enter: call_state=1;vsid=281022464
10-16 11:20:17.793  1397  1436 D voice_extn: update_call_states is_call_active:0 in_call:0, mode:0
10-16 11:20:17.794  1397  1436 V msm8974_platform: platform_set_parameters: enter:
10-16 11:20:17.794  1397  1436 D audio_hw_hfp: hfp_set_parameters: enter
10-16 11:20:17.794  1397  1436 D audio_hw_hfp: hfp_set_parameters: enter
10-16 11:20:17.794  1397  1436 V a2dp_offload: end of a2dp setparam
10-16 11:20:17.794  1397  1436 D audio_hw_extn: audio_extn_fm_set_parameters: Enter
10-16 11:20:17.794  1397  1436 D audio_hw_hfp: hfp_set_parameters: enter
10-16 11:20:17.794  1397  1436 V a2dp_offload: end of a2dp setparam
10-16 11:20:17.794  1397  1436 D audio_hw_primary: adev_set_parameters: exit with code(0)
10-16 11:20:17.794  3506  3506 D QtiTelephonyService: Service started
10-16 11:20:17.794  3506  3938 D AudioController: setParameters with: vsid=281022464;call_state=1
10-16 11:20:17.796  1833  3432 W Parcel  : **** enforceInterface() expected 'android.app.IActivityManager' but read 'android.os.IPowerManager'
10-16 11:20:17.796  1833  3432 E Parcel  : Attempt to read from protected data in Parcel 0x71790af250
10-16 11:20:17.796  1833  3432 E Parcel  : Attempt to read from protected data in Parcel 0x71790af250
10-16 11:20:17.796  1833  3432 E Parcel  : Attempt to read from protected data in Parcel 0x71790af250
10-16 11:20:17.796  1833  3432 E Parcel  : Expecting header 0x53595354 but found 0x0. Mixing copies of libbinder?
10-16 11:20:17.796  1397  1436 D audio_hw_primary: adev_set_parameters: enter: call_state=1;vsid=281022464
10-16 11:20:17.796  1397  1436 D voice_extn: update_call_states is_call_active:0 in_call:0, mode:0
10-16 11:20:17.796  1397  1436 V msm8974_platform: platform_set_parameters: enter:
10-16 11:20:17.797  1397  1436 D audio_hw_hfp: hfp_set_parameters: enter
10-16 11:20:17.797  1397  1436 D audio_hw_hfp: hfp_set_parameters: enter
10-16 11:20:17.797  1397  1436 V a2dp_offload: end of a2dp setparam
10-16 11:20:17.797  1397  1436 D audio_hw_extn: audio_extn_fm_set_parameters: Enter
10-16 11:20:17.797  1397  1436 D audio_hw_hfp: hfp_set_parameters: enter
10-16 11:20:17.797  1397  1436 V a2dp_offload: end of a2dp setparam
10-16 11:20:17.797  1397  1436 D audio_hw_primary: adev_set_parameters: exit with code(0)
10-16 11:20:17.797  1833  3432 W Parcel  : **** enforceInterface() expected 'android.app.IActivityManager' but read 'android.os.IPowerManager'
10-16 11:20:17.797  1833  3432 E Parcel  : Attempt to read from protected data in Parcel 0x71790af250
10-16 11:20:17.797  1833  3432 E Parcel  : Attempt to read from protected data in Parcel 0x71790af250
10-16 11:20:17.797  1833  3432 E Parcel  : Attempt to read from protected data in Parcel 0x71790af250
10-16 11:20:17.797  1833  3432 E Parcel  : Expecting header 0x53595354 but found 0x0. Mixing copies of libbinder?
10-16 11:20:17.797  3506  3938 I QcrilOemhookMsgTunnel: [0]processOemHookIndication length=47
10-16 11:20:17.797  1833  3432 W Parcel  : **** enforceInterface() expected 'android.app.IActivityManager' but read 'android.os.IPowerManager'
10-16 11:20:17.798  1833  3432 E Parcel  : Attempt to read from protected data in Parcel 0x71790af250
10-16 11:20:17.798  1833  3432 E Parcel  : Attempt to read from protected data in Parcel 0x71790af250
10-16 11:20:17.798  1833  3432 E Parcel  : Attempt to read from protected data in Parcel 0x71790af250
10-16 11:20:17.798  1833  3432 E Parcel  : Expecting header 0x53595354 but found 0x0. Mixing copies of libbinder?
10-16 11:20:17.798  1833  3432 W Parcel  : **** enforceInterface() expected 'android.app.IActivityManager' but read 'android.os.IPowerManager'
10-16 11:20:17.798  1833  3432 E Parcel  : Attempt to read from protected data in Parcel 0x71790af250
10-16 11:20:17.798  1833  3432 E Parcel  : Attempt to read from protected data in Parcel 0x71790af250
10-16 11:20:17.798  1833  3432 E Parcel  : Attempt to read from protected data in Parcel 0x71790af250
10-16 11:20:17.798  1833  3432 E Parcel  : Expecting header 0x53595354 but found 0x0. Mixing copies of libbinder?
10-16 11:20:17.798  3506  3938 D AudioController: setParameters with: vsid=268443648;call_state=1
10-16 11:20:17.798  1397  1436 D audio_hw_primary: adev_set_parameters: enter: call_state=1;vsid=268443648
10-16 11:20:17.798  1397  1436 D voice_extn: update_call_states is_call_active:0 in_call:0, mode:0
10-16 11:20:17.798  1397  1436 V msm8974_platform: platform_set_parameters: enter:
10-16 11:20:17.799  1397  1436 D audio_hw_hfp: hfp_set_parameters: enter
10-16 11:20:17.799  1397  1436 D audio_hw_hfp: hfp_set_parameters: enter
10-16 11:20:17.799  1397  1436 V a2dp_offload: end of a2dp setparam
10-16 11:20:17.799  1397  1436 D audio_hw_extn: audio_extn_fm_set_parameters: Enter
10-16 11:20:17.799  1397  1436 D audio_hw_hfp: hfp_set_parameters: enter
10-16 11:20:17.799  1397  1436 V a2dp_offload: end of a2dp setparam
10-16 11:20:17.799  1397  1436 D audio_hw_primary: adev_set_parameters: exit with code(0)
10-16 11:20:17.799  3506  3938 I QcrilOemhookMsgTunnel: [1]processOemHookIndication length=47
10-16 11:20:17.800  3506  3938 D AudioController: setParameters with: vsid=268443648;call_state=1
10-16 11:20:17.801  1397  1436 D audio_hw_primary: adev_set_parameters: enter: call_state=1;vsid=268443648
10-16 11:20:17.801  1397  1436 D voice_extn: update_call_states is_call_active:0 in_call:0, mode:0
10-16 11:20:17.801  1397  1436 V msm8974_platform: platform_set_parameters: enter:
10-16 11:20:17.801  1397  1436 D audio_hw_hfp: hfp_set_parameters: enter
10-16 11:20:17.801  1397  1436 D audio_hw_hfp: hfp_set_parameters: enter
10-16 11:20:17.801  1397  1436 V a2dp_offload: end of a2dp setparam
10-16 11:20:17.801  1397  1436 D audio_hw_extn: audio_extn_fm_set_parameters: Enter
10-16 11:20:17.801  1397  1436 D audio_hw_hfp: hfp_set_parameters: enter
10-16 11:20:17.801  1397  1436 V a2dp_offload: end of a2dp setparam
10-16 11:20:17.801  1397  1436 D audio_hw_primary: adev_set_parameters: exit with code(0)
10-16 11:20:17.801  3506  3938 I QcrilOemhookMsgTunnel: [0]processOemHookIndication length=47
10-16 11:20:17.802  3506  3938 D AudioController: setParameters with: vsid=281026560;call_state=1
10-16 11:20:17.803  1397  1436 D audio_hw_primary: adev_set_parameters: enter: call_state=1;vsid=281026560
10-16 11:20:17.803  1397  1436 D voice_extn: update_call_states is_call_active:0 in_call:0, mode:0
10-16 11:20:17.803  1397  1436 V msm8974_platform: platform_set_parameters: enter:
10-16 11:20:17.803  1397  1436 D audio_hw_hfp: hfp_set_parameters: enter
10-16 11:20:17.803  1397  1436 D audio_hw_hfp: hfp_set_parameters: enter
10-16 11:20:17.803  1397  1436 V a2dp_offload: end of a2dp setparam
10-16 11:20:17.803  1397  1436 D audio_hw_extn: audio_extn_fm_set_parameters: Enter
10-16 11:20:17.803  1397  1436 D audio_hw_hfp: hfp_set_parameters: enter
10-16 11:20:17.803  1397  1436 V a2dp_offload: end of a2dp setparam
10-16 11:20:17.803  1397  1436 D audio_hw_primary: adev_set_parameters: exit with code(0)
10-16 11:20:17.804  3506  3938 I QcrilOemhookMsgTunnel: [1]processOemHookIndication length=47
10-16 11:20:17.804  3506  3938 D AudioController: setParameters with: vsid=281026560;call_state=1
10-16 11:20:17.805  1397  1436 D audio_hw_primary: adev_set_parameters: enter: call_state=1;vsid=281026560
10-16 11:20:17.805  1397  1436 D voice_extn: update_call_states is_call_active:0 in_call:0, mode:0
10-16 11:20:17.805  1397  1436 V msm8974_platform: platform_set_parameters: enter:
10-16 11:20:17.805  1397  1436 D audio_hw_hfp: hfp_set_parameters: enter
10-16 11:20:17.805  1397  1436 D audio_hw_hfp: hfp_set_parameters: enter
10-16 11:20:17.805  1397  1436 V a2dp_offload: end of a2dp setparam
10-16 11:20:17.805  1397  1436 D audio_hw_extn: audio_extn_fm_set_parameters: Enter
10-16 11:20:17.805  1397  1436 D audio_hw_hfp: hfp_set_parameters: enter
10-16 11:20:17.805  1397  1436 V a2dp_offload: end of a2dp setparam
10-16 11:20:17.805  1397  1436 D audio_hw_primary: adev_set_parameters: exit with code(0)
10-16 11:20:17.806  3506  3938 I QcrilOemhookMsgTunnel: [0]processOemHookIndication length=47
10-16 11:20:17.807  3506  3938 I QcrilOemhookMsgTunnel: [1]processOemHookIndication length=47
10-16 11:20:17.808  3911  3982 I AlarmClock: Fixing alarm instances
10-16 11:20:17.816  3975  3975 I elockcontroller: Using CollectorTypeCC GC.
10-16 11:20:17.820  3975  3975 E elockcontroller: Not starting debugger since process cannot load the jdwp agent.
10-16 11:20:17.820     0     0 I binder  : 3975:3975 ioctl 40046210 7fc4516264 returned -22
10-16 11:20:17.827  3932  3932 W ActivityThread: Failed to find provider info for com.google.android.gsf.gservices (user not unlocked)
10-16 11:20:17.834  3932  3932 E gle.android.gms: Invalid Idmap file: bad magic value (was 0x00000000, expected 0x504d4449)
10-16 11:20:17.834  3932  3932 E gle.android.gms: failed to load IDMAP /data/resource-cache/data@resource-cache@android-com.drdisagree.colorblendr_dynamic_theme-nnHv.frro@idmap
10-16 11:20:17.835  3932  3932 W ResourcesManager: failed to preload asset path '/data/resource-cache/android-com.drdisagree.colorblendr_dynamic_theme-nnHv.frro'
10-16 11:20:17.835  3932  3932 W ResourcesManager: java.io.IOException: Failed to load asset path /data/resource-cache/data@resource-cache@android-com.drdisagree.colorblendr_dynamic_theme-nnHv.frro@idmap
10-16 11:20:17.835  3932  3932 W ResourcesManager:      at android.content.res.ApkAssets.nativeLoad(Native Method)
10-16 11:20:17.835  3932  3932 W ResourcesManager:      at android.content.res.ApkAssets.<init>(ApkAssets.java:303)
10-16 11:20:17.835  3932  3932 W ResourcesManager:      at android.content.res.ApkAssets.loadOverlayFromPath(ApkAssets.java:223)
10-16 11:20:17.835  3932  3932 W ResourcesManager:      at android.app.ResourcesManager.loadApkAssets(ResourcesManager.java:479)
10-16 11:20:17.835  3932  3932 W ResourcesManager:      at android.app.ResourcesManager.-$$Nest$mloadApkAssets(Unknown Source:0)
10-16 11:20:17.835  3932  3932 W ResourcesManager:      at android.app.ResourcesManager$ApkAssetsSupplier.load(ResourcesManager.java:174)
10-16 11:20:17.835  3932  3932 W ResourcesManager:      at android.app.ResourcesManager.createApkAssetsSupplierNotLocked(ResourcesManager.java:1014)
10-16 11:20:17.835  3932  3932 W ResourcesManager:      at android.app.ResourcesManager.getResources(ResourcesManager.java:1135)
10-16 11:20:17.835  3932  3932 W ResourcesManager:      at android.app.ContextImpl.createResources(ContextImpl.java:2613)
10-16 11:20:17.835  3932  3932 W ResourcesManager:      at android.app.ContextImpl.createPackageContextAsUser(ContextImpl.java:2704)
10-16 11:20:17.835  3932  3932 W ResourcesManager:      at android.app.ContextImpl.createPackageContext(ContextImpl.java:2679)
10-16 11:20:17.835  3932  3932 W ResourcesManager:      at android.content.ContextWrapper.createPackageContext(ContextWrapper.java:1090)
10-16 11:20:17.835  3932  3932 W ResourcesManager:      at bkfs.j(:com.google.android.gms@253931029@25.39.31 (190400-813878953):13)
10-16 11:20:17.835  3932  3932 W ResourcesManager:      at bkfs.c(:com.google.android.gms@253931029@25.39.31 (190400-813878953):219)
10-16 11:20:17.835  3932  3932 W ResourcesManager:      at bkfg.b(:com.google.android.gms@253931029@25.39.31 (190400-813878953):1)
10-16 11:20:17.835  3932  3932 W ResourcesManager:      at bkfk.a(:com.google.android.gms@253931029@25.39.31 (190400-813878953):16)
10-16 11:20:17.835  3932  3932 W ResourcesManager:      at bkfs.f(:com.google.android.gms@253931029@25.39.31 (190400-813878953):58)
10-16 11:20:17.835  3932  3932 W ResourcesManager:      at engk.a(:com.google.android.gms@253931029@25.39.31 (190400-813878953):5)
10-16 11:20:17.835  3932  3932 W ResourcesManager:      at engk.b(:com.google.android.gms@253931029@25.39.31 (190400-813878953):27)
10-16 11:20:17.835  3932  3932 W ResourcesManager:      at bboi.b(:com.google.android.gms@253931029@25.39.31 (190400-813878953):69)
10-16 11:20:17.835  3932  3932 W ResourcesManager:      at bboi.a(:com.google.android.gms@253931029@25.39.31 (190400-813878953):78)
10-16 11:20:17.835  3932  3932 W ResourcesManager:      at com.google.android.gms.common.app.GmsApplication.onCreate(:com.google.android.gms@253931029@25.39.31 (190400-813878953):194)
10-16 11:20:17.835  3932  3932 W ResourcesManager:      at android.app.Instrumentation.callApplicationOnCreate(Instrumentation.java:1386)
10-16 11:20:17.835  3932  3932 W ResourcesManager:      at android.app.ActivityThread.handleBindApplication(ActivityThread.java:7398)
10-16 11:20:17.835  3932  3932 W ResourcesManager:      at android.app.ActivityThread.-$$Nest$mhandleBindApplication(Unknown Source:0)
10-16 11:20:17.835  3932  3932 W ResourcesManager:      at android.app.ActivityThread$H.handleMessage(ActivityThread.java:2379)
10-16 11:20:17.835  3932  3932 W ResourcesManager:      at android.os.Handler.dispatchMessage(Handler.java:107)
10-16 11:20:17.835  3932  3932 W ResourcesManager:      at android.os.Looper.loopOnce(Looper.java:232)
10-16 11:20:17.835  3932  3932 W ResourcesManager:      at android.os.Looper.loop(Looper.java:317)
10-16 11:20:17.835  3932  3932 W ResourcesManager:      at android.app.ActivityThread.main(ActivityThread.java:8592)
10-16 11:20:17.835  3932  3932 W ResourcesManager:      at java.lang.reflect.Method.invoke(Native Method)
10-16 11:20:17.835  3932  3932 W ResourcesManager:      at com.android.internal.os.RuntimeInit$MethodAndArgsCaller.run(RuntimeInit.java:580)
10-16 11:20:17.835  3932  3932 W ResourcesManager:      at com.android.internal.os.ZygoteInit.main(ZygoteInit.java:878)
10-16 11:20:17.841  3975  3975 D nativeloader: Load libframework-connectivity-tiramisu-jni.so using APEX ns com_android_tethering for caller /apex/com.android.tethering/javalib/framework-connectivity-t.jar: ok
10-16 11:20:17.844  1833  3703 D CompatibilityChangeReporter: Compat change id reported: 161145287; UID 10137; state: ENABLED
10-16 11:20:17.853  3932  3932 W ProviderHelper: Unknown dynamite feature providerinstaller.dynamite
10-16 11:20:17.853  3932  3932 I DynamiteModule: Considering local module com.google.android.gms.providerinstaller.dynamite:1 and remote module com.google.android.gms.providerinstaller.dynamite:0
10-16 11:20:17.853  3932  3932 I DynamiteModule: Selected local version of com.google.android.gms.providerinstaller.dynamite
10-16 11:20:17.853  1833  3432 D CompatibilityChangeReporter: Compat change id reported: 168419799; UID 10204; state: DISABLED
10-16 11:20:17.854  1833  3432 D CompatibilityChangeReporter: Compat change id reported: 273564678; UID 10204; state: DISABLED
10-16 11:20:17.854  3911  3982 I AlarmClock: Registering instance: 326
10-16 11:20:17.856  1833  3020 D CompatibilityChangeReporter: Compat change id reported: 265195908; UID 10204; state: ENABLED
10-16 11:20:17.857  3911  3982 I AlarmClock: Setting silent state to instance 326
10-16 11:20:17.858  3975  3975 D CompatibilityChangeReporter: Compat change id reported: 171979766; UID 10204; state: ENABLED
10-16 11:20:17.858  3975  3975 D CompatibilityChangeReporter: Compat change id reported: 242716250; UID 10204; state: ENABLED
10-16 11:20:17.859  1833  3293 D CompatibilityChangeReporter: Compat change id reported: 170503758; UID 10204; state: ENABLED
10-16 11:20:17.872  3975  3975 D nativeloader: Configuring clns-shared-4 for other apk /system/framework/org.apache.http.legacy.jar. target_sdk_version=34, uses_libraries=ALL, library_path=/apex/com.android.devicelock/priv-app/DeviceLockController@AP2A.240905.003/lib/arm64:/system/lib64:/system_ext/lib64, permitted_path=/data:/mnt/expand:/data/user/0/com.android.devicelockcontroller:/apex/com.android.devicelock/priv-app/DeviceLockController@AP2A.240905.003:/system/lib64:/system_ext/lib64
10-16 11:20:17.880  1833  3432 W ActivityManager: Unable to start service Intent { act=com.google.android.chimera.BoundService.START dat=chimera-action: cmp=com.google.android.gms/.chimera.PersistentApiService } U=0: not found
10-16 11:20:17.881  1833  3432 W ActivityManager: Unbind failed: could not find connection for android.os.BinderProxy@dcae3aa
10-16 11:20:17.881  3932  4008 W GmsClient: unable to connect to service: com.google.android.gms.phenotype.service.START on com.google.android.gms
10-16 11:20:17.884  3975  3975 D nativeloader: Configuring clns-shared-5 for other apk /apex/com.android.devicelock/priv-app/DeviceLockController@AP2A.240905.003/DeviceLockController.apk. target_sdk_version=34, uses_libraries=, library_path=/apex/com.android.devicelock/priv-app/DeviceLockController@AP2A.240905.003/lib/arm64:/system/lib64:/system_ext/lib64, permitted_path=/data:/mnt/expand:/data/user/0/com.android.devicelockcontroller:/apex/com.android.devicelock/priv-app/DeviceLockController@AP2A.240905.003:/system/lib64:/system_ext/lib64
10-16 11:20:17.885  3975  3975 D nativeloader: InitApexLibraries:
10-16 11:20:17.885  3975  3975 D nativeloader:   com_android_adservices: libhpke_jni.so:libtflite_support_classifiers_native.so
10-16 11:20:17.885  3975  3975 D nativeloader:   com_android_appsearch: libicing.so
10-16 11:20:17.885  3975  3975 D nativeloader:   com_android_art: libartservice.so
10-16 11:20:17.885  3975  3975 D nativeloader:   com_android_btservices: libbluetooth_jni.so
10-16 11:20:17.885  3975  3975 D nativeloader:   com_android_conscrypt: libjavacrypto.so
10-16 11:20:17.885  3975  3975 D nativeloader:   com_android_extservices: libtflite_support_classifiers_native.so
10-16 11:20:17.885  3975  3975 D nativeloader:   com_android_mediaprovider: libpdfclient.so
10-16 11:20:17.885  3975  3975 D nativeloader:   com_android_ondevicepersonalization: libfcp_cpp_dep_jni.so:libfcp_hpke_jni.so
10-16 11:20:17.885  3975  3975 D nativeloader:   com_android_os_statsd: libstats_jni.so
10-16 11:20:17.885  3975  3975 D nativeloader:   com_android_tethering: libcrypto.so:libframework-connectivity-jni.so:libframework-connectivity-tiramisu-jni.so:libmainlinecronet.121.0.6103.2.so:libssl.so:libandroid_net_connectivity_com_android_net_module_util_jni.so:libservice-connectivity.so:libservice-thread-jni.so
10-16 11:20:17.885  3975  3975 D nativeloader:   com_android_uwb: libuwb_uci_jni_rust.so
10-16 11:20:17.885  3975  3975 D nativeloader:   com_android_virt: libvirtualizationservice_jni.so:libvirtualmachine_jni.so
10-16 11:20:17.889  3932  4006 W FlagRegistrar: Failed to register com.google.android.gms.providerinstaller#com.google.android.gms
10-16 11:20:17.889  3932  4006 W FlagRegistrar: fsae: 17: 17: API: Phenotype.API is not available on this device. Connection failed with: ConnectionResult{statusCode=API_UNAVAILABLE, resolution=null, message=null, clientMethodKey=null}
10-16 11:20:17.889  3932  4006 W FlagRegistrar:         at fsag.a(:com.google.android.gms@253931029@25.39.31 (190400-813878953):13)
10-16 11:20:17.889  3932  4006 W FlagRegistrar:         at gpbd.d(:com.google.android.gms@253931029@25.39.31 (190400-813878953):3)
10-16 11:20:17.889  3932  4006 W FlagRegistrar:         at gpbf.run(:com.google.android.gms@253931029@25.39.31 (190400-813878953):130)
10-16 11:20:17.889  3932  4006 W FlagRegistrar:         at gpdm.execute(:com.google.android.gms@253931029@25.39.31 (190400-813878953):1)
10-16 11:20:17.889  3932  4006 W FlagRegistrar:         at gpbn.f(:com.google.android.gms@253931029@25.39.31 (190400-813878953):1)
10-16 11:20:17.889  3932  4006 W FlagRegistrar:         at gpbn.m(:com.google.android.gms@253931029@25.39.31 (190400-813878953):99)
10-16 11:20:17.889  3932  4006 W FlagRegistrar:         at gpbn.r(:com.google.android.gms@253931029@25.39.31 (190400-813878953):17)
10-16 11:20:17.889  3932  4006 W FlagRegistrar:         at fkfm.hA(:com.google.android.gms@253931029@25.39.31 (190400-813878953):35)
10-16 11:20:17.889  3932  4006 W FlagRegistrar:         at exup.run(:com.google.android.gms@253931029@25.39.31 (190400-813878953):12)
10-16 11:20:17.889  3932  4006 W FlagRegistrar:         at gpdm.execute(:com.google.android.gms@253931029@25.39.31 (190400-813878953):1)
10-16 11:20:17.889  3932  4006 W FlagRegistrar:         at exuq.b(:com.google.android.gms@253931029@25.39.31 (190400-813878953):18)
10-16 11:20:17.889  3932  4006 W FlagRegistrar:         at exvf.b(:com.google.android.gms@253931029@25.39.31 (190400-813878953):36)
10-16 11:20:17.889  3932  4006 W FlagRegistrar:         at exvh.d(:com.google.android.gms@253931029@25.39.31 (190400-813878953):25)
10-16 11:20:17.889  3932  4006 W FlagRegistrar:         at bapg.c(:com.google.android.gms@253931029@25.39.31 (190400-813878953):9)
10-16 11:20:17.889  3932  4006 W FlagRegistrar:         at barv.q(:com.google.android.gms@253931029@25.39.31 (190400-813878953):48)
10-16 11:20:17.889  3932  4006 W FlagRegistrar:         at barv.d(:com.google.android.gms@253931029@25.39.31 (190400-813878953):10)
10-16 11:20:17.889  3932  4006 W FlagRegistrar:         at barv.g(:com.google.android.gms@253931029@25.39.31 (190400-813878953):192)
10-16 11:20:17.889  3932  4006 W FlagRegistrar:         at barv.onConnectionFailed(:com.google.android.gms@253931029@25.39.31 (190400-813878953):2)
10-16 11:20:17.889  3932  4006 W FlagRegistrar:         at barx.run(:com.google.android.gms@253931029@25.39.31 (190400-813878953):80)
10-16 11:20:17.889  3932  4006 W FlagRegistrar:         at android.os.Handler.handleCallback(Handler.java:959)
10-16 11:20:17.889  3932  4006 W FlagRegistrar:         at android.os.Handler.dispatchMessage(Handler.java:100)
10-16 11:20:17.889  3932  4006 W FlagRegistrar:         at cmnk.mE(:com.google.android.gms@253931029@25.39.31 (190400-813878953):1)
10-16 11:20:17.889  3932  4006 W FlagRegistrar:         at cmnk.dispatchMessage(:com.google.android.gms@253931029@25.39.31 (190400-813878953):5)
10-16 11:20:17.889  3932  4006 W FlagRegistrar:         at android.os.Looper.loopOnce(Looper.java:232)
10-16 11:20:17.889  3932  4006 W FlagRegistrar:         at android.os.Looper.loop(Looper.java:317)
10-16 11:20:17.889  3932  4006 W FlagRegistrar:         at android.os.HandlerThread.run(HandlerThread.java:85)
10-16 11:20:17.889  3932  4006 W FlagRegistrar: Caused by: bann: 17: API: Phenotype.API is not available on this device. Connection failed with: ConnectionResult{statusCode=API_UNAVAILABLE, resolution=null, message=null, clientMethodKey=null}
10-16 11:20:17.889  3932  4006 W FlagRegistrar:         at bbkp.a(:com.google.android.gms@253931029@25.39.31 (190400-813878953):15)
10-16 11:20:17.889  3932  4006 W FlagRegistrar:         at bapj.a(:com.google.android.gms@253931029@25.39.31 (190400-813878953):1)
10-16 11:20:17.889  3932  4006 W FlagRegistrar:         at bapg.c(:com.google.android.gms@253931029@25.39.31 (190400-813878953):5)
10-16 11:20:17.889  3932  4006 W FlagRegistrar:         ... 12 more
10-16 11:20:17.889  3975  3975 E elockcontroller: Invalid Idmap file: bad magic value (was 0x00000000, expected 0x504d4449)
10-16 11:20:17.889  3975  3975 E elockcontroller: failed to load IDMAP /data/resource-cache/data@resource-cache@android-com.drdisagree.colorblendr_dynamic_theme-nnHv.frro@idmap
10-16 11:20:17.889  3975  3975 W ResourcesManager: failed to preload asset path '/data/resource-cache/android-com.drdisagree.colorblendr_dynamic_theme-nnHv.frro'
10-16 11:20:17.889  3975  3975 W ResourcesManager: java.io.IOException: Failed to load asset path /data/resource-cache/data@resource-cache@android-com.drdisagree.colorblendr_dynamic_theme-nnHv.frro@idmap
10-16 11:20:17.889  3975  3975 W ResourcesManager:      at android.content.res.ApkAssets.nativeLoad(Native Method)
10-16 11:20:17.889  3975  3975 W ResourcesManager:      at android.content.res.ApkAssets.<init>(ApkAssets.java:303)
10-16 11:20:17.889  3975  3975 W ResourcesManager:      at android.content.res.ApkAssets.loadOverlayFromPath(ApkAssets.java:223)
10-16 11:20:17.889  3975  3975 W ResourcesManager:      at android.app.ResourcesManager.loadApkAssets(ResourcesManager.java:479)
10-16 11:20:17.889  3975  3975 W ResourcesManager:      at android.app.ResourcesManager.-$$Nest$mloadApkAssets(Unknown Source:0)
10-16 11:20:17.889  3975  3975 W ResourcesManager:      at android.app.ResourcesManager$ApkAssetsSupplier.load(ResourcesManager.java:174)
10-16 11:20:17.889  3975  3975 W ResourcesManager:      at android.app.ResourcesManager.createApkAssetsSupplierNotLocked(ResourcesManager.java:1014)
10-16 11:20:17.889  3975  3975 W ResourcesManager:      at android.app.ResourcesManager.getResources(ResourcesManager.java:1135)
10-16 11:20:17.889  3975  3975 W ResourcesManager:      at android.app.LoadedApk.getResources(LoadedApk.java:1375)
10-16 11:20:17.889  3975  3975 W ResourcesManager:      at android.app.ContextImpl.createAppContext(ContextImpl.java:3336)
10-16 11:20:17.889  3975  3975 W ResourcesManager:      at android.app.ContextImpl.createAppContext(ContextImpl.java:3327)
10-16 11:20:17.889  3975  3975 W ResourcesManager:      at android.app.ActivityThread.handleBindApplication(ActivityThread.java:7277)
10-16 11:20:17.889  3975  3975 W ResourcesManager:      at android.app.ActivityThread.-$$Nest$mhandleBindApplication(Unknown Source:0)
10-16 11:20:17.889  3975  3975 W ResourcesManager:      at android.app.ActivityThread$H.handleMessage(ActivityThread.java:2379)
10-16 11:20:17.889  3975  3975 W ResourcesManager:      at android.os.Handler.dispatchMessage(Handler.java:107)
10-16 11:20:17.889  3975  3975 W ResourcesManager:      at android.os.Looper.loopOnce(Looper.java:232)
10-16 11:20:17.889  3975  3975 W ResourcesManager:      at android.os.Looper.loop(Looper.java:317)
10-16 11:20:17.889  3975  3975 W ResourcesManager:      at android.app.ActivityThread.main(ActivityThread.java:8592)
10-16 11:20:17.889  3975  3975 W ResourcesManager:      at java.lang.reflect.Method.invoke(Native Method)
10-16 11:20:17.889  3975  3975 W ResourcesManager:      at com.android.internal.os.RuntimeInit$MethodAndArgsCaller.run(RuntimeInit.java:580)
10-16 11:20:17.889  3975  3975 W ResourcesManager:      at com.android.internal.os.ZygoteInit.main(ZygoteInit.java:878)
10-16 11:20:17.890  3975  3975 E elockcontroller: Invalid Idmap file: bad magic value (was 0x00000000, expected 0x504d4449)
10-16 11:20:17.890  3975  3975 E elockcontroller: failed to load IDMAP /data/resource-cache/data@resource-cache@android-com.drdisagree.colorblendr_dynamic_theme-nnHv.frro@idmap
10-16 11:20:17.890  3975  3975 W ResourcesManager: failed to add overlay path '/data/resource-cache/android-com.drdisagree.colorblendr_dynamic_theme-nnHv.frro'
