10-16 11:20:17.367  3803  3803 W ResourcesManager:      at android.app.ActivityThread$H.handleMessage(ActivityThread.java:2379)
10-16 11:20:17.367  3803  3803 W ResourcesManager:      at android.os.Handler.dispatchMessage(Handler.java:107)
10-16 11:20:17.367  3803  3803 W ResourcesManager:      at android.os.Looper.loopOnce(Looper.java:232)
10-16 11:20:17.367  3803  3803 W ResourcesManager:      at android.os.Looper.loop(Looper.java:317)
10-16 11:20:17.367  3803  3803 W ResourcesManager:      at android.app.ActivityThread.main(ActivityThread.java:8592)
10-16 11:20:17.367  3803  3803 W ResourcesManager:      at java.lang.reflect.Method.invoke(Native Method)
10-16 11:20:17.367  3803  3803 W ResourcesManager:      at com.android.internal.os.RuntimeInit$MethodAndArgsCaller.run(RuntimeInit.java:580)
10-16 11:20:17.367  3803  3803 W ResourcesManager:      at com.android.internal.os.ZygoteInit.main(ZygoteInit.java:878)
10-16 11:20:17.367  3803  3803 E id.ext.services: Invalid Idmap file: bad magic value (was 0x00000000, expected 0x504d4449)
10-16 11:20:17.367  3803  3803 E id.ext.services: failed to load IDMAP /data/resource-cache/data@resource-cache@android-com.drdisagree.colorblendr_dynamic_theme-nnHv.frro@idmap
10-16 11:20:17.367  3803  3803 W ResourcesManager: failed to add overlay path '/data/resource-cache/android-com.drdisagree.colorblendr_dynamic_theme-nnHv.frro'
10-16 11:20:17.367  3803  3803 W ResourcesManager: java.io.IOException: Failed to load asset path /data/resource-cache/data@resource-cache@android-com.drdisagree.colorblendr_dynamic_theme-nnHv.frro@idmap
10-16 11:20:17.367  3803  3803 W ResourcesManager:      at android.content.res.ApkAssets.nativeLoad(Native Method)
10-16 11:20:17.367  3803  3803 W ResourcesManager:      at android.content.res.ApkAssets.<init>(ApkAssets.java:303)
10-16 11:20:17.367  3803  3803 W ResourcesManager:      at android.content.res.ApkAssets.loadOverlayFromPath(ApkAssets.java:223)
10-16 11:20:17.367  3803  3803 W ResourcesManager:      at android.app.ResourcesManager.loadApkAssets(ResourcesManager.java:479)
10-16 11:20:17.367  3803  3803 W ResourcesManager:      at android.app.ResourcesManager.-$$Nest$mloadApkAssets(Unknown Source:0)
10-16 11:20:17.367  3803  3803 W ResourcesManager:      at android.app.ResourcesManager$ApkAssetsSupplier.load(ResourcesManager.java:174)
10-16 11:20:17.367  3803  3803 W ResourcesManager:      at android.app.ResourcesManager.createAssetManager(ResourcesManager.java:560)
10-16 11:20:17.367  3803  3803 W ResourcesManager:      at android.app.ResourcesManager.createResourcesImpl(ResourcesManager.java:647)
10-16 11:20:17.367  3803  3803 W ResourcesManager:      at android.app.ResourcesManager.findOrCreateResourcesImplForKeyLocked(ResourcesManager.java:699)
10-16 11:20:17.367  3803  3803 W ResourcesManager:      at android.app.ResourcesManager.createResources(ResourcesManager.java:1045)
10-16 11:20:17.367  3803  3803 W ResourcesManager:      at android.app.ResourcesManager.getResources(ResourcesManager.java:1148)
10-16 11:20:17.367  3803  3803 W ResourcesManager:      at android.app.LoadedApk.getResources(LoadedApk.java:1375)
10-16 11:20:17.367  3803  3803 W ResourcesManager:      at android.app.ContextImpl.createAppContext(ContextImpl.java:3336)
10-16 11:20:17.367  3803  3803 W ResourcesManager:      at android.app.ContextImpl.createAppContext(ContextImpl.java:3327)
10-16 11:20:17.367  3803  3803 W ResourcesManager:      at android.app.ActivityThread.handleBindApplication(ActivityThread.java:7277)
10-16 11:20:17.367  3803  3803 W ResourcesManager:      at android.app.ActivityThread.-$$Nest$mhandleBindApplication(Unknown Source:0)
10-16 11:20:17.367  3803  3803 W ResourcesManager:      at android.app.ActivityThread$H.handleMessage(ActivityThread.java:2379)
10-16 11:20:17.367  3803  3803 W ResourcesManager:      at android.os.Handler.dispatchMessage(Handler.java:107)
10-16 11:20:17.367  3803  3803 W ResourcesManager:      at android.os.Looper.loopOnce(Looper.java:232)
10-16 11:20:17.367  3803  3803 W ResourcesManager:      at android.os.Looper.loop(Looper.java:317)
10-16 11:20:17.367  3803  3803 W ResourcesManager:      at android.app.ActivityThread.main(ActivityThread.java:8592)
10-16 11:20:17.367  3803  3803 W ResourcesManager:      at java.lang.reflect.Method.invoke(Native Method)
10-16 11:20:17.367  3803  3803 W ResourcesManager:      at com.android.internal.os.RuntimeInit$MethodAndArgsCaller.run(RuntimeInit.java:580)
10-16 11:20:17.367  3803  3803 W ResourcesManager:      at com.android.internal.os.ZygoteInit.main(ZygoteInit.java:878)
10-16 11:20:17.368  3836  3836 I APatchD : apd::cli: command: BootCompleted
10-16 11:20:17.369  3836  3836 I APatchD : apd::event: on_boot_completed triggered!
10-16 11:20:17.369  3836  3836 I APatchD : apd::utils: safemode: false
10-16 11:20:17.369  3836  3836 I APatchD : apd::utils: kernel_safemode: false
10-16 11:20:17.369  3836  3836 I APatchD : apd::module: /data/adb/boot-completed.d not exists, skip
10-16 11:20:17.369  3836  3836 I APatchD : apd::module: /data/adb/modules/datselinux is disabled, skip
10-16 11:20:17.369  3836  3836 I APatchD : apd::module: /data/adb/modules/datzygisk_location is disabled, skip
10-16 11:20:17.369  3836  3836 I APatchD : apd::module: exec /data/adb/modules/dat_magisk/boot-completed.sh
10-16 11:20:17.370  3803  3803 W ContextImpl: Failed to ensure /data/user/0/android.ext.services/cache: mkdir failed: errno 126 (Required key not available)
10-16 11:20:17.370  3803  3803 W ContextImpl: Failed to update user.inode_cache: stat failed: ENOENT (No such file or directory)
10-16 11:20:17.371  3836  3836 I APatchD : apd::module: /data/adb/modules/lost+found is disabled, skip
10-16 11:20:17.372     0     0 W         : [+] KP I user log: 3824 wait /data/adb/apd boot-completed  status: 0x0
10-16 11:20:17.373  3811  3811 D CompatibilityChangeReporter: Compat change id reported: 171979766; UID 10283; state: ENABLED
10-16 11:20:17.375  3811  3811 D CompatibilityChangeReporter: Compat change id reported: 242716250; UID 10283; state: ENABLED
10-16 11:20:17.379  3803  3803 V GraphicsEnvironment: Currently set values for:
10-16 11:20:17.380  3803  3803 V GraphicsEnvironment:   angle_gl_driver_selection_pkgs=[]
10-16 11:20:17.380  3803  3803 V GraphicsEnvironment:   angle_gl_driver_selection_values=[]
10-16 11:20:17.380  3803  3803 V GraphicsEnvironment: Global.Settings values are invalid: number of packages: 0, number of values: 0
10-16 11:20:17.380  3803  3803 V GraphicsEnvironment: Neither updatable production driver nor prerelease driver is supported.
10-16 11:20:17.386  1984  2878 D BufferPoolAccessor2.0: bufferpool2 0xb4000075a01cff38 : 0(0 size) total buffers - 0(0 size) used buffers - 13/17 (recycle/alloc) - 4/16 (fetch/transfer)
10-16 11:20:17.386  1984  2878 D BufferPoolAccessor2.0: bufferpool2 0xb4000075a01cae48 : 0(0 size) total buffers - 0(0 size) used buffers - 13/16 (recycle/alloc) - 3/15 (fetch/transfer)
10-16 11:20:17.386  1984  2878 D BufferPoolAccessor2.0: bufferpool2 0xb4000075a01cf3a8 : 0(0 size) total buffers - 0(0 size) used buffers - 6/7 (recycle/alloc) - 1/6 (fetch/transfer)
10-16 11:20:17.386  1984  2878 D BufferPoolAccessor2.0: evictor expired: 3, evicted: 3
10-16 11:20:17.388  1833  3432 D CompatibilityChangeReporter: Compat change id reported: 170503758; UID 10283; state: ENABLED
10-16 11:20:17.405  1833  3020 D CompatibilityChangeReporter: Compat change id reported: 218533173; UID 10137; state: ENABLED
10-16 11:20:17.406  1833  3020 D CompatibilityChangeReporter: Compat change id reported: 262645982; UID 10137; state: ENABLED
10-16 11:20:17.407     0     0 W         : [+] KP I user log: 3824 save log status: 0x0
10-16 11:20:17.407  1833  3020 D CompatibilityChangeReporter: Compat change id reported: 218533173; UID 10191; state: ENABLED
10-16 11:20:17.408  1833  3020 D CompatibilityChangeReporter: Compat change id reported: 262645982; UID 10191; state: ENABLED
10-16 11:20:17.412  3811  3811 D nativeloader: Configuring clns-4 for other apk /data/app/~~FFQWcBCanp92G3TpoZ_TmQ==/com.drdisagree.colorblendr-LxLIQxO61gFSvMDNFl0exA==/base.apk. target_sdk_version=35, uses_libraries=, library_path=/data/app/~~FFQWcBCanp92G3TpoZ_TmQ==/com.drdisagree.colorblendr-LxLIQxO61gFSvMDNFl0exA==/lib/arm64, permitted_path=/data:/mnt/expand:/data/user/0/com.drdisagree.colorblendr
10-16 11:20:17.420  1833  3751 D CompatibilityChangeReporter: Compat change id reported: 161145287; UID 10191; state: ENABLED
10-16 11:20:17.421  1833  1833 V NotificationAssistants: 0 notification assistant service connected: ComponentInfo{android.ext.services/android.ext.services.notification.Assistant}
10-16 11:20:17.423  3803  3803 V ActivityThread: getPackageInfo() caused update to cached ApplicationInfo for package android.ext.services
10-16 11:20:17.423  1833  1833 I ExplicitHealthCheckController: Explicit health check service is connected ComponentInfo{android.ext.services/android.ext.services.watchdog.ExplicitHealthCheckServiceImpl}
10-16 11:20:17.423  3803  3803 E id.ext.services: Invalid Idmap file: bad magic value (was 0x00000000, expected 0x504d4449)
10-16 11:20:17.423  3803  3803 E id.ext.services: failed to load IDMAP /data/resource-cache/data@resource-cache@android-com.drdisagree.colorblendr_dynamic_theme-nnHv.frro@idmap
10-16 11:20:17.423  1833  1833 I ExplicitHealthCheckController: Service initialized, syncing requests
10-16 11:20:17.423  3803  3803 W ResourcesManager: failed to preload asset path '/data/resource-cache/android-com.drdisagree.colorblendr_dynamic_theme-nnHv.frro'
10-16 11:20:17.423  3803  3803 W ResourcesManager: java.io.IOException: Failed to load asset path /data/resource-cache/data@resource-cache@android-com.drdisagree.colorblendr_dynamic_theme-nnHv.frro@idmap
10-16 11:20:17.423  3803  3803 W ResourcesManager:      at android.content.res.ApkAssets.nativeLoad(Native Method)
10-16 11:20:17.423  3803  3803 W ResourcesManager:      at android.content.res.ApkAssets.<init>(ApkAssets.java:303)
10-16 11:20:17.423  3803  3803 W ResourcesManager:      at android.content.res.ApkAssets.loadOverlayFromPath(ApkAssets.java:223)
10-16 11:20:17.423  3803  3803 W ResourcesManager:      at android.app.ResourcesManager.loadApkAssets(ResourcesManager.java:479)
10-16 11:20:17.423  3803  3803 W ResourcesManager:      at android.app.ResourcesManager.-$$Nest$mloadApkAssets(Unknown Source:0)
10-16 11:20:17.423  3803  3803 W ResourcesManager:      at android.app.ResourcesManager$ApkAssetsSupplier.load(ResourcesManager.java:174)
10-16 11:20:17.423  3803  3803 W ResourcesManager:      at android.app.ResourcesManager.createApkAssetsSupplierNotLocked(ResourcesManager.java:1014)
10-16 11:20:17.423  3803  3803 W ResourcesManager:      at android.app.ResourcesManager.getResources(ResourcesManager.java:1135)
10-16 11:20:17.423  3803  3803 W ResourcesManager:      at android.app.LoadedApk.updateApplicationInfo(LoadedApk.java:382)
10-16 11:20:17.423  3803  3803 W ResourcesManager:      at android.app.ActivityThread.getPackageInfo(ActivityThread.java:2899)
10-16 11:20:17.423  3803  3803 W ResourcesManager:      at android.app.ActivityThread.getPackageInfo(ActivityThread.java:2866)
10-16 11:20:17.423  3803  3803 W ResourcesManager:      at android.app.ActivityThread.getPackageInfoNoCheck(ActivityThread.java:2846)
10-16 11:20:17.423  3803  3803 W ResourcesManager:      at android.app.ActivityThread.handleCreateService(ActivityThread.java:4870)
10-16 11:20:17.423  3803  3803 W ResourcesManager:      at android.app.ActivityThread.-$$Nest$mhandleCreateService(Unknown Source:0)
10-16 11:20:17.423  3803  3803 W ResourcesManager:      at android.app.ActivityThread$H.handleMessage(ActivityThread.java:2407)
10-16 11:20:17.423  3803  3803 W ResourcesManager:      at android.os.Handler.dispatchMessage(Handler.java:107)
10-16 11:20:17.423  3803  3803 W ResourcesManager:      at android.os.Looper.loopOnce(Looper.java:232)
10-16 11:20:17.423  3803  3803 W ResourcesManager:      at android.os.Looper.loop(Looper.java:317)
10-16 11:20:17.423  3803  3803 W ResourcesManager:      at android.app.ActivityThread.main(ActivityThread.java:8592)
10-16 11:20:17.423  3803  3803 W ResourcesManager:      at java.lang.reflect.Method.invoke(Native Method)
10-16 11:20:17.423  3803  3803 W ResourcesManager:      at com.android.internal.os.RuntimeInit$MethodAndArgsCaller.run(RuntimeInit.java:580)
10-16 11:20:17.423  3803  3803 W ResourcesManager:      at com.android.internal.os.ZygoteInit.main(ZygoteInit.java:878)
10-16 11:20:17.423  1833  1833 I PackageWatchdog: Syncing health check requests for packages: {}
10-16 11:20:17.423  1833  1833 D ExplicitHealthCheckController: Getting health check supported packages
10-16 11:20:17.424  3803  3803 E id.ext.services: Invalid Idmap file: bad magic value (was 0x00000000, expected 0x504d4449)
10-16 11:20:17.424  3803  3803 E id.ext.services: failed to load IDMAP /data/resource-cache/data@resource-cache@android-com.drdisagree.colorblendr_dynamic_theme-nnHv.frro@idmap
10-16 11:20:17.424  3803  3803 W ResourcesManager: failed to add overlay path '/data/resource-cache/android-com.drdisagree.colorblendr_dynamic_theme-nnHv.frro'
10-16 11:20:17.424  3803  3803 W ResourcesManager: java.io.IOException: Failed to load asset path /data/resource-cache/data@resource-cache@android-com.drdisagree.colorblendr_dynamic_theme-nnHv.frro@idmap
10-16 11:20:17.424  3803  3803 W ResourcesManager:      at android.content.res.ApkAssets.nativeLoad(Native Method)
10-16 11:20:17.424  3803  3803 W ResourcesManager:      at android.content.res.ApkAssets.<init>(ApkAssets.java:303)
10-16 11:20:17.424  3803  3803 W ResourcesManager:      at android.content.res.ApkAssets.loadOverlayFromPath(ApkAssets.java:223)
10-16 11:20:17.424  3803  3803 W ResourcesManager:      at android.app.ResourcesManager.loadApkAssets(ResourcesManager.java:479)
10-16 11:20:17.424  3803  3803 W ResourcesManager:      at android.app.ResourcesManager.-$$Nest$mloadApkAssets(Unknown Source:0)
10-16 11:20:17.424  3803  3803 W ResourcesManager:      at android.app.ResourcesManager$ApkAssetsSupplier.load(ResourcesManager.java:174)
10-16 11:20:17.424  3803  3803 W ResourcesManager:      at android.app.ResourcesManager.createAssetManager(ResourcesManager.java:560)
10-16 11:20:17.424  3803  3803 W ResourcesManager:      at android.app.ResourcesManager.createResourcesImpl(ResourcesManager.java:647)
10-16 11:20:17.424  3803  3803 W ResourcesManager:      at android.app.ResourcesManager.findOrCreateResourcesImplForKeyLocked(ResourcesManager.java:699)
10-16 11:20:17.424  3803  3803 W ResourcesManager:      at android.app.ResourcesManager.createResources(ResourcesManager.java:1045)
10-16 11:20:17.424  3803  3803 W ResourcesManager:      at android.app.ResourcesManager.getResources(ResourcesManager.java:1148)
10-16 11:20:17.424  3803  3803 W ResourcesManager:      at android.app.LoadedApk.updateApplicationInfo(LoadedApk.java:382)
10-16 11:20:17.424  3803  3803 W ResourcesManager:      at android.app.ActivityThread.getPackageInfo(ActivityThread.java:2899)
10-16 11:20:17.424  3803  3803 W ResourcesManager:      at android.app.ActivityThread.getPackageInfo(ActivityThread.java:2866)
10-16 11:20:17.424  3803  3803 W ResourcesManager:      at android.app.ActivityThread.getPackageInfoNoCheck(ActivityThread.java:2846)
10-16 11:20:17.424  3803  3803 W ResourcesManager:      at android.app.ActivityThread.handleCreateService(ActivityThread.java:4870)
10-16 11:20:17.424  3803  3803 W ResourcesManager:      at android.app.ActivityThread.-$$Nest$mhandleCreateService(Unknown Source:0)
10-16 11:20:17.424  3803  3803 W ResourcesManager:      at android.app.ActivityThread$H.handleMessage(ActivityThread.java:2407)
10-16 11:20:17.424  3803  3803 W ResourcesManager:      at android.os.Handler.dispatchMessage(Handler.java:107)
10-16 11:20:17.424  3803  3803 W ResourcesManager:      at android.os.Looper.loopOnce(Looper.java:232)
10-16 11:20:17.424  3803  3803 W ResourcesManager:      at android.os.Looper.loop(Looper.java:317)
10-16 11:20:17.424  3803  3803 W ResourcesManager:      at android.app.ActivityThread.main(ActivityThread.java:8592)
10-16 11:20:17.424  3803  3803 W ResourcesManager:      at java.lang.reflect.Method.invoke(Native Method)
10-16 11:20:17.424  3803  3803 W ResourcesManager:      at com.android.internal.os.RuntimeInit$MethodAndArgsCaller.run(RuntimeInit.java:580)
10-16 11:20:17.424  3803  3803 W ResourcesManager:      at com.android.internal.os.ZygoteInit.main(ZygoteInit.java:878)
10-16 11:20:17.428  1833  3432 I ExplicitHealthCheckController: Explicit health check supported packages [PackageConfig{com.android.networkstack, 86400000}]
10-16 11:20:17.428  1833  3432 D PackageWatchdog: Received supported packages [PackageConfig{com.android.networkstack, 86400000}]
10-16 11:20:17.428  1833  3432 D ExplicitHealthCheckController: Getting health check requested packages
10-16 11:20:17.429  1833  3432 I ExplicitHealthCheckController: Explicit health check requested packages []
10-16 11:20:17.430  1833  3432 I ExplicitHealthCheckController: No more health check requests, unbinding...
10-16 11:20:17.430  1833  3432 I ExplicitHealthCheckController: Explicit health check service is unbound
10-16 11:20:17.432  3858  3858 I bootstat: Service started: /system/bin/bootstat --record_boot_complete --record_boot_reason --record_time_since_factory_reset -l
10-16 11:20:17.435  3858  3858 I bootstat: Unknown boot reason: reboot,reboot_reboot,recovery
10-16 11:20:17.444  3858  3858 W bootstat: LogBootEvents, atomInfo not defined for events:last_boot_time_utc,build_date,ro.boottime.init.cold_boot_wait,boot_reason,system_boot_reason,time_since_last_boot
10-16 11:20:17.444  3811  3811 E ree.colorblendr: Invalid Idmap file: bad magic value (was 0x00000000, expected 0x504d4449)
10-16 11:20:17.444  3811  3811 E ree.colorblendr: failed to load IDMAP /data/resource-cache/data@resource-cache@android-com.drdisagree.colorblendr_dynamic_theme-nnHv.frro@idmap
10-16 11:20:17.447  3811  3811 W ResourcesManager: failed to preload asset path '/data/resource-cache/android-com.drdisagree.colorblendr_dynamic_theme-nnHv.frro'
10-16 11:20:17.447  3811  3811 W ResourcesManager: java.io.IOException: Failed to load asset path /data/resource-cache/data@resource-cache@android-com.drdisagree.colorblendr_dynamic_theme-nnHv.frro@idmap
10-16 11:20:17.447  3811  3811 W ResourcesManager:      at android.content.res.ApkAssets.nativeLoad(Native Method)
10-16 11:20:17.447  3811  3811 W ResourcesManager:      at android.content.res.ApkAssets.<init>(ApkAssets.java:303)
10-16 11:20:17.447  3811  3811 W ResourcesManager:      at android.content.res.ApkAssets.loadOverlayFromPath(ApkAssets.java:223)
10-16 11:20:17.447  3811  3811 W ResourcesManager:      at android.app.ResourcesManager.loadApkAssets(ResourcesManager.java:479)
10-16 11:20:17.447  3811  3811 W ResourcesManager:      at android.app.ResourcesManager.-$$Nest$mloadApkAssets(Unknown Source:0)
10-16 11:20:17.447  3811  3811 W ResourcesManager:      at android.app.ResourcesManager$ApkAssetsSupplier.load(ResourcesManager.java:174)
10-16 11:20:17.447  3811  3811 W ResourcesManager:      at android.app.ResourcesManager.createApkAssetsSupplierNotLocked(ResourcesManager.java:1014)
10-16 11:20:17.447  3811  3811 W ResourcesManager:      at android.app.ResourcesManager.getResources(ResourcesManager.java:1135)
10-16 11:20:17.447  3811  3811 W ResourcesManager:      at android.app.LoadedApk.getResources(LoadedApk.java:1375)
10-16 11:20:17.447  3811  3811 W ResourcesManager:      at android.app.ContextImpl.createAppContext(ContextImpl.java:3336)
10-16 11:20:17.447  3811  3811 W ResourcesManager:      at android.app.ContextImpl.createAppContext(ContextImpl.java:3327)
10-16 11:20:17.447  3811  3811 W ResourcesManager:      at android.app.ActivityThread.handleBindApplication(ActivityThread.java:7277)
10-16 11:20:17.447  3811  3811 W ResourcesManager:      at android.app.ActivityThread.-$$Nest$mhandleBindApplication(Unknown Source:0)
10-16 11:20:17.447  3811  3811 W ResourcesManager:      at android.app.ActivityThread$H.handleMessage(ActivityThread.java:2379)
10-16 11:20:17.447  3811  3811 W ResourcesManager:      at android.os.Handler.dispatchMessage(Handler.java:107)
10-16 11:20:17.447  3811  3811 W ResourcesManager:      at android.os.Looper.loopOnce(Looper.java:232)
10-16 11:20:17.447  3811  3811 W ResourcesManager:      at android.os.Looper.loop(Looper.java:317)
10-16 11:20:17.447  3811  3811 W ResourcesManager:      at android.app.ActivityThread.main(ActivityThread.java:8592)
10-16 11:20:17.447  3811  3811 W ResourcesManager:      at java.lang.reflect.Method.invoke(Native Method)
10-16 11:20:17.447  3811  3811 W ResourcesManager:      at com.android.internal.os.RuntimeInit$MethodAndArgsCaller.run(RuntimeInit.java:580)
10-16 11:20:17.447  3811  3811 W ResourcesManager:      at com.android.internal.os.ZygoteInit.main(ZygoteInit.java:878)
10-16 11:20:17.448  3811  3811 E ree.colorblendr: Invalid Idmap file: bad magic value (was 0x00000000, expected 0x504d4449)
10-16 11:20:17.448  3811  3811 E ree.colorblendr: failed to load IDMAP /data/resource-cache/data@resource-cache@android-com.drdisagree.colorblendr_dynamic_theme-nnHv.frro@idmap
10-16 11:20:17.450  3811  3811 W ResourcesManager: failed to add overlay path '/data/resource-cache/android-com.drdisagree.colorblendr_dynamic_theme-nnHv.frro'
10-16 11:20:17.450  3811  3811 W ResourcesManager: java.io.IOException: Failed to load asset path /data/resource-cache/data@resource-cache@android-com.drdisagree.colorblendr_dynamic_theme-nnHv.frro@idmap
10-16 11:20:17.450  3811  3811 W ResourcesManager:      at android.content.res.ApkAssets.nativeLoad(Native Method)
10-16 11:20:17.450  3811  3811 W ResourcesManager:      at android.content.res.ApkAssets.<init>(ApkAssets.java:303)
10-16 11:20:17.450  3811  3811 W ResourcesManager:      at android.content.res.ApkAssets.loadOverlayFromPath(ApkAssets.java:223)
10-16 11:20:17.450  3811  3811 W ResourcesManager:      at android.app.ResourcesManager.loadApkAssets(ResourcesManager.java:479)
10-16 11:20:17.450  3811  3811 W ResourcesManager:      at android.app.ResourcesManager.-$$Nest$mloadApkAssets(Unknown Source:0)
10-16 11:20:17.450  3811  3811 W ResourcesManager:      at android.app.ResourcesManager$ApkAssetsSupplier.load(ResourcesManager.java:174)
10-16 11:20:17.450  3811  3811 W ResourcesManager:      at android.app.ResourcesManager.createAssetManager(ResourcesManager.java:560)
10-16 11:20:17.450  3811  3811 W ResourcesManager:      at android.app.ResourcesManager.createResourcesImpl(ResourcesManager.java:647)
10-16 11:20:17.450  3811  3811 W ResourcesManager:      at android.app.ResourcesManager.findOrCreateResourcesImplForKeyLocked(ResourcesManager.java:699)
10-16 11:20:17.450  3811  3811 W ResourcesManager:      at android.app.ResourcesManager.createResources(ResourcesManager.java:1045)
10-16 11:20:17.450  3811  3811 W ResourcesManager:      at android.app.ResourcesManager.getResources(ResourcesManager.java:1148)
10-16 11:20:17.450  3811  3811 W ResourcesManager:      at android.app.LoadedApk.getResources(LoadedApk.java:1375)
10-16 11:20:17.450  3811  3811 W ResourcesManager:      at android.app.ContextImpl.createAppContext(ContextImpl.java:3336)
10-16 11:20:17.450  3811  3811 W ResourcesManager:      at android.app.ContextImpl.createAppContext(ContextImpl.java:3327)
10-16 11:20:17.450  3811  3811 W ResourcesManager:      at android.app.ActivityThread.handleBindApplication(ActivityThread.java:7277)
10-16 11:20:17.450  3811  3811 W ResourcesManager:      at android.app.ActivityThread.-$$Nest$mhandleBindApplication(Unknown Source:0)
10-16 11:20:17.450  3811  3811 W ResourcesManager:      at android.app.ActivityThread$H.handleMessage(ActivityThread.java:2379)
10-16 11:20:17.450  3811  3811 W ResourcesManager:      at android.os.Handler.dispatchMessage(Handler.java:107)
10-16 11:20:17.450  3811  3811 W ResourcesManager:      at android.os.Looper.loopOnce(Looper.java:232)
10-16 11:20:17.450  3811  3811 W ResourcesManager:      at android.os.Looper.loop(Looper.java:317)
10-16 11:20:17.450  3811  3811 W ResourcesManager:      at android.app.ActivityThread.main(ActivityThread.java:8592)
10-16 11:20:17.450  3811  3811 W ResourcesManager:      at java.lang.reflect.Method.invoke(Native Method)
10-16 11:20:17.450  3811  3811 W ResourcesManager:      at com.android.internal.os.RuntimeInit$MethodAndArgsCaller.run(RuntimeInit.java:580)
10-16 11:20:17.450  3811  3811 W ResourcesManager:      at com.android.internal.os.ZygoteInit.main(ZygoteInit.java:878)
10-16 11:20:17.449     0     0 W         : [+] KP I commit_su: pid: 3866, tgid: 3866, to_uid: 0, sctx: u:r:magisk:s0, via_hook: 0
10-16 11:20:17.449     0     0 W         : [+] KP I handle_before_execve: call apd uid: 0, to_uid: 0, sctx: u:r:magisk:s0, cplen: 14, 0
10-16 11:20:17.458  3811  3811 W ContextImpl: Failed to ensure /data/user/0/com.drdisagree.colorblendr/cache: mkdir failed: errno 126 (Required key not available)
10-16 11:20:17.458  3811  3811 W ContextImpl: Failed to update user.inode_cache: stat failed: ENOENT (No such file or directory)
10-16 11:20:17.460  3811  3811 V GraphicsEnvironment: Currently set values for:
10-16 11:20:17.460  3811  3811 V GraphicsEnvironment:   angle_gl_driver_selection_pkgs=[]
10-16 11:20:17.460  3811  3811 V GraphicsEnvironment:   angle_gl_driver_selection_values=[]
10-16 11:20:17.460  3811  3811 V GraphicsEnvironment: Global.Settings values are invalid: number of packages: 0, number of values: 0
10-16 11:20:17.460  3811  3811 V GraphicsEnvironment: Neither updatable production driver nor prerelease driver is supported.
10-16 11:20:17.493  3811  3811 D BroadcastListener: Received intent: android.intent.action.LOCKED_BOOT_COMPLETED
10-16 11:20:17.494     0     0 I logd    : logdr: UID=0 GID=0 PID=3877 b tail=0 logMask=99 pid=0 start=0ns deadline=0ns
10-16 11:20:17.500   725   729 I libperfmgr: NodeLooperThread started
10-16 11:20:17.522   640   640 I lowmemorykiller: lmkd data connection established
10-16 11:20:17.524   640   640 I lowmemorykiller: Using psi monitors for memory pressure detection
10-16 11:20:17.524   640   640 I lowmemorykiller: Properties reinitilized
10-16 11:20:17.525  3892  3892 I lowmemorykiller: lmkd updated properties successfully
10-16 11:20:17.524     0     0 I logd    : logdr: UID=0 GID=0 PID=3881 b tail=0 logMask=99 pid=0 start=0ns deadline=0ns
10-16 11:20:17.525     0     0 I logd    : logdr: UID=0 GID=0 PID=3871 b tail=0 logMask=99 pid=0 start=0ns deadline=0ns
10-16 11:20:17.525   640   640 I lowmemorykiller: lmkd data connection dropped
10-16 11:20:17.525   640   640 I lowmemorykiller: closing lmkd data connection
10-16 11:20:17.566  1833  3020 D CompatibilityChangeReporter: Compat change id reported: 265195908; UID 10283; state: ENABLED
10-16 11:20:17.570  1833  3020 D CompatibilityChangeReporter: Compat change id reported: 265195908; UID 10191; state: ENABLED
10-16 11:20:17.598  3509  3509 D QCNEJ/CneAppReceiver: ACTION_LOCKED_BOOT_COMPLETED or ACTION_BOOT_COMPLETED received
10-16 11:20:17.598  3509  3509 D QCNEJ/CneAppReceiver: START CneApp
10-16 11:20:17.600  1833  3751 W StorageManagerService: No primary storage defined yet; hacking together a stub
10-16 11:20:17.605  3506  3506 D nativeloader: Configuring clns-shared-6 for other apk /system_ext/framework/qti-telephony-utils.jar. target_sdk_version=33, uses_libraries=ALL, library_path=/system_ext/priv-app/qcrilmsgtunnel/lib/arm64:/system/lib64:/system_ext/lib64, permitted_path=/data:/mnt/expand:/data/user/0/com.qualcomm.qcrilmsgtunnel:/system_ext/priv-app/qcrilmsgtunnel:/system/lib64:/system_ext/lib64
10-16 11:20:17.608  3509  3509 D QCNEJ/CneAppReceiver: CneApp Started Successfully
10-16 11:20:17.610     0     0 I binder  : 3490:3490 ioctl 40046210 7fc4516c34 returned -22
10-16 11:20:17.609  3509  3509 W QCNEJ/CneApp: CneApp created
10-16 11:20:17.609  3509  3509 I QCNEJ/NativeHalConnector: NativeHalConnector()
10-16 11:20:17.611  1833  2972 D GrammaticalInflection: The flag must be enabled to allow calling the API.
10-16 11:20:17.612  3490  3490 I HidlServiceManagement: Registered vendor.qti.hardware.cacert@1.0::IService/default
10-16 11:20:17.612  3490  3490 I android_os_HwBinder: HwBinder: Starting thread pool for default
10-16 11:20:17.612  1833  2972 D CompatibilityChangeReporter: Compat change id reported: 135634846; UID 10150; state: DISABLED
10-16 11:20:17.613     0     0 I devfreq-qcom-fw 18590000.qcom,devfreq-l3: qcom,cdsp-cdsp-l3-lat: Successfully started CDSP L3 governor
10-16 11:20:17.614  1833  2972 D CompatibilityChangeReporter: Compat change id reported: 177438394; UID 10150; state: DISABLED
10-16 11:20:17.614  1833  2972 D CompatibilityChangeReporter: Compat change id reported: 135772972; UID 10150; state: DISABLED
10-16 11:20:17.614  1833  2972 D CompatibilityChangeReporter: Compat change id reported: 135754954; UID 10150; state: ENABLED
10-16 11:20:17.615  1833  2973 D CompatibilityChangeReporter: Compat change id reported: 143937733; UID 10150; state: ENABLED
10-16 11:20:17.615  1833  3432 W ActivityManager: Unable to start service Intent { cmp=com.drdisagree.colorblendr/.service.AutoStartService } U=0: not found
10-16 11:20:17.619  1833  3020 D CompatibilityChangeReporter: Compat change id reported: 265195908; UID 10150; state: ENABLED
10-16 11:20:17.620  1247  1247 D Zygote  : Forked child process 3911
10-16 11:20:17.621  1833  2973 I ActivityManager: Start proc 3911:com.android.deskclock/u0a150 for broadcast {com.android.deskclock/com.android.deskclock.AlarmInitReceiver}
10-16 11:20:17.632  3506  3506 W com.qti.phone: ClassLoaderContext shared library size mismatch. Expected=0, found=2 (PCL[] | PCL[]{PCL[/system_ext/framework/qti-telephony-utils.jar*2748329654]#PCL[/system_ext/framework/qti-telephony-hidl-wrapper.jar*670678078]})
10-16 11:20:17.634  3506  3506 D nativeloader: Configuring clns-shared-7 for other apk /system_ext/framework/qcrilhook.jar. target_sdk_version=33, uses_libraries=ALL, library_path=/system_ext/priv-app/qcrilmsgtunnel/lib/arm64:/system/lib64:/system_ext/lib64, permitted_path=/data:/mnt/expand:/data/user/0/com.qualcomm.qcrilmsgtunnel:/system_ext/priv-app/qcrilmsgtunnel:/system/lib64:/system_ext/lib64
10-16 11:20:17.636  3517  3645 I m.android.phone: Background concurrent copying GC freed 38MB AllocSpace bytes, 0(0B) LOS objects, 75% free, 12MB/51MB, paused 51us,54us total 140.464ms
10-16 11:20:17.637  3911  3911 I droid.deskclock: Using CollectorTypeCC GC.
10-16 11:20:17.641     0     0 I binder  : 3911:3911 ioctl 40046210 7fc4516264 returned -22
10-16 11:20:17.639  3506  3506 D nativeloader: Configuring clns-shared-8 for other apk /system/framework/org.apache.http.legacy.jar. target_sdk_version=33, uses_libraries=ALL, library_path=/system_ext/priv-app/qcrilmsgtunnel/lib/arm64:/system/lib64:/system_ext/lib64, permitted_path=/data:/mnt/expand:/data/user/0/com.qualcomm.qcrilmsgtunnel:/system_ext/priv-app/qcrilmsgtunnel:/system/lib64:/system_ext/lib64
10-16 11:20:17.640  3911  3911 E droid.deskclock: Not starting debugger since process cannot load the jdwp agent.
10-16 11:20:17.641  1833  3432 D GrammaticalInflection: The flag must be enabled to allow calling the API.
10-16 11:20:17.647  3911  3911 D nativeloader: Load libframework-connectivity-tiramisu-jni.so using APEX ns com_android_tethering for caller /apex/com.android.tethering/javalib/framework-connectivity-t.jar: ok
10-16 11:20:17.650  1833  3432 D CompatibilityChangeReporter: Compat change id reported: 135634846; UID 10137; state: DISABLED
10-16 11:20:17.650  1833  3432 D CompatibilityChangeReporter: Compat change id reported: 177438394; UID 10137; state: DISABLED
10-16 11:20:17.650  1833  3432 D CompatibilityChangeReporter: Compat change id reported: 135772972; UID 10137; state: DISABLED
10-16 11:20:17.650  3506  3506 D nativeloader: Configuring clns-shared-9 for other apk /system_ext/priv-app/qcrilmsgtunnel/qcrilmsgtunnel.apk. target_sdk_version=33, uses_libraries=, library_path=/system_ext/priv-app/qcrilmsgtunnel/lib/arm64:/system/lib64:/system_ext/lib64, permitted_path=/data:/mnt/expand:/data/user/0/com.qualcomm.qcrilmsgtunnel:/system_ext/priv-app/qcrilmsgtunnel:/system/lib64:/system_ext/lib64
10-16 11:20:17.650  1833  3432 D CompatibilityChangeReporter: Compat change id reported: 135754954; UID 10137; state: ENABLED
10-16 11:20:17.652  1833  2973 D CompatibilityChangeReporter: Compat change id reported: 143937733; UID 10137; state: ENABLED
10-16 11:20:17.652  3506  3506 E com.qti.phone: Invalid Idmap file: bad magic value (was 0x00000000, expected 0x504d4449)
10-16 11:20:17.652  3506  3506 E com.qti.phone: failed to load IDMAP /data/resource-cache/data@resource-cache@android-com.drdisagree.colorblendr_dynamic_theme-nnHv.frro@idmap
10-16 11:20:17.653  3506  3506 W ResourcesManager: failed to preload asset path '/data/resource-cache/android-com.drdisagree.colorblendr_dynamic_theme-nnHv.frro'
10-16 11:20:17.653  3506  3506 W ResourcesManager: java.io.IOException: Failed to load asset path /data/resource-cache/data@resource-cache@android-com.drdisagree.colorblendr_dynamic_theme-nnHv.frro@idmap
10-16 11:20:17.653  3506  3506 W ResourcesManager:      at android.content.res.ApkAssets.nativeLoad(Native Method)
10-16 11:20:17.653  3506  3506 W ResourcesManager:      at android.content.res.ApkAssets.<init>(ApkAssets.java:303)
10-16 11:20:17.653  3506  3506 W ResourcesManager:      at android.content.res.ApkAssets.loadOverlayFromPath(ApkAssets.java:223)
10-16 11:20:17.653  3506  3506 W ResourcesManager:      at android.app.ResourcesManager.loadApkAssets(ResourcesManager.java:479)
10-16 11:20:17.653  3506  3506 W ResourcesManager:      at android.app.ResourcesManager.-$$Nest$mloadApkAssets(Unknown Source:0)
10-16 11:20:17.653  3506  3506 W ResourcesManager:      at android.app.ResourcesManager$ApkAssetsSupplier.load(ResourcesManager.java:174)
10-16 11:20:17.653  3506  3506 W ResourcesManager:      at android.app.ResourcesManager.createApkAssetsSupplierNotLocked(ResourcesManager.java:1014)
10-16 11:20:17.653  3506  3506 W ResourcesManager:      at android.app.ResourcesManager.getResources(ResourcesManager.java:1135)
10-16 11:20:17.653  3506  3506 W ResourcesManager:      at android.app.LoadedApk.getResources(LoadedApk.java:1375)
10-16 11:20:17.653  3506  3506 W ResourcesManager:      at android.app.LoadedApk.getAssets(LoadedApk.java:1357)
10-16 11:20:17.653  3506  3506 W ResourcesManager:      at android.app.LoadedApk.makeApplicationInner(LoadedApk.java:1452)
10-16 11:20:17.653  3506  3506 W ResourcesManager:      at android.app.LoadedApk.makeApplicationInner(LoadedApk.java:1399)
10-16 11:20:17.653  3506  3506 W ResourcesManager:      at android.app.ActivityThread.handleReceiver(ActivityThread.java:4670)
10-16 11:20:17.653  3506  3506 W ResourcesManager:      at android.app.ActivityThread.-$$Nest$mhandleReceiver(Unknown Source:0)
10-16 11:20:17.653  3506  3506 W ResourcesManager:      at android.app.ActivityThread$H.handleMessage(ActivityThread.java:2399)
10-16 11:20:17.653  3506  3506 W ResourcesManager:      at android.os.Handler.dispatchMessage(Handler.java:107)
10-16 11:20:17.653  3506  3506 W ResourcesManager:      at android.os.Looper.loopOnce(Looper.java:232)
10-16 11:20:17.653  3506  3506 W ResourcesManager:      at android.os.Looper.loop(Looper.java:317)
10-16 11:20:17.653  3506  3506 W ResourcesManager:      at android.app.ActivityThread.main(ActivityThread.java:8592)
10-16 11:20:17.653  3506  3506 W ResourcesManager:      at java.lang.reflect.Method.invoke(Native Method)
10-16 11:20:17.653  3506  3506 W ResourcesManager:      at com.android.internal.os.RuntimeInit$MethodAndArgsCaller.run(RuntimeInit.java:580)
10-16 11:20:17.653  3506  3506 W ResourcesManager:      at com.android.internal.os.ZygoteInit.main(ZygoteInit.java:878)
10-16 11:20:17.653  3506  3506 E com.qti.phone: Invalid Idmap file: bad magic value (was 0x00000000, expected 0x504d4449)
10-16 11:20:17.653  3506  3506 E com.qti.phone: failed to load IDMAP /data/resource-cache/data@resource-cache@android-com.drdisagree.colorblendr_dynamic_theme-nnHv.frro@idmap
10-16 11:20:17.654  3506  3506 W ResourcesManager: failed to add overlay path '/data/resource-cache/android-com.drdisagree.colorblendr_dynamic_theme-nnHv.frro'
10-16 11:20:17.654  3506  3506 W ResourcesManager: java.io.IOException: Failed to load asset path /data/resource-cache/data@resource-cache@android-com.drdisagree.colorblendr_dynamic_theme-nnHv.frro@idmap
10-16 11:20:17.654  3506  3506 W ResourcesManager:      at android.content.res.ApkAssets.nativeLoad(Native Method)
10-16 11:20:17.654  3506  3506 W ResourcesManager:      at android.content.res.ApkAssets.<init>(ApkAssets.java:303)
10-16 11:20:17.654  3506  3506 W ResourcesManager:      at android.content.res.ApkAssets.loadOverlayFromPath(ApkAssets.java:223)
10-16 11:20:17.654  3506  3506 W ResourcesManager:      at android.app.ResourcesManager.loadApkAssets(ResourcesManager.java:479)
10-16 11:20:17.654  3506  3506 W ResourcesManager:      at android.app.ResourcesManager.-$$Nest$mloadApkAssets(Unknown Source:0)
10-16 11:20:17.654  3506  3506 W ResourcesManager:      at android.app.ResourcesManager$ApkAssetsSupplier.load(ResourcesManager.java:174)
10-16 11:20:17.654  3506  3506 W ResourcesManager:      at android.app.ResourcesManager.createAssetManager(ResourcesManager.java:560)
10-16 11:20:17.654  3506  3506 W ResourcesManager:      at android.app.ResourcesManager.createResourcesImpl(ResourcesManager.java:647)
10-16 11:20:17.654  3506  3506 W ResourcesManager:      at android.app.ResourcesManager.findOrCreateResourcesImplForKeyLocked(ResourcesManager.java:699)
10-16 11:20:17.654  3506  3506 W ResourcesManager:      at android.app.ResourcesManager.createResources(ResourcesManager.java:1045)
10-16 11:20:17.654  3506  3506 W ResourcesManager:      at android.app.ResourcesManager.getResources(ResourcesManager.java:1148)
10-16 11:20:17.654  3506  3506 W ResourcesManager:      at android.app.LoadedApk.getResources(LoadedApk.java:1375)
10-16 11:20:17.654  3506  3506 W ResourcesManager:      at android.app.LoadedApk.getAssets(LoadedApk.java:1357)
10-16 11:20:17.654  3506  3506 W ResourcesManager:      at android.app.LoadedApk.makeApplicationInner(LoadedApk.java:1452)
10-16 11:20:17.654  3506  3506 W ResourcesManager:      at android.app.LoadedApk.makeApplicationInner(LoadedApk.java:1399)
10-16 11:20:17.654  3506  3506 W ResourcesManager:      at android.app.ActivityThread.handleReceiver(ActivityThread.java:4670)
10-16 11:20:17.654  3506  3506 W ResourcesManager:      at android.app.ActivityThread.-$$Nest$mhandleReceiver(Unknown Source:0)
10-16 11:20:17.654  3506  3506 W ResourcesManager:      at android.app.ActivityThread$H.handleMessage(ActivityThread.java:2399)
10-16 11:20:17.654  3506  3506 W ResourcesManager:      at android.os.Handler.dispatchMessage(Handler.java:107)
10-16 11:20:17.654  3506  3506 W ResourcesManager:      at android.os.Looper.loopOnce(Looper.java:232)
10-16 11:20:17.654  3506  3506 W ResourcesManager:      at android.os.Looper.loop(Looper.java:317)
10-16 11:20:17.654  3506  3506 W ResourcesManager:      at android.app.ActivityThread.main(ActivityThread.java:8592)
10-16 11:20:17.654  3506  3506 W ResourcesManager:      at java.lang.reflect.Method.invoke(Native Method)
10-16 11:20:17.654  3506  3506 W ResourcesManager:      at com.android.internal.os.RuntimeInit$MethodAndArgsCaller.run(RuntimeInit.java:580)
10-16 11:20:17.654  3506  3506 W ResourcesManager:      at com.android.internal.os.ZygoteInit.main(ZygoteInit.java:878)
10-16 11:20:17.654     0     0 W logd    : Skipping entries from slow reader, pid 3871, fd 18, from LogBuffer::Prune()
10-16 11:20:17.654     0     0 W logd    : Skipping entries from slow reader, pid 3881, fd 17, from LogBuffer::Prune()
10-16 11:20:17.654     0     0 W logd    : Skipping entries from slow reader, pid 3877, fd 14, from LogBuffer::Prune()
10-16 11:20:17.654     0     0 W logd    : Skipping entries from slow reader, pid 3871, fd 18, from LogBuffer::Prune()
10-16 11:20:17.654     0     0 W logd    : Skipping entries from slow reader, pid 3881, fd 17, from LogBuffer::Prune()
10-16 11:20:17.654     0     0 W logd    : Skipping entries from slow reader, pid 3877, fd 14, from LogBuffer::Prune()
10-16 11:20:17.658  1247  1247 D Zygote  : Forked child process 3932
10-16 11:20:17.658  3490  3490 D nativeloader: Load libjnihelper.so using ns vendor-clns-4 from class loader (caller=<unknown>): ok
10-16 11:20:17.659  1833  3293 D CompatibilityChangeReporter: Compat change id reported: 168419799; UID 10150; state: DISABLED
10-16 11:20:17.659  1833  3293 D CompatibilityChangeReporter: Compat change id reported: 273564678; UID 10150; state: DISABLED
10-16 11:20:17.661  3251  3623 D BufferPoolAccessor2.0: bufferpool2 0xb400007430ef5448 : 0(0 size) total buffers - 0(0 size) used buffers - 1/7 (recycle/alloc) - 6/18 (fetch/transfer)
10-16 11:20:17.661  3251  3623 D BufferPoolAccessor2.0: bufferpool2 0xb400007430efb0c8 : 0(0 size) total buffers - 0(0 size) used buffers - 2/7 (recycle/alloc) - 5/36 (fetch/transfer)
10-16 11:20:17.661  3251  3623 D BufferPoolAccessor2.0: evictor expired: 2, evicted: 2
10-16 11:20:17.662  3911  3911 D CompatibilityChangeReporter: Compat change id reported: 171979766; UID 10150; state: ENABLED
10-16 11:20:17.662  1833  3703 D ConnectivityService: requestNetwork for uid/pid:10122/3509 activeRequest: null callbackRequest: 72 [NetworkRequest [ REQUEST id=73, [ Capabilities: INTERNET&NOT_RESTRICTED&TRUSTED&NOT_VCN_MANAGED Uid: 10122 RequestorUid: 10122 RequestorPkg: com.qualcomm.qti.cne UnderlyingNetworks: Null] ]] callback flags: 0 order: 2147483647
10-16 11:20:17.663  1833  3149 D ConnectivityService: NetReassign [no changes] [c 0] [a 0] [i 0]
10-16 11:20:17.664  3911  3911 D CompatibilityChangeReporter: Compat change id reported: 242716250; UID 10150; state: ENABLED
10-16 11:20:17.664  1833  2973 I ActivityManager: Start proc 3932:com.google.android.gms/u0a137 for service {com.google.android.gms/com.google.android.gms.chimera.GmsIntentOperationService}
10-16 11:20:17.665  3506  3506 D QcrilMsgTunnelAutoboot: ComponentInfo{com.qualcomm.qcrilmsgtunnel/com.qualcomm.qcrilmsgtunnel.QcrilMsgTunnelService} started successfully
10-16 11:20:17.665  1833  3149 D ConnectivityService: NetReassign [no changes] [c 0] [a 0] [i 0]
10-16 11:20:17.666  3506  3506 D QcrilMsgTunnelService: onCreate method
10-16 11:20:17.666  1833  3456 D CompatibilityChangeReporter: Compat change id reported: 170503758; UID 10150; state: ENABLED
10-16 11:20:17.668  1833  3456 D CompatibilityChangeReporter: Compat change id reported: 161145287; UID 10122; state: DISABLED
10-16 11:20:17.669  3506  3506 D QcrilMsgTunnelIfaceManager: :Instantiated
10-16 11:20:17.669  3506  3506 I QcrilOemhookMsgTunnel: [null]Starting QcrilOemhookMsgTunnel
10-16 11:20:17.669  3509  3509 I QCNEJ/NativeHalServerCallback: Listen for cmdId: 7
10-16 11:20:17.672     0     0 I servicemanager: Could not find vendor.qti.hardware.radio.qcrilhook.IQtiOemHook/oemhook0 in the VINTF manifest. No alternative instances declared in VINTF.
10-16 11:20:17.673     0     0 I binder  : 3506:3506 ioctl 40046210 7fc4516ba4 returned -22
10-16 11:20:17.672  1833  3149 D ConnectivityService: NetReassign [no changes] [c 0] [a 0] [i 0]
10-16 11:20:17.672  3506  3506 D QcrilOemhookMsgTunnel: isAidlAvailable: osVersion= 202404 prodVersion= 29
10-16 11:20:17.672  3506  3506 I QcrilOemhookMsgTunnel: [0]Initializing QtiOemHook HIDL
10-16 11:20:17.676  3509  3509 D QCNEJ/DataCallAgent: phoneCount: 2
10-16 11:20:17.677  3509  3509 D QCNEJ/DataCallAgent: subs for 0th slot: [-1]
10-16 11:20:17.677  3509  3509 D QCNEJ/DataCallAgent: subs for 1th slot: [-1]
10-16 11:20:17.678  3509  3509 I QCNEJ/NativeHalServerCallback: Listen for cmdId: 5
10-16 11:20:17.678  3509  3509 I QCNEJ/NativeHalServerCallback: Listen for cmdId: 6
10-16 11:20:17.678  3509  3509 I QCNEJ/NativeHalServerCallback: Listen for cmdId: 3
10-16 11:20:17.680  3506  3506 I android_os_HwBinder: HwBinder: Starting thread pool for getting: vendor.qti.hardware.radio.qcrilhook@1.0::IQtiOemHook/oemhook0
10-16 11:20:17.683  3506  3506 I QcrilOemhookMsgTunnel: [0]initOemHook:setCallback vendor.qti.hardware.radio.qcrilhook@1.0::IQtiOemHookResponse@Stub vendor.qti.hardware.radio.qcrilhook@1.0::IQtiOemHookIndication@Stub
10-16 11:20:17.683  3509  3509 I QCNEJ/NativeHalServerCallback: Listen for cmdId: 4
10-16 11:20:17.683  3509  3509 I QCNEJ/NativeHalServerCallback: Listen for cmdId: 1
10-16 11:20:17.683  3509  3509 I QCNEJ/NativeHalServerCallback: Listen for cmdId: 2
10-16 11:20:17.683  3932  3932 I gle.android.gms: Using CollectorTypeCC GC.
10-16 11:20:17.684  3509  3909 I QCNEJ/NativeHalConnector: handling GET_SERVICE in ServiceFetcher
10-16 11:20:17.686  3932  3932 E gle.android.gms: Not starting debugger since process cannot load the jdwp agent.
10-16 11:20:17.686     0     0 I binder  : 3932:3932 ioctl 40046210 7fc4516264 returned -22
10-16 11:20:17.676  3819  3819 W init.qcom.post_: type=1400 audit(0.0:23): avc:  denied  { write } for  name="page-cluster" dev="proc" ino=13183 scontext=u:r:vendor_qti_init_shell:s0 tcontext=u:object_r:proc_page_cluster:s0 tclass=file permissive=0
10-16 11:20:17.687  3509  3909 I android_os_HwBinder: HwBinder: Starting thread pool for getting: vendor.qti.data.factory@2.0::IFactory/default
10-16 11:20:17.688  3509  3909 V QCNEJ/NativeHalConnector: IServiceNotification.onRegistration
10-16 11:20:17.688  3509  3913 I QCNEJ/NativeHalConnector: handling CND_SERVER_UP
10-16 11:20:17.689  3509  3913 I QCNEJ/NativeHalConnector: createCneIService success mCnd=vendor.qti.hardware.data.cne.internal.server@1.0::ICneService@Proxy
10-16 11:20:17.689  3509  3913 D QCNEJ/NativeHalConnector: Connected to service SUCC
10-16 11:20:17.689  3509  3913 I QCNEJ/InfoRelay: Native connection is up, restore information
10-16 11:20:17.689  3509  3913 I QCNEJ/InfoRelay: Native connection is up, restore information
10-16 11:20:17.696  3506  3506 I android_os_HwBinder: HwBinder: Starting thread pool for getting: android.hidl.manager@1.0::IServiceManager/default
10-16 11:20:17.697  3509  3913 I QCNEJ/InfoRelay: Native connection is up, restore information
10-16 11:20:17.697  3509  3913 I QCNEJ/NativeHalConnector: -> SND notifyWifiP2pStateChanged(0)
10-16 11:20:17.697  3509  3913 I QCNEJ/InfoRelay: Native connection is up, restore information
10-16 11:20:17.697  3509  3913 I QCNEJ/NativeHalConnector: -> SND notifyWifiApStateChanged(0, 0)
10-16 11:20:17.697  3509  3913 E QCNEJ/NativeHalConnector: Failed to parse input for notifyWifiApStateChanged:java.lang.IllegalArgumentException: WIFI_AP_STATE is out of bounds: 0
10-16 11:20:17.697  3509  3913 I QCNEJ/InfoRelay: Native connection is up, restore information
10-16 11:20:17.698  3506  3506 I QcrilOemhookMsgTunnel: [0]registerForServiceNotifications: ret=true
10-16 11:20:17.698  3509  3913 D QCNEJ/RssiOffloadAgent: Get override settingfailed with exception android.provider.Settings$SettingNotFoundException: ims_profile_override
10-16 11:20:17.698  3509  3913 D QCNEJ/NativeHalConnector: -> SND notifyIMSProfileOverrideSettingChanged(0)
10-16 11:20:17.699  3932  3932 D nativeloader: Load libframework-connectivity-tiramisu-jni.so using APEX ns com_android_tethering for caller /apex/com.android.tethering/javalib/framework-connectivity-t.jar: ok
10-16 11:20:17.702  3911  3911 D nativeloader: InitLlndkLibrariesProduct: libEGL.so:libGLESv1_CM.so:libGLESv2.so:libGLESv3.so:libRS.so:libandroid_net.so:libapexsupport.so:libbinder_ndk.so:libc.so:libcgrouprc.so:libclang_rt.asan-aarch64-android.so:libclang_rt.asan-arm-android.so:libclang_rt.hwasan-aarch64-android.so:libcom.android.tethering.connectivity_native.so:libdl.so:libft2.so:liblog.so:libm.so:libmediandk.so:libnativewindow.so:libneuralnetworks.so:libselinux.so:libsync.so:libvendorsupport.so:libvndksupport.so:libvulkan.so
10-16 11:20:17.703  1833  3456 D CompatibilityChangeReporter: Compat change id reported: 168419799; UID 10137; state: DISABLED
10-16 11:20:17.703  3911  3911 D nativeloader: Configuring product-clns-4 for unbundled product apk /product/app/DeskClock/DeskClock.apk. target_sdk_version=34, uses_libraries=, library_path=/product/app/DeskClock/lib/arm64:/product/lib64:/system/product/lib64, permitted_path=/data:/mnt/expand:/data/user/0/com.android.deskclock:/product/lib64:/system/product/lib64
10-16 11:20:17.703  1833  3456 D CompatibilityChangeReporter: Compat change id reported: 273564678; UID 10137; state: DISABLED
10-16 11:20:17.704  3911  3911 D nativeloader: InitVndkspLibrariesProduct: VNDK is deprecated with product
10-16 11:20:17.709  3932  3932 D CompatibilityChangeReporter: Compat change id reported: 171979766; UID 10137; state: ENABLED
10-16 11:20:17.709  3932  3932 D CompatibilityChangeReporter: Compat change id reported: 242716250; UID 10137; state: ENABLED
10-16 11:20:17.711  1833  3456 D CompatibilityChangeReporter: Compat change id reported: 170503758; UID 10137; state: ENABLED
10-16 11:20:17.712  3911  3911 E droid.deskclock: Invalid Idmap file: bad magic value (was 0x00000000, expected 0x504d4449)
10-16 11:20:17.712  3911  3911 E droid.deskclock: failed to load IDMAP /data/resource-cache/data@resource-cache@android-com.drdisagree.colorblendr_dynamic_theme-nnHv.frro@idmap
10-16 11:20:17.713  3911  3911 W ResourcesManager: failed to preload asset path '/data/resource-cache/android-com.drdisagree.colorblendr_dynamic_theme-nnHv.frro'
10-16 11:20:17.713  3911  3911 W ResourcesManager: java.io.IOException: Failed to load asset path /data/resource-cache/data@resource-cache@android-com.drdisagree.colorblendr_dynamic_theme-nnHv.frro@idmap
10-16 11:20:17.713  3911  3911 W ResourcesManager:      at android.content.res.ApkAssets.nativeLoad(Native Method)
10-16 11:20:17.713  3911  3911 W ResourcesManager:      at android.content.res.ApkAssets.<init>(ApkAssets.java:303)
