10-16 11:20:17.890  3975  3975 W ResourcesManager: java.io.IOException: Failed to load asset path /data/resource-cache/data@resource-cache@android-com.drdisagree.colorblendr_dynamic_theme-nnHv.frro@idmap
10-16 11:20:17.890  3975  3975 W ResourcesManager:      at android.content.res.ApkAssets.nativeLoad(Native Method)
10-16 11:20:17.890  3975  3975 W ResourcesManager:      at android.content.res.ApkAssets.<init>(ApkAssets.java:303)
10-16 11:20:17.890  3975  3975 W ResourcesManager:      at android.content.res.ApkAssets.loadOverlayFromPath(ApkAssets.java:223)
10-16 11:20:17.890  3975  3975 W ResourcesManager:      at android.app.ResourcesManager.loadApkAssets(ResourcesManager.java:479)
10-16 11:20:17.890  3975  3975 W ResourcesManager:      at android.app.ResourcesManager.-$$Nest$mloadApkAssets(Unknown Source:0)
10-16 11:20:17.890  3975  3975 W ResourcesManager:      at android.app.ResourcesManager$ApkAssetsSupplier.load(ResourcesManager.java:174)
10-16 11:20:17.890  3975  3975 W ResourcesManager:      at android.app.ResourcesManager.createAssetManager(ResourcesManager.java:560)
10-16 11:20:17.890  3975  3975 W ResourcesManager:      at android.app.ResourcesManager.createResourcesImpl(ResourcesManager.java:647)
10-16 11:20:17.890  3975  3975 W ResourcesManager:      at android.app.ResourcesManager.findOrCreateResourcesImplForKeyLocked(ResourcesManager.java:699)
10-16 11:20:17.890  3975  3975 W ResourcesManager:      at android.app.ResourcesManager.createResources(ResourcesManager.java:1045)
10-16 11:20:17.890  3975  3975 W ResourcesManager:      at android.app.ResourcesManager.getResources(ResourcesManager.java:1148)
10-16 11:20:17.890  3975  3975 W ResourcesManager:      at android.app.LoadedApk.getResources(LoadedApk.java:1375)
10-16 11:20:17.890  3975  3975 W ResourcesManager:      at android.app.ContextImpl.createAppContext(ContextImpl.java:3336)
10-16 11:20:17.890  3975  3975 W ResourcesManager:      at android.app.ContextImpl.createAppContext(ContextImpl.java:3327)
10-16 11:20:17.890  3975  3975 W ResourcesManager:      at android.app.ActivityThread.handleBindApplication(ActivityThread.java:7277)
10-16 11:20:17.890  3975  3975 W ResourcesManager:      at android.app.ActivityThread.-$$Nest$mhandleBindApplication(Unknown Source:0)
10-16 11:20:17.890  3975  3975 W ResourcesManager:      at android.app.ActivityThread$H.handleMessage(ActivityThread.java:2379)
10-16 11:20:17.890  3975  3975 W ResourcesManager:      at android.os.Handler.dispatchMessage(Handler.java:107)
10-16 11:20:17.890  3975  3975 W ResourcesManager:      at android.os.Looper.loopOnce(Looper.java:232)
10-16 11:20:17.890  3975  3975 W ResourcesManager:      at android.os.Looper.loop(Looper.java:317)
10-16 11:20:17.890  3975  3975 W ResourcesManager:      at android.app.ActivityThread.main(ActivityThread.java:8592)
10-16 11:20:17.890  3975  3975 W ResourcesManager:      at java.lang.reflect.Method.invoke(Native Method)
10-16 11:20:17.890  3975  3975 W ResourcesManager:      at com.android.internal.os.RuntimeInit$MethodAndArgsCaller.run(RuntimeInit.java:580)
10-16 11:20:17.890  3975  3975 W ResourcesManager:      at com.android.internal.os.ZygoteInit.main(ZygoteInit.java:878)
10-16 11:20:17.892  3975  3975 W ContextImpl: Failed to ensure /data/user/0/com.android.devicelockcontroller/cache: mkdir failed: errno 126 (Required key not available)
10-16 11:20:17.893  3975  3975 W ContextImpl: Failed to update user.inode_cache: stat failed: ENOENT (No such file or directory)
10-16 11:20:17.893  3932  3932 D nativeloader: Load /data/app/~~3vUl3-3DOSP2X9y36t4HsA==/com.google.android.gms-oVHj1a9v-ZAB_pmNEziAwg==/base.apk!/lib/arm64-v8a/libconscrypt_gmscore_jni.so using ns clns-7 from class loader (caller=<unknown>): ok
10-16 11:20:17.893  3932  3932 V NativeCrypto: Registering com/google/android/gms/org/conscrypt/NativeCrypto's 319 native methods...
10-16 11:20:17.893  3975  3975 V GraphicsEnvironment: Currently set values for:
10-16 11:20:17.893  3975  3975 V GraphicsEnvironment:   angle_gl_driver_selection_pkgs=[]
10-16 11:20:17.893  3975  3975 V GraphicsEnvironment:   angle_gl_driver_selection_values=[]
10-16 11:20:17.893  3975  3975 V GraphicsEnvironment: Global.Settings values are invalid: number of packages: 0, number of values: 0
10-16 11:20:17.893  3975  3975 V GraphicsEnvironment: Neither updatable production driver nor prerelease driver is supported.
10-16 11:20:17.900  3911  3982 D CompatibilityChangeReporter: Compat change id reported: 170233598; UID 10150; state: ENABLED
10-16 11:20:17.901  3911  3982 I AlarmClock: Scheduling state change 1 to instance 326 at 07:30 (1761089400000)
10-16 11:20:17.901  3911  3982 D CompatibilityChangeReporter: Compat change id reported: 160794467; UID 10150; state: ENABLED
10-16 11:20:17.905  1833  3432 D CompatibilityChangeReporter: Compat change id reported: 171306433; UID 10150; state: ENABLED
10-16 11:20:17.905  1833  3432 D CompatibilityChangeReporter: Compat change id reported: 218533173; UID 10150; state: ENABLED
10-16 11:20:17.906  3975  3975 I DeviceLockControllerApplication: onCreate
10-16 11:20:17.908  1833  2972 D GrammaticalInflection: The flag must be enabled to allow calling the API.
10-16 11:20:17.909  3911  3982 I AlarmClock: Registering instance: 318
10-16 11:20:17.909  1833  2972 D CompatibilityChangeReporter: Compat change id reported: 135634846; UID 10134; state: DISABLED
10-16 11:20:17.910  1833  2972 D CompatibilityChangeReporter: Compat change id reported: 177438394; UID 10134; state: DISABLED
10-16 11:20:17.910  1833  2972 D CompatibilityChangeReporter: Compat change id reported: 135772972; UID 10134; state: DISABLED
10-16 11:20:17.910  1833  2972 D CompatibilityChangeReporter: Compat change id reported: 135754954; UID 10134; state: ENABLED
10-16 11:20:17.910  1833  2973 D CompatibilityChangeReporter: Compat change id reported: 143937733; UID 10134; state: ENABLED
10-16 11:20:17.912  3932  3932 I ProviderInstaller: Installed default security provider GmsCore_OpenSSL
10-16 11:20:17.915  3932  4016 D CompatibilityChangeReporter: Compat change id reported: 183155436; UID 10137; state: ENABLED
10-16 11:20:17.916  1247  1247 D Zygote  : Forked child process 4020
10-16 11:20:17.917  3911  3982 I AlarmClock: Setting silent state to instance 318
10-16 11:20:17.919  1833  2973 I ActivityManager: Start proc 4020:com.google.android.apps.wellbeing/u0a134 for broadcast {com.google.android.apps.wellbeing/com.google.android.apps.wellbeing.common.receiver.coalescedreceivers.LockedBootCompletedCoalescedBroadcast_Receiver}
10-16 11:20:17.920  3932  4019 I Watchcat: Started
10-16 11:20:17.921  3932  4019 I GMS_MM_Logger: (REDACTED) Start time: %s
10-16 11:20:17.921  3932  4019 I GMS_MM_Logger: Started.
10-16 11:20:17.924  3911  3982 I AlarmClock: Scheduling state change 1 to instance 318 at 05:30 (1760909400000)
10-16 11:20:17.935  3911  3982 I AlarmClock: Registering instance: 324
10-16 11:20:17.938  3911  3982 I AlarmClock: Setting silent state to instance 324
10-16 11:20:17.948  4020  4020 I .apps.wellbeing: Using CollectorTypeCC GC.
10-16 11:20:17.949  3911  3982 I AlarmClock: Scheduling state change 1 to instance 324 at 11:20 (1760671200000)
10-16 11:20:17.951  4020  4020 E .apps.wellbeing: Not starting debugger since process cannot load the jdwp agent.
10-16 11:20:17.954  3932  4030 D CompatibilityChangeReporter: Compat change id reported: 160794467; UID 10137; state: ENABLED
10-16 11:20:17.957  3911  3982 I AlarmClock: Registering instance: 327
10-16 11:20:17.957  4020  4020 D nativeloader: Load libframework-connectivity-tiramisu-jni.so using APEX ns com_android_tethering for caller /apex/com.android.tethering/javalib/framework-connectivity-t.jar: ok
10-16 11:20:17.958  3932  4019 W ContextImpl: Failed to ensure /data/user/0/com.google.android.gms/files: mkdir failed: errno 126 (Required key not available)
10-16 11:20:17.958  3932  4019 W ContextImpl: Failed to ensure /data/user/0/com.google.android.gms/files: mkdir failed: errno 126 (Required key not available)
10-16 11:20:17.960  3911  3982 I AlarmClock: Setting silent state to instance 327
10-16 11:20:17.961  1833  3703 D CompatibilityChangeReporter: Compat change id reported: 168419799; UID 10134; state: DISABLED
10-16 11:20:17.961  1833  3703 D CompatibilityChangeReporter: Compat change id reported: 273564678; UID 10134; state: DISABLED
10-16 11:20:17.965  1833  3020 D CompatibilityChangeReporter: Compat change id reported: 265195908; UID 10134; state: ENABLED
10-16 11:20:17.967  4020  4020 D CompatibilityChangeReporter: Compat change id reported: 171979766; UID 10134; state: ENABLED
10-16 11:20:17.967  4020  4020 D CompatibilityChangeReporter: Compat change id reported: 242716250; UID 10134; state: ENABLED
10-16 11:20:17.969  3911  3982 I AlarmClock: Scheduling state change 1 to instance 327 at 08:00 (1760659200000)
10-16 11:20:17.969  1833  3456 D CompatibilityChangeReporter: Compat change id reported: 170503758; UID 10134; state: ENABLED
10-16 11:20:17.972  4020  4020 D nativeloader: Configuring clns-4 for other apk /system/framework/org.apache.http.legacy.jar. target_sdk_version=34, uses_libraries=ALL, library_path=/product/priv-app/Wellbeing/lib/arm64, permitted_path=/data:/mnt/expand:/data/user/0/com.google.android.apps.wellbeing
10-16 11:20:17.975  3911  3982 I AlarmClock: Registering instance: 325
10-16 11:20:17.980  3911  3982 I AlarmClock: Setting silent state to instance 325
10-16 11:20:17.984  1992  1992 I Atfwd_Daemon:
10-16 11:20:17.984  1992  1992 I Atfwd_Daemon:  Out of sleep...
10-16 11:20:17.984  1992  1992 I Atfwd_Daemon:
10-16 11:20:17.984  1992  1992 I Atfwd_Daemon:
10-16 11:20:17.984  1992  1992 I Atfwd_Daemon:  TrtyInit: retryCnt: 4
10-16 11:20:17.987     0     0 I zram0   : detected capacity change from 0 to 4294967296
10-16 11:20:17.988  3911  3982 I AlarmClock: Scheduling state change 1 to instance 325 at 19:00 (1760612400000)
10-16 11:20:17.993  3911  3982 I AlarmClock: Registering instance: 316
10-16 11:20:17.996  3911  3982 I AlarmClock: Setting silent state to instance 316
10-16 11:20:18.003  4020  4020 D nativeloader: InitLlndkLibrariesProduct: libEGL.so:libGLESv1_CM.so:libGLESv2.so:libGLESv3.so:libRS.so:libandroid_net.so:libapexsupport.so:libbinder_ndk.so:libc.so:libcgrouprc.so:libclang_rt.asan-aarch64-android.so:libclang_rt.asan-arm-android.so:libclang_rt.hwasan-aarch64-android.so:libcom.android.tethering.connectivity_native.so:libdl.so:libft2.so:liblog.so:libm.so:libmediandk.so:libnativewindow.so:libneuralnetworks.so:libselinux.so:libsync.so:libvendorsupport.so:libvndksupport.so:libvulkan.so
10-16 11:20:18.003  4020  4020 D nativeloader: Configuring product-clns-5 for unbundled product apk /product/priv-app/Wellbeing/Wellbeing.apk. target_sdk_version=34, uses_libraries=, library_path=/product/priv-app/Wellbeing/lib/arm64:/product/lib64:/system/product/lib64, permitted_path=/data:/mnt/expand:/data/user/0/com.google.android.apps.wellbeing:/product/lib64:/system/product/lib64
10-16 11:20:18.004  4020  4020 D nativeloader: InitVndkspLibrariesProduct: VNDK is deprecated with product
10-16 11:20:18.005  3911  3982 I AlarmClock: Scheduling state change 1 to instance 316 at 16:20 (1760602800000)
10-16 11:20:18.011  3911  3982 I AlarmClock: Set next power off alarm : instance id 316
10-16 11:20:18.017  3911  3982 I AlarmClock: Setting upcoming AlarmClockInfo for alarm: 316
10-16 11:20:18.021  1833  1833 D CompatibilityChangeReporter: Compat change id reported: 170233598; UID 1000; state: ENABLED
10-16 11:20:18.020     0     0 I         : Adding 4194300k swap on /dev/block/zram0.  Priority:32758 extents:1 across:4194300k SS
10-16 11:20:18.023  4020  4020 E .apps.wellbeing: Invalid Idmap file: bad magic value (was 0x00000000, expected 0x504d4449)
10-16 11:20:18.023  4020  4020 E .apps.wellbeing: failed to load IDMAP /data/resource-cache/data@resource-cache@android-com.drdisagree.colorblendr_dynamic_theme-nnHv.frro@idmap
10-16 11:20:18.023  1833  1833 D ConditionProviders.SCP: onReceive android.app.action.NEXT_ALARM_CLOCK_CHANGED
10-16 11:20:18.024  4020  4020 W ResourcesManager: failed to preload asset path '/data/resource-cache/android-com.drdisagree.colorblendr_dynamic_theme-nnHv.frro'
10-16 11:20:18.024  4020  4020 W ResourcesManager: java.io.IOException: Failed to load asset path /data/resource-cache/data@resource-cache@android-com.drdisagree.colorblendr_dynamic_theme-nnHv.frro@idmap
10-16 11:20:18.024  4020  4020 W ResourcesManager:      at android.content.res.ApkAssets.nativeLoad(Native Method)
10-16 11:20:18.024  4020  4020 W ResourcesManager:      at android.content.res.ApkAssets.<init>(ApkAssets.java:303)
10-16 11:20:18.024  4020  4020 W ResourcesManager:      at android.content.res.ApkAssets.loadOverlayFromPath(ApkAssets.java:223)
10-16 11:20:18.024  4020  4020 W ResourcesManager:      at android.app.ResourcesManager.loadApkAssets(ResourcesManager.java:479)
10-16 11:20:18.024  4020  4020 W ResourcesManager:      at android.app.ResourcesManager.-$$Nest$mloadApkAssets(Unknown Source:0)
10-16 11:20:18.024  4020  4020 W ResourcesManager:      at android.app.ResourcesManager$ApkAssetsSupplier.load(ResourcesManager.java:174)
10-16 11:20:18.024  4020  4020 W ResourcesManager:      at android.app.ResourcesManager.createApkAssetsSupplierNotLocked(ResourcesManager.java:1014)
10-16 11:20:18.024  4020  4020 W ResourcesManager:      at android.app.ResourcesManager.getResources(ResourcesManager.java:1135)
10-16 11:20:18.024  4020  4020 W ResourcesManager:      at android.app.LoadedApk.getResources(LoadedApk.java:1375)
10-16 11:20:18.024  4020  4020 W ResourcesManager:      at android.app.ContextImpl.createAppContext(ContextImpl.java:3336)
10-16 11:20:18.024  4020  4020 W ResourcesManager:      at android.app.ContextImpl.createAppContext(ContextImpl.java:3327)
10-16 11:20:18.024  4020  4020 W ResourcesManager:      at android.app.ActivityThread.handleBindApplication(ActivityThread.java:7277)
10-16 11:20:18.024  4020  4020 W ResourcesManager:      at android.app.ActivityThread.-$$Nest$mhandleBindApplication(Unknown Source:0)
10-16 11:20:18.024  4020  4020 W ResourcesManager:      at android.app.ActivityThread$H.handleMessage(ActivityThread.java:2379)
10-16 11:20:18.024  4020  4020 W ResourcesManager:      at android.os.Handler.dispatchMessage(Handler.java:107)
10-16 11:20:18.024  4020  4020 W ResourcesManager:      at android.os.Looper.loopOnce(Looper.java:232)
10-16 11:20:18.024  4020  4020 W ResourcesManager:      at android.os.Looper.loop(Looper.java:317)
10-16 11:20:18.024  4020  4020 W ResourcesManager:      at android.app.ActivityThread.main(ActivityThread.java:8592)
10-16 11:20:18.024  4020  4020 W ResourcesManager:      at java.lang.reflect.Method.invoke(Native Method)
10-16 11:20:18.024  4020  4020 W ResourcesManager:      at com.android.internal.os.RuntimeInit$MethodAndArgsCaller.run(RuntimeInit.java:580)
10-16 11:20:18.024  4020  4020 W ResourcesManager:      at com.android.internal.os.ZygoteInit.main(ZygoteInit.java:878)
10-16 11:20:18.024  1833  1833 D ConditionProviders.SCP: evaluateSubscriptionLocked cal=ScheduleCalendar[mDays={1, 2, 3, 4, 5, 6, 7}, mSchedule=ScheduleInfo{days=[1, 2, 3, 4, 5, 6, 7], startHour=22, startMinute=0, endHour=7, endMinute=0, exitAtAlarm=true, nextAlarm=Thu Jan 01 08:00:00 GMT+08:00 1970 (0)}], now=Thu Oct 16 11:20:18 GMT+08:00 2025 (1760584818023), nextUserAlarmTime=Thu Oct 16 18:20:00 GMT+08:00 2025 (1760610000000)
10-16 11:20:18.024  1833  1833 D ConditionProviders.SCP: notifyCondition condition://android/schedule?days=1.2.3.4.5.6.7&start=22.0&end=7.0&exitAtAlarm=true STATE_FALSE reason=!meetsSchedule
10-16 11:20:18.024  4020  4020 E .apps.wellbeing: Invalid Idmap file: bad magic value (was 0x00000000, expected 0x504d4449)
10-16 11:20:18.024  4020  4020 E .apps.wellbeing: failed to load IDMAP /data/resource-cache/data@resource-cache@android-com.drdisagree.colorblendr_dynamic_theme-nnHv.frro@idmap
10-16 11:20:18.024  4020  4020 W ResourcesManager: failed to add overlay path '/data/resource-cache/android-com.drdisagree.colorblendr_dynamic_theme-nnHv.frro'
10-16 11:20:18.024  4020  4020 W ResourcesManager: java.io.IOException: Failed to load asset path /data/resource-cache/data@resource-cache@android-com.drdisagree.colorblendr_dynamic_theme-nnHv.frro@idmap
10-16 11:20:18.024  4020  4020 W ResourcesManager:      at android.content.res.ApkAssets.nativeLoad(Native Method)
10-16 11:20:18.024  4020  4020 W ResourcesManager:      at android.content.res.ApkAssets.<init>(ApkAssets.java:303)
10-16 11:20:18.024  4020  4020 W ResourcesManager:      at android.content.res.ApkAssets.loadOverlayFromPath(ApkAssets.java:223)
10-16 11:20:18.024  4020  4020 W ResourcesManager:      at android.app.ResourcesManager.loadApkAssets(ResourcesManager.java:479)
10-16 11:20:18.024  4020  4020 W ResourcesManager:      at android.app.ResourcesManager.-$$Nest$mloadApkAssets(Unknown Source:0)
10-16 11:20:18.024  4020  4020 W ResourcesManager:      at android.app.ResourcesManager$ApkAssetsSupplier.load(ResourcesManager.java:174)
10-16 11:20:18.024  4020  4020 W ResourcesManager:      at android.app.ResourcesManager.createAssetManager(ResourcesManager.java:560)
10-16 11:20:18.024  4020  4020 W ResourcesManager:      at android.app.ResourcesManager.createResourcesImpl(ResourcesManager.java:647)
10-16 11:20:18.024  4020  4020 W ResourcesManager:      at android.app.ResourcesManager.findOrCreateResourcesImplForKeyLocked(ResourcesManager.java:699)
10-16 11:20:18.024  4020  4020 W ResourcesManager:      at android.app.ResourcesManager.createResources(ResourcesManager.java:1045)
10-16 11:20:18.024  4020  4020 W ResourcesManager:      at android.app.ResourcesManager.getResources(ResourcesManager.java:1148)
10-16 11:20:18.024  4020  4020 W ResourcesManager:      at android.app.LoadedApk.getResources(LoadedApk.java:1375)
10-16 11:20:18.024  4020  4020 W ResourcesManager:      at android.app.ContextImpl.createAppContext(ContextImpl.java:3336)
10-16 11:20:18.024  4020  4020 W ResourcesManager:      at android.app.ContextImpl.createAppContext(ContextImpl.java:3327)
10-16 11:20:18.024  4020  4020 W ResourcesManager:      at android.app.ActivityThread.handleBindApplication(ActivityThread.java:7277)
10-16 11:20:18.024  4020  4020 W ResourcesManager:      at android.app.ActivityThread.-$$Nest$mhandleBindApplication(Unknown Source:0)
10-16 11:20:18.024  4020  4020 W ResourcesManager:      at android.app.ActivityThread$H.handleMessage(ActivityThread.java:2379)
10-16 11:20:18.024  4020  4020 W ResourcesManager:      at android.os.Handler.dispatchMessage(Handler.java:107)
10-16 11:20:18.024  4020  4020 W ResourcesManager:      at android.os.Looper.loopOnce(Looper.java:232)
10-16 11:20:18.024  4020  4020 W ResourcesManager:      at android.os.Looper.loop(Looper.java:317)
10-16 11:20:18.024  4020  4020 W ResourcesManager:      at android.app.ActivityThread.main(ActivityThread.java:8592)
10-16 11:20:18.024  4020  4020 W ResourcesManager:      at java.lang.reflect.Method.invoke(Native Method)
10-16 11:20:18.024  4020  4020 W ResourcesManager:      at com.android.internal.os.RuntimeInit$MethodAndArgsCaller.run(RuntimeInit.java:580)
10-16 11:20:18.024  4020  4020 W ResourcesManager:      at com.android.internal.os.ZygoteInit.main(ZygoteInit.java:878)
10-16 11:20:18.025  3251  3251 W AlarmManager: Unrecognized alarm listener com.android.systemui.keyguard.KeyguardSliceProvider$$ExternalSyntheticLambda2@869cc28
10-16 11:20:18.025  1833  3703 D CompatibilityChangeReporter: Compat change id reported: 171306433; UID 10174; state: ENABLED
10-16 11:20:18.027  4020  4020 W ContextImpl: Failed to ensure /data/user/0/com.google.android.apps.wellbeing/cache: mkdir failed: errno 126 (Required key not available)
10-16 11:20:18.027  4020  4020 W ContextImpl: Failed to update user.inode_cache: stat failed: ENOENT (No such file or directory)
10-16 11:20:18.029  4020  4020 V GraphicsEnvironment: Currently set values for:
10-16 11:20:18.029  4020  4020 V GraphicsEnvironment:   angle_gl_driver_selection_pkgs=[]
10-16 11:20:18.029  4020  4020 V GraphicsEnvironment:   angle_gl_driver_selection_values=[]
10-16 11:20:18.029  4020  4020 V GraphicsEnvironment: Global.Settings values are invalid: number of packages: 0, number of values: 0
10-16 11:20:18.029  4020  4020 V GraphicsEnvironment: Neither updatable production driver nor prerelease driver is supported.
10-16 11:20:18.031  3251  3251 E ndroid.systemui: Invalid Idmap file: bad magic value (was 0x00000000, expected 0x504d4449)
10-16 11:20:18.031  3251  3251 E ndroid.systemui: failed to load IDMAP /data/resource-cache/data@resource-cache@android-com.drdisagree.colorblendr_dynamic_theme-nnHv.frro@idmap
10-16 11:20:18.032  3251  3251 W ResourcesManager: failed to preload asset path '/data/resource-cache/android-com.drdisagree.colorblendr_dynamic_theme-nnHv.frro'
10-16 11:20:18.032  3251  3251 W ResourcesManager: java.io.IOException: Failed to load asset path /data/resource-cache/data@resource-cache@android-com.drdisagree.colorblendr_dynamic_theme-nnHv.frro@idmap
10-16 11:20:18.032  3251  3251 W ResourcesManager:      at android.content.res.ApkAssets.nativeLoad(Native Method)
10-16 11:20:18.032  3251  3251 W ResourcesManager:      at android.content.res.ApkAssets.<init>(ApkAssets.java:303)
10-16 11:20:18.032  3251  3251 W ResourcesManager:      at android.content.res.ApkAssets.loadOverlayFromPath(ApkAssets.java:223)
10-16 11:20:18.032  3251  3251 W ResourcesManager:      at android.app.ResourcesManager.loadApkAssets(ResourcesManager.java:479)
10-16 11:20:18.032  3251  3251 W ResourcesManager:      at android.app.ResourcesManager.-$$Nest$mloadApkAssets(Unknown Source:0)
10-16 11:20:18.032  3251  3251 W ResourcesManager:      at android.app.ResourcesManager$ApkAssetsSupplier.load(ResourcesManager.java:174)
10-16 11:20:18.032  3251  3251 W ResourcesManager:      at android.app.ResourcesManager.createApkAssetsSupplierNotLocked(ResourcesManager.java:1014)
10-16 11:20:18.032  3251  3251 W ResourcesManager:      at android.app.ResourcesManager.getResources(ResourcesManager.java:1135)
10-16 11:20:18.032  3251  3251 W ResourcesManager:      at android.app.ActivityThread.getTopLevelResources(ActivityThread.java:2749)
10-16 11:20:18.032  3251  3251 W ResourcesManager:      at android.app.ApplicationPackageManager.getResourcesForApplication(ApplicationPackageManager.java:2107)
10-16 11:20:18.032  3251  3251 W ResourcesManager:      at android.app.ApplicationPackageManager.getResourcesForApplication(ApplicationPackageManager.java:2093)
10-16 11:20:18.032  3251  3251 W ResourcesManager:      at android.app.ApplicationPackageManager.getResourcesForApplication(ApplicationPackageManager.java:2121)
10-16 11:20:18.032  3251  3251 W ResourcesManager:      at android.graphics.drawable.Icon.loadDrawableAsUser(Icon.java:560)
10-16 11:20:18.032  3251  3251 W ResourcesManager:      at com.android.systemui.statusbar.StatusBarIconView.getIcon(go/retraceme 0b49e1df6cf3f0aeb5ef3cac416be440925759eab0645ffd468820e3dfa465a0:44)
10-16 11:20:18.032  3251  3251 W ResourcesManager:      at com.android.systemui.statusbar.StatusBarIconView.updateDrawable(go/retraceme 0b49e1df6cf3f0aeb5ef3cac416be440925759eab0645ffd468820e3dfa465a0:18)
10-16 11:20:18.032  3251  3251 W ResourcesManager:      at com.android.systemui.statusbar.StatusBarIconView.onRtlPropertiesChanged(go/retraceme 0b49e1df6cf3f0aeb5ef3cac416be440925759eab0645ffd468820e3dfa465a0:5)
10-16 11:20:18.032  3251  3251 W ResourcesManager:      at android.view.View.resolvePadding(View.java:22436)
10-16 11:20:18.032  3251  3251 W ResourcesManager:      at android.view.View.resolveRtlPropertiesIfNeeded(View.java:22150)
10-16 11:20:18.032  3251  3251 W ResourcesManager:      at android.view.View.measure(View.java:27852)
10-16 11:20:18.032  3251  3251 W ResourcesManager:      at android.view.ViewGroup.measureChild(ViewGroup.java:6999)
10-16 11:20:18.032  3251  3251 W ResourcesManager:      at com.android.systemui.statusbar.phone.StatusIconContainer.onMeasure(go/retraceme 0b49e1df6cf3f0aeb5ef3cac416be440925759eab0645ffd468820e3dfa465a0:110)
10-16 11:20:18.032  3251  3251 W ResourcesManager:      at android.view.View.measure(View.java:27866)
10-16 11:20:18.032  3251  3251 W ResourcesManager:      at android.view.ViewGroup.measureChildWithMargins(ViewGroup.java:7028)
10-16 11:20:18.032  3251  3251 W ResourcesManager:      at android.widget.LinearLayout.measureChildBeforeLayout(LinearLayout.java:1608)
10-16 11:20:18.032  3251  3251 W ResourcesManager:      at android.widget.LinearLayout.measureHorizontal(LinearLayout.java:1240)
10-16 11:20:18.032  3251  3251 W ResourcesManager:      at android.widget.LinearLayout.onMeasure(LinearLayout.java:723)
10-16 11:20:18.032  3251  3251 W ResourcesManager:      at android.view.View.measure(View.java:27866)
10-16 11:20:18.032  3251  3251 W ResourcesManager:      at android.view.ViewGroup.measureChildWithMargins(ViewGroup.java:7028)
10-16 11:20:18.032  3251  3251 W ResourcesManager:      at android.widget.FrameLayout.onMeasure(FrameLayout.java:194)
10-16 11:20:18.032  3251  3251 W ResourcesManager:      at android.view.View.measure(View.java:27866)
10-16 11:20:18.032  3251  3251 W ResourcesManager:      at androidx.constraintlayout.widget.ConstraintLayout$Measurer.measure(go/retraceme 0b49e1df6cf3f0aeb5ef3cac416be440925759eab0645ffd468820e3dfa465a0:525)
10-16 11:20:18.032  3251  3251 W ResourcesManager:      at androidx.constraintlayout.core.widgets.analyzer.BasicMeasure.measure(go/retraceme 0b49e1df6cf3f0aeb5ef3cac416be440925759eab0645ffd468820e3dfa465a0:91)
10-16 11:20:18.032  3251  3251 W ResourcesManager:      at androidx.constraintlayout.widget.ConstraintLayout.resolveSystem(go/retraceme 0b49e1df6cf3f0aeb5ef3cac416be440925759eab0645ffd468820e3dfa465a0:1321)
10-16 11:20:18.032  3251  3251 W ResourcesManager:      at androidx.constraintlayout.widget.ConstraintLayout.onMeasure(go/retraceme 0b49e1df6cf3f0aeb5ef3cac416be440925759eab0645ffd468820e3dfa465a0:511)
10-16 11:20:18.032  3251  3251 W ResourcesManager:      at androidx.constraintlayout.motion.widget.MotionLayout.onMeasure(go/retraceme 0b49e1df6cf3f0aeb5ef3cac416be440925759eab0645ffd468820e3dfa465a0:81)
10-16 11:20:18.032  3251  3251 W ResourcesManager:      at com.android.systemui.util.NoRemeasureMotionLayout.onMeasure(go/retraceme 0b49e1df6cf3f0aeb5ef3cac416be440925759eab0645ffd468820e3dfa465a0:71)
10-16 11:20:18.032  3251  3251 W ResourcesManager:      at android.view.View.measure(View.java:27866)
10-16 11:20:18.032  3251  3251 W ResourcesManager:      at androidx.constraintlayout.widget.ConstraintLayout$Measurer.measure(go/retraceme 0b49e1df6cf3f0aeb5ef3cac416be440925759eab0645ffd468820e3dfa465a0:525)
10-16 11:20:18.032  3251  3251 W ResourcesManager:      at androidx.constraintlayout.core.widgets.analyzer.DependencyGraph.measure(go/retraceme 0b49e1df6cf3f0aeb5ef3cac416be440925759eab0645ffd468820e3dfa465a0:13)
10-16 11:20:18.032  3251  3251 W ResourcesManager:      at androidx.constraintlayout.core.widgets.analyzer.DependencyGraph.basicMeasureWidgets(go/retraceme 0b49e1df6cf3f0aeb5ef3cac416be440925759eab0645ffd468820e3dfa465a0:758)
10-16 11:20:18.032  3251  3251 W ResourcesManager:      at androidx.constraintlayout.widget.ConstraintLayout.resolveSystem(go/retraceme 0b49e1df6cf3f0aeb5ef3cac416be440925759eab0645ffd468820e3dfa465a0:629)
10-16 11:20:18.032  3251  3251 W ResourcesManager:      at androidx.constraintlayout.widget.ConstraintLayout.onMeasure(go/retraceme 0b49e1df6cf3f0aeb5ef3cac416be440925759eab0645ffd468820e3dfa465a0:511)
10-16 11:20:18.032  3251  3251 W ResourcesManager:      at android.view.View.measure(View.java:27866)
10-16 11:20:18.032  3251  3251 W ResourcesManager:      at android.view.ViewGroup.measureChildWithMargins(ViewGroup.java:7028)
10-16 11:20:18.032  3251  3251 W ResourcesManager:      at android.widget.FrameLayout.onMeasure(FrameLayout.java:194)
10-16 11:20:18.032  3251  3251 W ResourcesManager:      at android.view.View.measure(View.java:27866)
10-16 11:20:18.032  3251  3251 W ResourcesManager:      at android.view.ViewGroup.measureChildWithMargins(ViewGroup.java:7028)
10-16 11:20:18.032  3251  3251 W ResourcesManager:      at android.widget.FrameLayout.onMeasure(FrameLayout.java:194)
10-16 11:20:18.032  3251  3251 W ResourcesManager:      at com.android.systemui.shade.NotificationShadeWindowView.onMeasure(go/retraceme 0b49e1df6cf3f0aeb5ef3cac416be440925759eab0645ffd468820e3dfa465a0:6)
10-16 11:20:18.032  3251  3251 W ResourcesManager:      at android.view.View.measure(View.java:27866)
10-16 11:20:18.032  3251  3251 W ResourcesManager:      at android.view.ViewRootImpl.performMeasure(ViewRootImpl.java:4486)
10-16 11:20:18.032  3251  3251 W ResourcesManager:      at android.view.ViewRootImpl.performTraversals(ViewRootImpl.java:3792)
10-16 11:20:18.032  3251  3251 W ResourcesManager:      at android.view.ViewRootImpl.doTraversal(ViewRootImpl.java:2718)
10-16 11:20:18.032  3251  3251 W ResourcesManager:      at android.view.ViewRootImpl$TraversalRunnable.run(ViewRootImpl.java:9937)
10-16 11:20:18.032  3251  3251 W ResourcesManager:      at android.view.Choreographer$CallbackRecord.run(Choreographer.java:1406)
10-16 11:20:18.032  3251  3251 W ResourcesManager:      at android.view.Choreographer$CallbackRecord.run(Choreographer.java:1415)
10-16 11:20:18.032  3251  3251 W ResourcesManager:      at android.view.Choreographer.doCallbacks(Choreographer.java:1015)
10-16 11:20:18.032  3251  3251 W ResourcesManager:      at android.view.Choreographer.doFrame(Choreographer.java:945)
10-16 11:20:18.032  3251  3251 W ResourcesManager:      at android.view.Choreographer$FrameDisplayEventReceiver.run(Choreographer.java:1389)
10-16 11:20:18.032  3251  3251 W ResourcesManager:      at android.os.Handler.handleCallback(Handler.java:959)
10-16 11:20:18.032  3251  3251 W ResourcesManager:      at android.os.Handler.dispatchMessage(Handler.java:100)
10-16 11:20:18.032  3251  3251 W ResourcesManager:      at android.os.Looper.loopOnce(Looper.java:232)
10-16 11:20:18.032  3251  3251 W ResourcesManager:      at android.os.Looper.loop(Looper.java:317)
10-16 11:20:18.032  3251  3251 W ResourcesManager:      at android.app.ActivityThread.main(ActivityThread.java:8592)
10-16 11:20:18.032  3251  3251 W ResourcesManager:      at java.lang.reflect.Method.invoke(Native Method)
10-16 11:20:18.032  3251  3251 W ResourcesManager:      at com.android.internal.os.RuntimeInit$MethodAndArgsCaller.run(RuntimeInit.java:580)
10-16 11:20:18.032  3251  3251 W ResourcesManager:      at com.android.internal.os.ZygoteInit.main(ZygoteInit.java:878)
10-16 11:20:18.032  3251  3251 E ndroid.systemui: Invalid Idmap file: bad magic value (was 0x00000000, expected 0x504d4449)
10-16 11:20:18.032  3251  3251 E ndroid.systemui: failed to load IDMAP /data/resource-cache/data@resource-cache@android-com.drdisagree.colorblendr_dynamic_theme_system-Gq0D.frro@idmap
10-16 11:20:18.032  3251  3251 W ResourcesManager: failed to preload asset path '/data/resource-cache/android-com.drdisagree.colorblendr_dynamic_theme_system-Gq0D.frro'
10-16 11:20:18.032  3251  3251 W ResourcesManager: java.io.IOException: Failed to load asset path /data/resource-cache/data@resource-cache@android-com.drdisagree.colorblendr_dynamic_theme_system-Gq0D.frro@idmap
10-16 11:20:18.032  3251  3251 W ResourcesManager:      at android.content.res.ApkAssets.nativeLoad(Native Method)
10-16 11:20:18.032  3251  3251 W ResourcesManager:      at android.content.res.ApkAssets.<init>(ApkAssets.java:303)
10-16 11:20:18.032  3251  3251 W ResourcesManager:      at android.content.res.ApkAssets.loadOverlayFromPath(ApkAssets.java:223)
10-16 11:20:18.032  3251  3251 W ResourcesManager:      at android.app.ResourcesManager.loadApkAssets(ResourcesManager.java:479)
10-16 11:20:18.032  3251  3251 W ResourcesManager:      at android.app.ResourcesManager.-$$Nest$mloadApkAssets(Unknown Source:0)
10-16 11:20:18.032  3251  3251 W ResourcesManager:      at android.app.ResourcesManager$ApkAssetsSupplier.load(ResourcesManager.java:174)
10-16 11:20:18.032  3251  3251 W ResourcesManager:      at android.app.ResourcesManager.createApkAssetsSupplierNotLocked(ResourcesManager.java:1014)
10-16 11:20:18.032  3251  3251 W ResourcesManager:      at android.app.ResourcesManager.getResources(ResourcesManager.java:1135)
10-16 11:20:18.032  3251  3251 W ResourcesManager:      at android.app.ActivityThread.getTopLevelResources(ActivityThread.java:2749)
10-16 11:20:18.032  3251  3251 W ResourcesManager:      at android.app.ApplicationPackageManager.getResourcesForApplication(ApplicationPackageManager.java:2107)
10-16 11:20:18.032  3251  3251 W ResourcesManager:      at android.app.ApplicationPackageManager.getResourcesForApplication(ApplicationPackageManager.java:2093)
10-16 11:20:18.032  3251  3251 W ResourcesManager:      at android.app.ApplicationPackageManager.getResourcesForApplication(ApplicationPackageManager.java:2121)
10-16 11:20:18.032  3251  3251 W ResourcesManager:      at android.graphics.drawable.Icon.loadDrawableAsUser(Icon.java:560)
10-16 11:20:18.032  3251  3251 W ResourcesManager:      at com.android.systemui.statusbar.StatusBarIconView.getIcon(go/retraceme 0b49e1df6cf3f0aeb5ef3cac416be440925759eab0645ffd468820e3dfa465a0:44)
10-16 11:20:18.032  3251  3251 W ResourcesManager:      at com.android.systemui.statusbar.StatusBarIconView.updateDrawable(go/retraceme 0b49e1df6cf3f0aeb5ef3cac416be440925759eab0645ffd468820e3dfa465a0:18)
10-16 11:20:18.032  3251  3251 W ResourcesManager:      at com.android.systemui.statusbar.StatusBarIconView.onRtlPropertiesChanged(go/retraceme 0b49e1df6cf3f0aeb5ef3cac416be440925759eab0645ffd468820e3dfa465a0:5)
10-16 11:20:18.032  3251  3251 W ResourcesManager:      at android.view.View.resolvePadding(View.java:22436)
10-16 11:20:18.032  3251  3251 W ResourcesManager:      at android.view.View.resolveRtlPropertiesIfNeeded(View.java:22150)
10-16 11:20:18.032  3251  3251 W ResourcesManager:      at android.view.View.measure(View.java:27852)
10-16 11:20:18.032  3251  3251 W ResourcesManager:      at android.view.ViewGroup.measureChild(ViewGroup.java:6999)
10-16 11:20:18.032  3251  3251 W ResourcesManager:      at com.android.systemui.statusbar.phone.StatusIconContainer.onMeasure(go/retraceme 0b49e1df6cf3f0aeb5ef3cac416be440925759eab0645ffd468820e3dfa465a0:110)
10-16 11:20:18.032  3251  3251 W ResourcesManager:      at android.view.View.measure(View.java:27866)
10-16 11:20:18.032  3251  3251 W ResourcesManager:      at android.view.ViewGroup.measureChildWithMargins(ViewGroup.java:7028)
10-16 11:20:18.032  3251  3251 W ResourcesManager:      at android.widget.LinearLayout.measureChildBeforeLayout(LinearLayout.java:1608)
10-16 11:20:18.032  3251  3251 W ResourcesManager:      at android.widget.LinearLayout.measureHorizontal(LinearLayout.java:1240)
10-16 11:20:18.032  3251  3251 W ResourcesManager:      at android.widget.LinearLayout.onMeasure(LinearLayout.java:723)
10-16 11:20:18.032  3251  3251 W ResourcesManager:      at android.view.View.measure(View.java:27866)
10-16 11:20:18.032  3251  3251 W ResourcesManager:      at android.view.ViewGroup.measureChildWithMargins(ViewGroup.java:7028)
10-16 11:20:18.032  3251  3251 W ResourcesManager:      at android.widget.FrameLayout.onMeasure(FrameLayout.java:194)
10-16 11:20:18.032  3251  3251 W ResourcesManager:      at android.view.View.measure(View.java:27866)
10-16 11:20:18.032  3251  3251 W ResourcesManager:      at androidx.constraintlayout.widget.ConstraintLayout$Measurer.measure(go/retraceme 0b49e1df6cf3f0aeb5ef3cac416be440925759eab0645ffd468820e3dfa465a0:525)
10-16 11:20:18.032  3251  3251 W ResourcesManager:      at androidx.constraintlayout.core.widgets.analyzer.BasicMeasure.measure(go/retraceme 0b49e1df6cf3f0aeb5ef3cac416be440925759eab0645ffd468820e3dfa465a0:91)
10-16 11:20:18.032  3251  3251 W ResourcesManager:      at androidx.constraintlayout.widget.ConstraintLayout.resolveSystem(go/retraceme 0b49e1df6cf3f0aeb5ef3cac416be440925759eab0645ffd468820e3dfa465a0:1321)
10-16 11:20:18.032  3251  3251 W ResourcesManager:      at androidx.constraintlayout.widget.ConstraintLayout.onMeasure(go/retraceme 0b49e1df6cf3f0aeb5ef3cac416be440925759eab0645ffd468820e3dfa465a0:511)
10-16 11:20:18.032  3251  3251 W ResourcesManager:      at androidx.constraintlayout.motion.widget.MotionLayout.onMeasure(go/retraceme 0b49e1df6cf3f0aeb5ef3cac416be440925759eab0645ffd468820e3dfa465a0:81)
10-16 11:20:18.032  3251  3251 W ResourcesManager:      at com.android.systemui.util.NoRemeasureMotionLayout.onMeasure(go/retraceme 0b49e1df6cf3f0aeb5ef3cac416be440925759eab0645ffd468820e3dfa465a0:71)
10-16 11:20:18.032  3251  3251 W ResourcesManager:      at android.view.View.measure(View.java:27866)
10-16 11:20:18.032  3251  3251 W ResourcesManager:      at androidx.constraintlayout.widget.ConstraintLayout$Measurer.measure(go/retraceme 0b49e1df6cf3f0aeb5ef3cac416be440925759eab0645ffd468820e3dfa465a0:525)
10-16 11:20:18.032  3251  3251 W ResourcesManager:      at androidx.constraintlayout.core.widgets.analyzer.DependencyGraph.measure(go/retraceme 0b49e1df6cf3f0aeb5ef3cac416be440925759eab0645ffd468820e3dfa465a0:13)
10-16 11:20:18.032  3251  3251 W ResourcesManager:      at androidx.constraintlayout.core.widgets.analyzer.DependencyGraph.basicMeasureWidgets(go/retraceme 0b49e1df6cf3f0aeb5ef3cac416be440925759eab0645ffd468820e3dfa465a0:758)
10-16 11:20:18.032  3251  3251 W ResourcesManager:      at androidx.constraintlayout.widget.ConstraintLayout.resolveSystem(go/retraceme 0b49e1df6cf3f0aeb5ef3cac416be440925759eab0645ffd468820e3dfa465a0:629)
10-16 11:20:18.032  3251  3251 W ResourcesManager:      at androidx.constraintlayout.widget.ConstraintLayout.onMeasure(go/retraceme 0b49e1df6cf3f0aeb5ef3cac416be440925759eab0645ffd468820e3dfa465a0:511)
10-16 11:20:18.032  3251  3251 W ResourcesManager:      at android.view.View.measure(View.java:27866)
10-16 11:20:18.032  3251  3251 W ResourcesManager:      at android.view.ViewGroup.measureChildWithMargins(ViewGroup.java:7028)
10-16 11:20:18.032  3251  3251 W ResourcesManager:      at android.widget.FrameLayout.onMeasure(FrameLayout.java:194)
10-16 11:20:18.032  3251  3251 W ResourcesManager:      at android.view.View.measure(View.java:27866)
10-16 11:20:18.032  3251  3251 W ResourcesManager:      at android.view.ViewGroup.measureChildWithMargins(ViewGroup.java:7028)
10-16 11:20:18.032  3251  3251 W ResourcesManager:      at android.widget.FrameLayout.onMeasure(FrameLayout.java:194)
10-16 11:20:18.032  3251  3251 W ResourcesManager:      at com.android.systemui.shade.NotificationShadeWindowView.onMeasure(go/retraceme 0b49e1df6cf3f0aeb5ef3cac416be440925759eab0645ffd468820e3dfa465a0:6)
10-16 11:20:18.032  3251  3251 W ResourcesManager:      at android.view.View.measure(View.java:27866)
10-16 11:20:18.032  3251  3251 W ResourcesManager:      at android.view.ViewRootImpl.performMeasure(ViewRootImpl.java:4486)
10-16 11:20:18.032  3251  3251 W ResourcesManager:      at android.view.ViewRootImpl.performTraversals(ViewRootImpl.java:3792)
10-16 11:20:18.032  3251  3251 W ResourcesManager:      at android.view.ViewRootImpl.doTraversal(ViewRootImpl.java:2718)
10-16 11:20:18.032  3251  3251 W ResourcesManager:      at android.view.ViewRootImpl$TraversalRunnable.run(ViewRootImpl.java:9937)
10-16 11:20:18.032  3251  3251 W ResourcesManager:      at android.view.Choreographer$CallbackRecord.run(Choreographer.java:1406)
10-16 11:20:18.032  3251  3251 W ResourcesManager:      at android.view.Choreographer$CallbackRecord.run(Choreographer.java:1415)
10-16 11:20:18.032  3251  3251 W ResourcesManager:      at android.view.Choreographer.doCallbacks(Choreographer.java:1015)
10-16 11:20:18.032  3251  3251 W ResourcesManager:      at android.view.Choreographer.doFrame(Choreographer.java:945)
10-16 11:20:18.032  3251  3251 W ResourcesManager:      at android.view.Choreographer$FrameDisplayEventReceiver.run(Choreographer.java:1389)
10-16 11:20:18.032  3251  3251 W ResourcesManager:      at android.os.Handler.handleCallback(Handler.java:959)
10-16 11:20:18.032  3251  3251 W ResourcesManager:      at android.os.Handler.dispatchMessage(Handler.java:100)
10-16 11:20:18.032  3251  3251 W ResourcesManager:      at android.os.Looper.loopOnce(Looper.java:232)
10-16 11:20:18.032  3251  3251 W ResourcesManager:      at android.os.Looper.loop(Looper.java:317)
10-16 11:20:18.032  3251  3251 W ResourcesManager:      at android.app.ActivityThread.main(ActivityThread.java:8592)
10-16 11:20:18.032  3251  3251 W ResourcesManager:      at java.lang.reflect.Method.invoke(Native Method)
10-16 11:20:18.032  3251  3251 W ResourcesManager:      at com.android.internal.os.RuntimeInit$MethodAndArgsCaller.run(RuntimeInit.java:580)
10-16 11:20:18.032  3251  3251 W ResourcesManager:      at com.android.internal.os.ZygoteInit.main(ZygoteInit.java:878)
10-16 11:20:18.040  1833  1833 D ConditionProviders.SCP: Scheduling evaluate for Thu Oct 16 22:00:00 GMT+08:00 2025 (1760623200000), in +10h39m41s977ms, now=Thu Oct 16 11:20:18 GMT+08:00 2025 (1760584818023)
10-16 11:20:18.041  3251  3446 E ndroid.systemui: Invalid Idmap file: bad magic value (was 0x00000000, expected 0x504d4449)
10-16 11:20:18.041  3251  3446 E ndroid.systemui: failed to load IDMAP /data/resource-cache/data@resource-cache@android-com.drdisagree.colorblendr_dynamic_theme-nnHv.frro@idmap
10-16 11:20:18.042  3251  3446 W ResourcesManager: failed to preload asset path '/data/resource-cache/android-com.drdisagree.colorblendr_dynamic_theme-nnHv.frro'
10-16 11:20:18.042  3251  3446 W ResourcesManager: java.io.IOException: Failed to load asset path /data/resource-cache/data@resource-cache@android-com.drdisagree.colorblendr_dynamic_theme-nnHv.frro@idmap
10-16 11:20:18.042  3251  3446 W ResourcesManager:      at android.content.res.ApkAssets.nativeLoad(Native Method)
10-16 11:20:18.042  3251  3446 W ResourcesManager:      at android.content.res.ApkAssets.<init>(ApkAssets.java:303)
10-16 11:20:18.042  3251  3446 W ResourcesManager:      at android.content.res.ApkAssets.loadOverlayFromPath(ApkAssets.java:223)
10-16 11:20:18.042  3251  3446 W ResourcesManager:      at android.app.ResourcesManager.loadApkAssets(ResourcesManager.java:479)
10-16 11:20:18.042  3251  3446 W ResourcesManager:      at android.app.ResourcesManager.-$$Nest$mloadApkAssets(Unknown Source:0)
10-16 11:20:18.042  3251  3446 W ResourcesManager:      at android.app.ResourcesManager$ApkAssetsSupplier.load(ResourcesManager.java:174)
10-16 11:20:18.042  3251  3446 W ResourcesManager:      at android.app.ResourcesManager.createApkAssetsSupplierNotLocked(ResourcesManager.java:1014)
10-16 11:20:18.042  3251  3446 W ResourcesManager:      at android.app.ResourcesManager.getResources(ResourcesManager.java:1135)
10-16 11:20:18.042  3251  3446 W ResourcesManager:      at android.app.ActivityThread.getTopLevelResources(ActivityThread.java:2749)
10-16 11:20:18.042  3251  3446 W ResourcesManager:      at android.app.ApplicationPackageManager.getResourcesForApplication(ApplicationPackageManager.java:2107)
10-16 11:20:18.042  3251  3446 W ResourcesManager:      at android.app.ApplicationPackageManager.getResourcesForApplication(ApplicationPackageManager.java:2093)
10-16 11:20:18.042  3251  3446 W ResourcesManager:      at androidx.core.graphics.drawable.IconCompat.getResources(go/retraceme 0b49e1df6cf3f0aeb5ef3cac416be440925759eab0645ffd468820e3dfa465a0:27)
10-16 11:20:18.042  3251  3446 W ResourcesManager:      at androidx.core.graphics.drawable.IconCompat.createFromIcon(go/retraceme 0b49e1df6cf3f0aeb5ef3cac416be440925759eab0645ffd468820e3dfa465a0:18)
10-16 11:20:18.042  3251  3446 W ResourcesManager:      at androidx.slice.SliceConvert.wrap(go/retraceme 0b49e1df6cf3f0aeb5ef3cac416be440925759eab0645ffd468820e3dfa465a0:253)
10-16 11:20:18.042  3251  3446 W ResourcesManager:      at androidx.slice.SliceConvert.wrap(go/retraceme 0b49e1df6cf3f0aeb5ef3cac416be440925759eab0645ffd468820e3dfa465a0:197)
10-16 11:20:18.042  3251  3446 W ResourcesManager:      at androidx.slice.SliceConvert.wrap(go/retraceme 0b49e1df6cf3f0aeb5ef3cac416be440925759eab0645ffd468820e3dfa465a0:197)
10-16 11:20:18.042  3251  3446 W ResourcesManager:      at androidx.slice.SliceViewManagerBase$SliceListenerImpl$1.run(go/retraceme 0b49e1df6cf3f0aeb5ef3cac416be440925759eab0645ffd468820e3dfa465a0:82)
10-16 11:20:18.042  3251  3446 W ResourcesManager:      at android.os.AsyncTask$SerialExecutor$1.run(AsyncTask.java:305)
10-16 11:20:18.042  3251  3446 W ResourcesManager:      at java.util.concurrent.ThreadPoolExecutor.runWorker(ThreadPoolExecutor.java:1145)
10-16 11:20:18.042  3251  3446 W ResourcesManager:      at java.util.concurrent.ThreadPoolExecutor$Worker.run(ThreadPoolExecutor.java:644)
10-16 11:20:18.042  3251  3446 W ResourcesManager:      at java.lang.Thread.run(Thread.java:1012)
10-16 11:20:18.042  3251  3446 E ndroid.systemui: Invalid Idmap file: bad magic value (was 0x00000000, expected 0x504d4449)
10-16 11:20:18.042  3251  3446 E ndroid.systemui: failed to load IDMAP /data/resource-cache/data@resource-cache@android-com.drdisagree.colorblendr_dynamic_theme_system-Gq0D.frro@idmap
10-16 11:20:18.042  3251  3446 W ResourcesManager: failed to preload asset path '/data/resource-cache/android-com.drdisagree.colorblendr_dynamic_theme_system-Gq0D.frro'
10-16 11:20:18.042  3251  3446 W ResourcesManager: java.io.IOException: Failed to load asset path /data/resource-cache/data@resource-cache@android-com.drdisagree.colorblendr_dynamic_theme_system-Gq0D.frro@idmap
10-16 11:20:18.042  3251  3446 W ResourcesManager:      at android.content.res.ApkAssets.nativeLoad(Native Method)
10-16 11:20:18.042  3251  3446 W ResourcesManager:      at android.content.res.ApkAssets.<init>(ApkAssets.java:303)
10-16 11:20:18.042  3251  3446 W ResourcesManager:      at android.content.res.ApkAssets.loadOverlayFromPath(ApkAssets.java:223)
10-16 11:20:18.042  3251  3446 W ResourcesManager:      at android.app.ResourcesManager.loadApkAssets(ResourcesManager.java:479)
10-16 11:20:18.042  3251  3446 W ResourcesManager:      at android.app.ResourcesManager.-$$Nest$mloadApkAssets(Unknown Source:0)
10-16 11:20:18.042  3251  3446 W ResourcesManager:      at android.app.ResourcesManager$ApkAssetsSupplier.load(ResourcesManager.java:174)
10-16 11:20:18.042  3251  3446 W ResourcesManager:      at android.app.ResourcesManager.createApkAssetsSupplierNotLocked(ResourcesManager.java:1014)
10-16 11:20:18.042  3251  3446 W ResourcesManager:      at android.app.ResourcesManager.getResources(ResourcesManager.java:1135)
10-16 11:20:18.042  3251  3446 W ResourcesManager:      at android.app.ActivityThread.getTopLevelResources(ActivityThread.java:2749)
10-16 11:20:18.042  3251  3446 W ResourcesManager:      at android.app.ApplicationPackageManager.getResourcesForApplication(ApplicationPackageManager.java:2107)
10-16 11:20:18.042  3251  3446 W ResourcesManager:      at android.app.ApplicationPackageManager.getResourcesForApplication(ApplicationPackageManager.java:2093)
10-16 11:20:18.042  3251  3446 W ResourcesManager:      at androidx.core.graphics.drawable.IconCompat.getResources(go/retraceme 0b49e1df6cf3f0aeb5ef3cac416be440925759eab0645ffd468820e3dfa465a0:27)
10-16 11:20:18.042  3251  3446 W ResourcesManager:      at androidx.core.graphics.drawable.IconCompat.createFromIcon(go/retraceme 0b49e1df6cf3f0aeb5ef3cac416be440925759eab0645ffd468820e3dfa465a0:18)
10-16 11:20:18.042  3251  3446 W ResourcesManager:      at androidx.slice.SliceConvert.wrap(go/retraceme 0b49e1df6cf3f0aeb5ef3cac416be440925759eab0645ffd468820e3dfa465a0:253)
10-16 11:20:18.042  3251  3446 W ResourcesManager:      at androidx.slice.SliceConvert.wrap(go/retraceme 0b49e1df6cf3f0aeb5ef3cac416be440925759eab0645ffd468820e3dfa465a0:197)
10-16 11:20:18.042  3251  3446 W ResourcesManager:      at androidx.slice.SliceConvert.wrap(go/retraceme 0b49e1df6cf3f0aeb5ef3cac416be440925759eab0645ffd468820e3dfa465a0:197)
10-16 11:20:18.042  3251  3446 W ResourcesManager:      at androidx.slice.SliceViewManagerBase$SliceListenerImpl$1.run(go/retraceme 0b49e1df6cf3f0aeb5ef3cac416be440925759eab0645ffd468820e3dfa465a0:82)
10-16 11:20:18.042  3251  3446 W ResourcesManager:      at android.os.AsyncTask$SerialExecutor$1.run(AsyncTask.java:305)
10-16 11:20:18.042  3251  3446 W ResourcesManager:      at java.util.concurrent.ThreadPoolExecutor.runWorker(ThreadPoolExecutor.java:1145)
10-16 11:20:18.042  3251  3446 W ResourcesManager:      at java.util.concurrent.ThreadPoolExecutor$Worker.run(ThreadPoolExecutor.java:644)
10-16 11:20:18.042  3251  3446 W ResourcesManager:      at java.lang.Thread.run(Thread.java:1012)
10-16 11:20:18.042  3251  3446 E ndroid.systemui: Invalid Idmap file: bad magic value (was 0x00000000, expected 0x504d4449)
10-16 11:20:18.042  3251  3446 E ndroid.systemui: failed to load IDMAP /data/resource-cache/data@resource-cache@android-com.drdisagree.colorblendr_dynamic_theme-nnHv.frro@idmap
10-16 11:20:18.042  3251  3446 W ResourcesManager: failed to preload asset path '/data/resource-cache/android-com.drdisagree.colorblendr_dynamic_theme-nnHv.frro'
10-16 11:20:18.042  3251  3446 W ResourcesManager: java.io.IOException: Failed to load asset path /data/resource-cache/data@resource-cache@android-com.drdisagree.colorblendr_dynamic_theme-nnHv.frro@idmap
10-16 11:20:18.042  3251  3446 W ResourcesManager:      at android.content.res.ApkAssets.nativeLoad(Native Method)
10-16 11:20:18.042  3251  3446 W ResourcesManager:      at android.content.res.ApkAssets.<init>(ApkAssets.java:303)
10-16 11:20:18.042  3251  3446 W ResourcesManager:      at android.content.res.ApkAssets.loadOverlayFromPath(ApkAssets.java:223)
10-16 11:20:18.042  3251  3446 W ResourcesManager:      at android.app.ResourcesManager.loadApkAssets(ResourcesManager.java:479)
10-16 11:20:18.042  3251  3446 W ResourcesManager:      at android.app.ResourcesManager.-$$Nest$mloadApkAssets(Unknown Source:0)
