10-16 11:20:18.289  4024  4024 I AndroidRuntime: Leaving lock profiling enabled
10-16 11:20:18.294  4099  4099 I HidlLazyUtils: Registering HAL: vendor.qti.hardware.alarm@1.0::IAlarm with name: default
10-16 11:20:18.296  4099  4099 I HidlServiceManagement: Registered vendor.qti.hardware.alarm@1.0::IAlarm/default
10-16 11:20:18.296  4099  4099 I HidlServiceManagement: Removing namespace from process name vendor.qti.hardware.alarm@1.0-service to alarm@1.0-service.
10-16 11:20:18.297  4099  4099 I LegacySupport: Registration complete for vendor.qti.hardware.alarm@1.0::IAlarm/default.
10-16 11:20:18.291  3932  4053 I ModuleSetResolution: Computing pending module set with APKs: [[AdsFdrDynamite.integ:250505301100000], [AdsFdrDynamite.integ:253405700100000], [Appsearch.optional:253931100400], [Appsearch.optional:254031100400], [Fastpair.optional:253931100000], [Fastpair.optional:254031100000], [Games.optional:253931100000], [Games.optional:254031100000], [MapsCoreDynamite.integ:253425402100400], [MlkitBarcodeUi.optional:253931100400], [MlkitBarcodeUi.optional:254031100400], [MlkitOcrCommon.optional:253931100400], [MlkitOcrCommon.optional:254031100400], [PlayCloudSearch.optional:253931100000], [PlayCloudSearch.optional:254031100000], [TfliteDynamiteDynamite.integ:243930802100400], [VisionBarcode.optional:253931100400], [VisionBarcode.optional:254031100400], [VisionFace.optional:253931100400], [VisionFace.optional:254031100400], [VisionOcr.optional:253931100000], [VisionOcr.optional:254031100000], [Cronetdynamite:253931190400], [Dynamiteloader:253931190000], [Dynamitemodulesa:253931190000], [Dynamitemodulesc:253931190000], [Googlecertificates:253931190000], [Mapsdynamite:253931190000], [Measurementdynamite:253931190000]]
10-16 11:20:18.298   642   642 I hw-BpHwBinder: onLastStrongRef automatically unlinking death recipients
10-16 11:20:18.298  4065  4065 I android_os_HwBinder: HwBinder: Starting thread pool for getting: vendor.qti.hardware.alarm@1.0::IAlarm/default
10-16 11:20:18.298  4099  4099 D vendor.qti.hardware.alarm@1.0-impl: alarm hal getAlarm
10-16 11:20:18.299  4024  4024 I com.drdisagree.colorblendr:root:0: Core platform API reporting enabled, enforcing=false
10-16 11:20:18.299  4065  4065 D AlarmAdapterManager: Alarm AIDL service is not declared
10-16 11:20:18.300  4024  4024 I com.drdisagree.colorblendr:root:0: Using CollectorTypeCC GC.
10-16 11:20:18.300  1833  2972 D GrammaticalInflection: The flag must be enabled to allow calling the API.
10-16 11:20:18.301  1833  2972 D CompatibilityChangeReporter: Compat change id reported: 135634846; UID 10162; state: DISABLED
10-16 11:20:18.301  1833  2972 D CompatibilityChangeReporter: Compat change id reported: 177438394; UID 10162; state: DISABLED
10-16 11:20:18.301  1833  2972 D CompatibilityChangeReporter: Compat change id reported: 135772972; UID 10162; state: DISABLED
10-16 11:20:18.301  1833  2972 D CompatibilityChangeReporter: Compat change id reported: 135754954; UID 10162; state: ENABLED
10-16 11:20:18.301   642   642 I hwservicemanager: Notifying vendor.qti.hardware.alarm@1.0::IAlarm/default they have clients: 1
10-16 11:20:18.301  4065  4065 I android_os_HwBinder: HwBinder: Starting thread pool for getting: vendor.qti.hardware.alarm@1.0::IAlarm/default
10-16 11:20:18.301  4099  4099 I HidlLazyUtils: Process has 1 (of 1 available) client(s) in use after notification vendor.qti.hardware.alarm@1.0::IAlarm/default has clients: 1
10-16 11:20:18.301  1833  2973 D CompatibilityChangeReporter: Compat change id reported: 143937733; UID 10162; state: ENABLED
10-16 11:20:18.302  4099  4099 D vendor.qti.hardware.alarm@1.0-impl: alarm hal getRtcTime
10-16 11:20:18.302  4065  4065 D PowerOffAlarm: getRtcTime: 169626499
10-16 11:20:18.307  1247  1247 D Zygote  : Forked child process 4124
10-16 11:20:18.307  4065  4065 D AlarmAdapterManager: Alarm AIDL service is not declared
10-16 11:20:18.308  1833  2973 I ActivityManager: Start proc 4124:org.protonaosp.deviceconfig/u0a162 for broadcast {org.protonaosp.deviceconfig/org.protonaosp.deviceconfig.BootReceiver}
10-16 11:20:18.311  4065  4065 I android_os_HwBinder: HwBinder: Starting thread pool for getting: vendor.qti.hardware.alarm@1.0::IAlarm/default
10-16 11:20:18.311  4099  4099 D vendor.qti.hardware.alarm@1.0-impl: alarm hal setAlarm time
10-16 11:20:18.330  4096  4121 I SimpleSettingsConfig: Updating settings storage at boot
10-16 11:20:18.335  4124  4124 I sp.deviceconfig: Using CollectorTypeCC GC.
10-16 11:20:18.337     0     0 I binder  : 4124:4124 ioctl 40046210 7fc4516264 returned -22
10-16 11:20:18.337  4124  4124 E sp.deviceconfig: Not starting debugger since process cannot load the jdwp agent.
10-16 11:20:18.342  4124  4124 D nativeloader: Load libframework-connectivity-tiramisu-jni.so using APEX ns com_android_tethering for caller /apex/com.android.tethering/javalib/framework-connectivity-t.jar: ok
10-16 11:20:18.347  1833  3751 D CompatibilityChangeReporter: Compat change id reported: 168419799; UID 10162; state: DISABLED
10-16 11:20:18.347  1833  3751 D CompatibilityChangeReporter: Compat change id reported: 273564678; UID 10162; state: DISABLED
10-16 11:20:18.348  1833  3432 D FileUtils: Rounded bytes from 12252082176 to 16000000000
10-16 11:20:18.351  1833  2761 I system_server: Background young concurrent copying GC freed 77MB AllocSpace bytes, 2(56KB) LOS objects, 48% free, 76MB/149MB, paused 5.483ms,714us total 74.115ms
10-16 11:20:18.353  1833  2763 W System  : A resource failed to call close.
10-16 11:20:18.354  1833  3020 D CompatibilityChangeReporter: Compat change id reported: 265195908; UID 10162; state: ENABLED
10-16 11:20:18.357  4124  4124 D CompatibilityChangeReporter: Compat change id reported: 171979766; UID 10162; state: ENABLED
10-16 11:20:18.357  4124  4124 D CompatibilityChangeReporter: Compat change id reported: 242716250; UID 10162; state: ENABLED
10-16 11:20:18.358  1833  3751 D CompatibilityChangeReporter: Compat change id reported: 170503758; UID 10162; state: ENABLED
10-16 11:20:18.364  4124  4124 D nativeloader: Configuring clns-shared-4 for other apk /system_ext/priv-app/SimpleDeviceConfig/SimpleDeviceConfig.apk. target_sdk_version=34, uses_libraries=, library_path=/system_ext/priv-app/SimpleDeviceConfig/lib/arm64:/system/lib64:/system_ext/lib64, permitted_path=/data:/mnt/expand:/data/user/0/org.protonaosp.deviceconfig:/system_ext/priv-app/SimpleDeviceConfig:/system/lib64:/system_ext/lib64
10-16 11:20:18.366  4124  4124 E sp.deviceconfig: Invalid Idmap file: bad magic value (was 0x00000000, expected 0x504d4449)
10-16 11:20:18.366  4124  4124 E sp.deviceconfig: failed to load IDMAP /data/resource-cache/data@resource-cache@android-com.drdisagree.colorblendr_dynamic_theme-nnHv.frro@idmap
10-16 11:20:18.366  4124  4124 W ResourcesManager: failed to preload asset path '/data/resource-cache/android-com.drdisagree.colorblendr_dynamic_theme-nnHv.frro'
10-16 11:20:18.366  4124  4124 W ResourcesManager: java.io.IOException: Failed to load asset path /data/resource-cache/data@resource-cache@android-com.drdisagree.colorblendr_dynamic_theme-nnHv.frro@idmap
10-16 11:20:18.366  4124  4124 W ResourcesManager:      at android.content.res.ApkAssets.nativeLoad(Native Method)
10-16 11:20:18.366  4124  4124 W ResourcesManager:      at android.content.res.ApkAssets.<init>(ApkAssets.java:303)
10-16 11:20:18.366  4124  4124 W ResourcesManager:      at android.content.res.ApkAssets.loadOverlayFromPath(ApkAssets.java:223)
10-16 11:20:18.366  4124  4124 W ResourcesManager:      at android.app.ResourcesManager.loadApkAssets(ResourcesManager.java:479)
10-16 11:20:18.366  4124  4124 W ResourcesManager:      at android.app.ResourcesManager.-$$Nest$mloadApkAssets(Unknown Source:0)
10-16 11:20:18.366  4124  4124 W ResourcesManager:      at android.app.ResourcesManager$ApkAssetsSupplier.load(ResourcesManager.java:174)
10-16 11:20:18.366  4124  4124 W ResourcesManager:      at android.app.ResourcesManager.createApkAssetsSupplierNotLocked(ResourcesManager.java:1014)
10-16 11:20:18.366  4124  4124 W ResourcesManager:      at android.app.ResourcesManager.getResources(ResourcesManager.java:1135)
10-16 11:20:18.366  4124  4124 W ResourcesManager:      at android.app.LoadedApk.getResources(LoadedApk.java:1375)
10-16 11:20:18.366  4124  4124 W ResourcesManager:      at android.app.ContextImpl.createAppContext(ContextImpl.java:3336)
10-16 11:20:18.366  4124  4124 W ResourcesManager:      at android.app.ContextImpl.createAppContext(ContextImpl.java:3327)
10-16 11:20:18.366  4124  4124 W ResourcesManager:      at android.app.ActivityThread.handleBindApplication(ActivityThread.java:7277)
10-16 11:20:18.366  4124  4124 W ResourcesManager:      at android.app.ActivityThread.-$$Nest$mhandleBindApplication(Unknown Source:0)
10-16 11:20:18.366  4124  4124 W ResourcesManager:      at android.app.ActivityThread$H.handleMessage(ActivityThread.java:2379)
10-16 11:20:18.366  4124  4124 W ResourcesManager:      at android.os.Handler.dispatchMessage(Handler.java:107)
10-16 11:20:18.366  4124  4124 W ResourcesManager:      at android.os.Looper.loopOnce(Looper.java:232)
10-16 11:20:18.366  4124  4124 W ResourcesManager:      at android.os.Looper.loop(Looper.java:317)
10-16 11:20:18.366  4124  4124 W ResourcesManager:      at android.app.ActivityThread.main(ActivityThread.java:8592)
10-16 11:20:18.366  4124  4124 W ResourcesManager:      at java.lang.reflect.Method.invoke(Native Method)
10-16 11:20:18.366  4124  4124 W ResourcesManager:      at com.android.internal.os.RuntimeInit$MethodAndArgsCaller.run(RuntimeInit.java:580)
10-16 11:20:18.366  4124  4124 W ResourcesManager:      at com.android.internal.os.ZygoteInit.main(ZygoteInit.java:878)
10-16 11:20:18.367  4124  4124 E sp.deviceconfig: Invalid Idmap file: bad magic value (was 0x00000000, expected 0x504d4449)
10-16 11:20:18.367  4124  4124 E sp.deviceconfig: failed to load IDMAP /data/resource-cache/data@resource-cache@android-com.drdisagree.colorblendr_dynamic_theme-nnHv.frro@idmap
10-16 11:20:18.367  4124  4124 W ResourcesManager: failed to add overlay path '/data/resource-cache/android-com.drdisagree.colorblendr_dynamic_theme-nnHv.frro'
10-16 11:20:18.367  4124  4124 W ResourcesManager: java.io.IOException: Failed to load asset path /data/resource-cache/data@resource-cache@android-com.drdisagree.colorblendr_dynamic_theme-nnHv.frro@idmap
10-16 11:20:18.367  4124  4124 W ResourcesManager:      at android.content.res.ApkAssets.nativeLoad(Native Method)
10-16 11:20:18.367  4124  4124 W ResourcesManager:      at android.content.res.ApkAssets.<init>(ApkAssets.java:303)
10-16 11:20:18.367  4124  4124 W ResourcesManager:      at android.content.res.ApkAssets.loadOverlayFromPath(ApkAssets.java:223)
10-16 11:20:18.367  4124  4124 W ResourcesManager:      at android.app.ResourcesManager.loadApkAssets(ResourcesManager.java:479)
10-16 11:20:18.367  4124  4124 W ResourcesManager:      at android.app.ResourcesManager.-$$Nest$mloadApkAssets(Unknown Source:0)
10-16 11:20:18.367  4124  4124 W ResourcesManager:      at android.app.ResourcesManager$ApkAssetsSupplier.load(ResourcesManager.java:174)
10-16 11:20:18.367  4124  4124 W ResourcesManager:      at android.app.ResourcesManager.createAssetManager(ResourcesManager.java:560)
10-16 11:20:18.367  4124  4124 W ResourcesManager:      at android.app.ResourcesManager.createResourcesImpl(ResourcesManager.java:647)
10-16 11:20:18.367  4124  4124 W ResourcesManager:      at android.app.ResourcesManager.findOrCreateResourcesImplForKeyLocked(ResourcesManager.java:699)
10-16 11:20:18.367  4124  4124 W ResourcesManager:      at android.app.ResourcesManager.createResources(ResourcesManager.java:1045)
10-16 11:20:18.367  4124  4124 W ResourcesManager:      at android.app.ResourcesManager.getResources(ResourcesManager.java:1148)
10-16 11:20:18.367  4124  4124 W ResourcesManager:      at android.app.LoadedApk.getResources(LoadedApk.java:1375)
10-16 11:20:18.367  4124  4124 W ResourcesManager:      at android.app.ContextImpl.createAppContext(ContextImpl.java:3336)
10-16 11:20:18.367  4124  4124 W ResourcesManager:      at android.app.ContextImpl.createAppContext(ContextImpl.java:3327)
10-16 11:20:18.367  4124  4124 W ResourcesManager:      at android.app.ActivityThread.handleBindApplication(ActivityThread.java:7277)
10-16 11:20:18.367  4124  4124 W ResourcesManager:      at android.app.ActivityThread.-$$Nest$mhandleBindApplication(Unknown Source:0)
10-16 11:20:18.367  4124  4124 W ResourcesManager:      at android.app.ActivityThread$H.handleMessage(ActivityThread.java:2379)
10-16 11:20:18.367  4124  4124 W ResourcesManager:      at android.os.Handler.dispatchMessage(Handler.java:107)
10-16 11:20:18.367  4124  4124 W ResourcesManager:      at android.os.Looper.loopOnce(Looper.java:232)
10-16 11:20:18.367  4124  4124 W ResourcesManager:      at android.os.Looper.loop(Looper.java:317)
10-16 11:20:18.367  4124  4124 W ResourcesManager:      at android.app.ActivityThread.main(ActivityThread.java:8592)
10-16 11:20:18.367  4124  4124 W ResourcesManager:      at java.lang.reflect.Method.invoke(Native Method)
10-16 11:20:18.367  4124  4124 W ResourcesManager:      at com.android.internal.os.RuntimeInit$MethodAndArgsCaller.run(RuntimeInit.java:580)
10-16 11:20:18.367  4124  4124 W ResourcesManager:      at com.android.internal.os.ZygoteInit.main(ZygoteInit.java:878)
10-16 11:20:18.370  4124  4124 W ContextImpl: Failed to ensure /data/user/0/org.protonaosp.deviceconfig/cache: mkdir failed: errno 126 (Required key not available)
10-16 11:20:18.370  4124  4124 W ContextImpl: Failed to update user.inode_cache: stat failed: ENOENT (No such file or directory)
10-16 11:20:18.370  4124  4124 V GraphicsEnvironment: Currently set values for:
10-16 11:20:18.370  4124  4124 V GraphicsEnvironment:   angle_gl_driver_selection_pkgs=[]
10-16 11:20:18.371  4124  4124 V GraphicsEnvironment:   angle_gl_driver_selection_values=[]
10-16 11:20:18.371  4124  4124 V GraphicsEnvironment: Global.Settings values are invalid: number of packages: 0, number of values: 0
10-16 11:20:18.371  4124  4124 V GraphicsEnvironment: Neither updatable production driver nor prerelease driver is supported.
10-16 11:20:18.371  3932  4053 I ModuleSetResolution: Pending container module APKs: [[Appsearch.optional:253931100400], [Fastpair.optional:253931100000], [Games.optional:253931100000], [MapsCoreDynamite.integ:253425402100400], [MlkitBarcodeUi.optional:253931100400], [MlkitOcrCommon.optional:253931100400], [PlayCloudSearch.optional:253931100000], [TfliteDynamiteDynamite.integ:243930802100400], [VisionBarcode.optional:253931100400], [VisionFace.optional:253931100400], [VisionOcr.optional:253931100000]]
10-16 11:20:18.371  3932  4053 I ModuleSetResolution: Pending non-container module APKs: [[AdsFdrDynamite.integ:253405700100000]]
10-16 11:20:18.377  4124  4149 I SimpleDeviceConfig: Updating device config at boot
10-16 11:20:18.402  1833  3751 W ActivityManager: Unable to start service Intent { act=com.google.android.gms.phenotype.service.START pkg=com.google.android.gms } U=0: not found
10-16 11:20:18.406  4020  4128 W Sensors : Cannot get virtualdevice_native service
10-16 11:20:18.407  1833  3734 W ActivityManager: Unbind failed: could not find connection for android.os.BinderProxy@d190727
10-16 11:20:18.423  4020  4083 W GmsClient: unable to connect to service: com.google.android.gms.phenotype.service.START on com.google.android.gms
10-16 11:20:18.432  1833  3432 D CompatibilityChangeReporter: Compat change id reported: 261072174; UID 10134; state: ENABLED
10-16 11:20:18.444  3720  3720 D BoundBrokerSvc: onBind: Intent { act=com.google.android.gms.clearcut.service.START pkg=com.google.android.gms }
10-16 11:20:18.444  3720  3720 D BoundBrokerSvc: Loading bound service for intent: Intent { act=com.google.android.gms.clearcut.service.START pkg=com.google.android.gms }
10-16 11:20:18.473  1833  3432 W ActivityManager: Unable to start service Intent { act=com.google.android.contextmanager.service.ContextManagerService.START pkg=com.google.android.gms } U=0: not found
10-16 11:20:18.474  1833  3432 W ActivityManager: Unbind failed: could not find connection for android.os.BinderProxy@3db41f
10-16 11:20:18.475  4020  4083 W GmsClient: unable to connect to service: com.google.android.contextmanager.service.ContextManagerService.START on com.google.android.gms
10-16 11:20:18.478  1833  3456 D CompatibilityChangeReporter: Compat change id reported: 261072174; UID 10137; state: ENABLED
10-16 11:20:18.484  3720  3720 D BoundBrokerSvc: onBind: Intent { act=com.google.android.gms.clearcut.service.START dat=chimera-action:/... cmp=com.google.android.gms/.chimera.PersistentDirectBootAwareApiService }
10-16 11:20:18.484  3720  3720 D BoundBrokerSvc: Loading bound service for intent: Intent { act=com.google.android.gms.clearcut.service.START dat=chimera-action:/... cmp=com.google.android.gms/.chimera.PersistentDirectBootAwareApiService }
10-16 11:20:18.486  3720  4159 W ContextImpl: Failed to ensure /data/user/0/com.google.android.gms/files: mkdir failed: errno 126 (Required key not available)
10-16 11:20:18.495  3720  3768 I DynamiteModule: Considering local module com.google.android.gms.googlecertificates:7 and remote module com.google.android.gms.googlecertificates:0
10-16 11:20:18.496  3720  3768 I DynamiteModule: Selected local version of com.google.android.gms.googlecertificates
10-16 11:20:18.498  4020  4160 E MendelPackageState: Failed to commit to config
10-16 11:20:18.498  4020  4160 E MendelPackageState: iws: 17: 17: API: Phenotype.API is not available on this device. Connection failed with: hei{statusCode=API_UNAVAILABLE, resolution=null, message=null}
10-16 11:20:18.498  4020  4160 E MendelPackageState:    at ijz.a(PG:18)
10-16 11:20:18.498  4020  4160 E MendelPackageState:    at lka.f(PG:2)
10-16 11:20:18.498  4020  4160 E MendelPackageState:    at lkc.run(PG:10)
10-16 11:20:18.498  4020  4160 E MendelPackageState:    at llu.execute(PG:1)
10-16 11:20:18.498  4020  4160 E MendelPackageState:    at lkr.i(PG:1)
10-16 11:20:18.498  4020  4160 E MendelPackageState:    at lkr.l(PG:12)
10-16 11:20:18.498  4020  4160 E MendelPackageState:    at lkr.d(PG:4)
10-16 11:20:18.498  4020  4160 E MendelPackageState:    at ijg.d(PG:1)
10-16 11:20:18.498  4020  4160 E MendelPackageState:    at ijf.a(PG:5)
10-16 11:20:18.498  4020  4160 E MendelPackageState:    at awx.run(PG:3)
10-16 11:20:18.498  4020  4160 E MendelPackageState:    at llu.execute(PG:1)
10-16 11:20:18.498  4020  4160 E MendelPackageState:    at hum.a(PG:7)
10-16 11:20:18.498  4020  4160 E MendelPackageState:    at ndh.d(PG:5)
10-16 11:20:18.498  4020  4160 E MendelPackageState:    at eve.h(PG:4)
10-16 11:20:18.498  4020  4160 E MendelPackageState:    at hgi.d(PG:1)
10-16 11:20:18.498  4020  4160 E MendelPackageState:    at hhc.s(PG:7)
10-16 11:20:18.498  4020  4160 E MendelPackageState:    at hhc.f(PG:2)
10-16 11:20:18.498  4020  4160 E MendelPackageState:    at hhc.j(PG:20)
10-16 11:20:18.498  4020  4160 E MendelPackageState:    at hhc.i(PG:1)
10-16 11:20:18.498  4020  4160 E MendelPackageState:    at awx.run(PG:39)
10-16 11:20:18.498  4020  4160 E MendelPackageState:    at android.os.Handler.handleCallback(Handler.java:959)
10-16 11:20:18.498  4020  4160 E MendelPackageState:    at android.os.Handler.dispatchMessage(Handler.java:100)
10-16 11:20:18.498  4020  4160 E MendelPackageState:    at android.os.Looper.loopOnce(Looper.java:232)
10-16 11:20:18.498  4020  4160 E MendelPackageState:    at android.os.Looper.loop(Looper.java:317)
10-16 11:20:18.498  4020  4160 E MendelPackageState:    at android.os.HandlerThread.run(HandlerThread.java:85)
10-16 11:20:18.498  4020  4160 E MendelPackageState: Caused by: hfn: 17: API: Phenotype.API is not available on this device. Connection failed with: hei{statusCode=API_UNAVAILABLE, resolution=null, message=null}
10-16 11:20:18.498  4020  4160 E MendelPackageState:    at hxk.bD(PG:1)
10-16 11:20:18.498  4020  4160 E MendelPackageState:    at loi.a(PG:3)
10-16 11:20:18.498  4020  4160 E MendelPackageState:    ... 11 more
10-16 11:20:18.540  3720  3756 W ActivityThread: Failed to find provider info for com.google.android.gsf.gservices (user not unlocked)
10-16 11:20:18.547  1833  3456 D CompatibilityChangeReporter: Compat change id reported: 172251878; UID 10134; state: ENABLED
10-16 11:20:18.548  3251  3251 D TileServices: Couldn't find tile for ComponentInfo{com.google.android.apps.wellbeing/com.google.android.apps.wellbeing.screen.ui.GrayscaleTileService}(0)
10-16 11:20:18.570  3517  3645 I m.android.phone: NativeAlloc concurrent copying GC freed 26MB AllocSpace bytes, 0(0B) LOS objects, 75% free, 15MB/62MB, paused 51us,17us total 185.987ms
10-16 11:20:18.575  4024  4024 D nativeloader: InitDefaultPublicLibraries for_preload=1: libandroid.so:libaaudio.so:libamidi.so:libbinder_ndk.so:libc.so:libcamera2ndk.so:libdl.so:libEGL.so:libGLESv1_CM.so:libGLESv2.so:libGLESv3.so:libicu.so:libicui18n.so:libicuuc.so:libjnigraphics.so:liblog.so:libmediandk.so:libm.so:libnativehelper.so:libnativewindow.so:libOpenMAXAL.so:libOpenSLES.so:libRS.so:libstdc++.so:libsync.so:libvulkan.so:libwebviewchromium_plat_support.so:libz.so
10-16 11:20:18.583  4020  4128 D CompatibilityChangeReporter: Compat change id reported: 160794467; UID 10134; state: ENABLED
10-16 11:20:18.588  3720  3768 W GoogleCertificates: GoogleCertificates has been initialized already
10-16 11:20:18.608  4024  4024 D nativeloader: Load libicu_jni.so using APEX ns com_android_art for caller /apex/com.android.art/javalib/core-oj.jar: ok
10-16 11:20:18.608  4024  4024 D com.drdisagree.colorblendr:root:0: Time zone APEX ICU file found: /apex/com.android.tzdata/etc/icu/icu_tzdata.dat
10-16 11:20:18.609  4024  4024 D com.drdisagree.colorblendr:root:0: I18n APEX ICU file found: /apex/com.android.i18n/etc/icu/icudt72l.dat
10-16 11:20:18.611  4024  4024 D nativeloader: Load libjavacore.so using APEX ns com_android_art for caller /apex/com.android.art/javalib/core-oj.jar: ok
10-16 11:20:18.614  4024  4024 D nativeloader: Load libopenjdk.so using APEX ns com_android_art for caller /apex/com.android.art/javalib/core-oj.jar: ok
10-16 11:20:18.620  1833  3456 D WallpaperManagerService: WPMS.saveSettingsLocked-0
10-16 11:20:18.624  4024  4024 W ziparchive: Unable to open '/data/user_de/0/com.drdisagree.colorblendr/cache/main.dm': No such file or directory
10-16 11:20:18.644  1833  2964 D ColorDisplayService: Setting saturation level: 100
10-16 11:20:18.648  3251  3251 D TileServices: Couldn't find tile for ComponentInfo{com.google.android.apps.wellbeing/com.google.android.apps.wellbeing.screen.ui.GrayscaleTileService}(0)
10-16 11:20:18.668  1833  2964 D ColorDisplayService: Setting saturation level: 100
10-16 11:20:18.670  1833  2964 D ColorDisplayService: GlobalSaturationTintController Animation cancelled: true to matrix:
10-16 11:20:18.670  1833  2964 D ColorDisplayService:        1.000000 0.000000 0.000000 0.000000 0.000000 1.000000 0.000000 0.000000 0.000000 0.000000 1.000000 0.000000 0.000000 0.000000 0.000000 1.000000 min matrix coefficients:
10-16 11:20:18.670  1833  2964 D ColorDisplayService:        1.000000 0.000000 0.000000 0.000000 0.000000 1.000000 0.000000 0.000000 0.000000 0.000000 1.000000 0.000000 0.000000 0.000000 0.000000 1.000000 max matrix coefficients:
10-16 11:20:18.670  1833  2964 D ColorDisplayService:        1.000000 0.000000 0.000000 0.000000 0.000000 1.000000 0.000000 0.000000 0.000000 0.000000 1.000000 0.000000 0.000000 0.000000 0.000000 1.000000
10-16 11:20:18.679  1833  2964 D ColorDisplayService: Setting saturation level: 100
10-16 11:20:18.680  1833  2964 D ColorDisplayService: GlobalSaturationTintController Animation cancelled: true to matrix:
10-16 11:20:18.680  1833  2964 D ColorDisplayService:        1.000000 0.000000 0.000000 0.000000 0.000000 1.000000 0.000000 0.000000 0.000000 0.000000 1.000000 0.000000 0.000000 0.000000 0.000000 1.000000 min matrix coefficients:
10-16 11:20:18.680  1833  2964 D ColorDisplayService:        1.000000 0.000000 0.000000 0.000000 0.000000 1.000000 0.000000 0.000000 0.000000 0.000000 1.000000 0.000000 0.000000 0.000000 0.000000 1.000000 max matrix coefficients:
10-16 11:20:18.680  1833  2964 D ColorDisplayService:        1.000000 0.000000 0.000000 0.000000 0.000000 1.000000 0.000000 0.000000 0.000000 0.000000 1.000000 0.000000 0.000000 0.000000 0.000000 1.000000
10-16 11:20:18.700  3251  3251 D TileServices: Couldn't find tile for ComponentInfo{com.google.android.apps.wellbeing/com.google.android.apps.wellbeing.screen.ui.GrayscaleTileService}(0)
10-16 11:20:18.735  1833  2964 D ColorDisplayService: Setting saturation level: 100
10-16 11:20:18.736  1833  2964 D ColorDisplayService: GlobalSaturationTintController Animation cancelled: true to matrix:
10-16 11:20:18.736  1833  2964 D ColorDisplayService:        1.000000 0.000000 0.000000 0.000000 0.000000 1.000000 0.000000 0.000000 0.000000 0.000000 1.000000 0.000000 0.000000 0.000000 0.000000 1.000000 min matrix coefficients:
10-16 11:20:18.736  1833  2964 D ColorDisplayService:        1.000000 0.000000 0.000000 0.000000 0.000000 1.000000 0.000000 0.000000 0.000000 0.000000 1.000000 0.000000 0.000000 0.000000 0.000000 1.000000 max matrix coefficients:
10-16 11:20:18.736  1833  2964 D ColorDisplayService:        1.000000 0.000000 0.000000 0.000000 0.000000 1.000000 0.000000 0.000000 0.000000 0.000000 1.000000 0.000000 0.000000 0.000000 0.000000 1.000000
10-16 11:20:18.749  4024  4024 D nativeloader: Load libframework-connectivity-tiramisu-jni.so using APEX ns com_android_tethering for caller /apex/com.android.tethering/javalib/framework-connectivity-t.jar: ok
10-16 11:20:18.749  3251  3251 D TileServices: Couldn't find tile for ComponentInfo{com.google.android.apps.wellbeing/com.google.android.apps.wellbeing.screen.ui.GrayscaleTileService}(0)
10-16 11:20:18.750  4024  4024 D AndroidRuntime: Calling main entry com.topjohnwu.superuser.internal.RootServerMain
10-16 11:20:18.749     0     0 I binder  : 4024:4024 ioctl 40046210 7fefaf1c54 returned -22
10-16 11:20:18.769  4024  4024 D nativeloader: Load libjavacrypto.so using APEX ns com_android_conscrypt for caller /apex/com.android.conscrypt/javalib/conscrypt.jar: ok
10-16 11:20:18.798  4024  4024 W OverlayConfig: partition_order.xml does not exist.
10-16 11:20:18.820  3932  4048 W TracingHelper: No RequestContext found in the trace or trace not available. [CONTEXT service_id=259 ratelimit_count=100000 ]
10-16 11:20:18.838  3932  4048 W TracingHelper: Mismatched RequestContext found for module HTTPFLAGS. Module id from RequestContext is MODULEID_UNKNOWN [CONTEXT service_id=259 ratelimit_count=100000 ]
10-16 11:20:18.844  1833  3149 D ConnectivityService: NetReassign [no changes] [c 0] [a 0] [i 0]
10-16 11:20:18.849  1833  3734 D ConnectivityService: requestNetwork for uid/pid:10137/3720 activeRequest: null callbackRequest: 77 [NetworkRequest [ REQUEST id=78, [ Capabilities: INTERNET&NOT_RESTRICTED&TRUSTED&NOT_VCN_MANAGED Uid: 10137 RequestorUid: 10137 RequestorPkg: com.google.android.gms UnderlyingNetworks: Null] ]] callback flags: 0 order: 2147483647
10-16 11:20:18.849  1833  3149 D ConnectivityService: NetReassign [no changes] [c 0] [a 0] [i 0]
10-16 11:20:18.859  1833  3432 W ActivityManager: Unable to start service Intent { flg=0x89000010 pkg=com.google.android.gms cmp=com.google.android.gms/.gcm.nts.SchedulerService (has extras) } U=0: not found
10-16 11:20:18.861  3932  4048 W ContextImpl: Failed to ensure /data/user/0/com.google.android.gms/files: mkdir failed: errno 126 (Required key not available)
10-16 11:20:18.884  3720  3767 W TracingHelper: No RequestContext found in the trace or trace not available. [CONTEXT service_id=259 ratelimit_count=100000 ]
10-16 11:20:18.902  1833  3456 D WallpaperManagerService: WPMS.saveSettingsLocked-0
10-16 11:20:18.906  1833  3456 D WallpaperManagerService: WPMS.saveSettingsLocked-0
10-16 11:20:18.906  3251  3251 D Tonal   : Tonal Palette - index: 7. Main color: fffb1944
10-16 11:20:18.906  3251  3251 D Tonal   : Colors: ff100003, ff2a0008, ff430010, ff620018, ff880027, ffae0021, ffd40028, fffb1944, ffff3c54, ffff5b6b, ffff7f85, ffffb2b4, ffffd5d9
10-16 11:20:18.906  3251  3251 D Tonal   : Gradients:
10-16 11:20:18.906  3251  3251 D Tonal   :      Normal GradientColors(fffb1944, fffb1944)
10-16 11:20:18.906  3251  3251 D Tonal   :      Dark GradientColors(ff620018, ff620018)
10-16 11:20:18.906  3251  3251 D Tonal   :      Extra dark: GradientColors(ff430010, ff430010)
10-16 11:20:18.906  3251  3251 D Tonal   : Tonal Palette - index: 7. Main color: fffb1944
10-16 11:20:18.906  3251  3251 D Tonal   : Colors: ff100003, ff2a0008, ff430010, ff620018, ff880027, ffae0021, ffd40028, fffb1944, ffff3c54, ffff5b6b, ffff7f85, ffffb2b4, ffffd5d9
10-16 11:20:18.906  3251  3251 D Tonal   : Gradients:
10-16 11:20:18.906  3251  3251 D Tonal   :      Normal GradientColors(fffb1944, fffb1944)
10-16 11:20:18.906  3251  3251 D Tonal   :      Dark GradientColors(ff620018, ff620018)
10-16 11:20:18.906  3251  3251 D Tonal   :      Extra dark: GradientColors(ff430010, ff430010)
10-16 11:20:18.947  1833  2761 I system_server: Background young concurrent copying GC freed 78MB AllocSpace bytes, 0(0B) LOS objects, 36% free, 95MB/149MB, paused 307us,89us total 208.167ms
10-16 11:20:18.956  1833  3734 W ActivityManager: Unable to start service Intent { act=com.google.android.chimera.BoundService.START dat=chimera-action: cmp=com.google.android.gms/.chimera.PersistentApiService } U=0: not found
10-16 11:20:18.960  1833  3734 W ActivityManager: Unbind failed: could not find connection for android.os.BinderProxy@9ac2673
10-16 11:20:18.963  3720  3756 W GmsClient: unable to connect to service: com.google.android.gms.time.trustedtime.service.START on com.google.android.gms
10-16 11:20:18.963  3720  3720 D BoundBrokerSvc: onBind: Intent { act=com.google.android.gms.scheduler.ACTION_PROXY_SCHEDULE dat=chimera-action:/... cmp=com.google.android.gms/.chimera.PersistentDirectBootAwareApiService }
10-16 11:20:18.963  3720  3720 D BoundBrokerSvc: Loading bound service for intent: Intent { act=com.google.android.gms.scheduler.ACTION_PROXY_SCHEDULE dat=chimera-action:/... cmp=com.google.android.gms/.chimera.PersistentDirectBootAwareApiService }
10-16 11:20:18.969  3932  4200 W ProviderHelper: Unknown dynamite feature providerinstaller.dynamite
10-16 11:20:18.970  3932  4200 I DynamiteModule: Considering local module com.google.android.gms.providerinstaller.dynamite:1 and remote module com.google.android.gms.providerinstaller.dynamite:0
10-16 11:20:18.970  3932  4200 I DynamiteModule: Selected local version of com.google.android.gms.providerinstaller.dynamite
10-16 11:20:18.979  3720  3720 D BoundBrokerSvc: onBind: Intent { act=com.google.android.gms.libs.gmscorelogger.service.START dat=chimera-action:/... cmp=com.google.android.gms/.chimera.PersistentDirectBootAwareApiService }
10-16 11:20:18.981  3720  3720 D BoundBrokerSvc: Loading bound service for intent: Intent { act=com.google.android.gms.libs.gmscorelogger.service.START dat=chimera-action:/... cmp=com.google.android.gms/.chimera.PersistentDirectBootAwareApiService }
10-16 11:20:18.984  1992  1992 I Atfwd_Daemon: qmi_client_init_instance status retry : 4
10-16 11:20:18.984  1992  1992 I Atfwd_Daemon:
10-16 11:20:18.984  1992  1992 I Atfwd_Daemon:  qmi_client_init_instance....
10-16 11:20:18.987  3720  3720 D BoundBrokerSvc: onBind: Intent { act=com.google.android.gms.usagereporting.service.START dat=chimera-action:/... cmp=com.google.android.gms/.chimera.PersistentDirectBootAwareApiService }
10-16 11:20:18.987  3720  3720 D BoundBrokerSvc: Loading bound service for intent: Intent { act=com.google.android.gms.usagereporting.service.START dat=chimera-action:/... cmp=com.google.android.gms/.chimera.PersistentDirectBootAwareApiService }
10-16 11:20:18.989  1992  1992 I Atfwd_Daemon: qmi_client_init_instance status: -3, num_retries: 5, retryCnt: 4
10-16 11:20:18.989  1992  1992 I Atfwd_Daemon: result : -3       ,Init step :1   ,qmiErrorCode: 0
10-16 11:20:18.989  1992  1992 I Atfwd_Daemon:
10-16 11:20:18.989  1992  1992 I Atfwd_Daemon:  Sleeping...
10-16 11:20:18.992  3720  3741 I frzs    : (REDACTED) Shared storage file not found for %s
10-16 11:20:19.014  1833  3013 W ActivityManager: Unable to start service Intent { act=com.google.android.chimera.BoundService.START dat=chimera-action: cmp=com.google.android.gms/.chimera.PersistentApiService } U=0: not found
10-16 11:20:19.018  1833  3013 W ActivityManager: Unbind failed: could not find connection for android.os.BinderProxy@1f59930
10-16 11:20:19.019     0     0 E FG      : fg_psy_get_property: unsupported property 67
10-16 11:20:19.019     0     0 E         : batt power supply prop 137 not supported
10-16 11:20:19.019     0     0 E FG      : fg_psy_get_property: unsupported property 4
10-16 11:20:19.019     0     0 E         : Get prop 67 is not supported in pc_port
10-16 11:20:19.020     0     0 E         : batt power supply prop 67 not supported
10-16 11:20:19.026     0     0 W healthd : battery l=38 v=3652 t=36.0 h=2 st=2 c=907226 fc=3786000 cc=6754 chg=u
10-16 11:20:19.028  3720  3756 W GmsClient: unable to connect to service: com.google.android.gms.auth.aang.events.services.START on com.google.android.gms
10-16 11:20:19.036  1833  1833 I LineageHealth: Current mChargingStopReason: 0
10-16 11:20:19.041  3251  4218 D PowerUI : can't show warning due to - plugged: true status unknown: false
10-16 11:20:19.046  3720  3767 D nativeloader: Load /data/app/~~3vUl3-3DOSP2X9y36t4HsA==/com.google.android.gms-oVHj1a9v-ZAB_pmNEziAwg==/base.apk!/lib/arm64-v8a/libleveldbjni.so using ns clns-7 from class loader (caller=<unknown>): ok
10-16 11:20:19.058  1833  3456 D WallpaperManagerService: WPMS.saveSettingsLocked-0
10-16 11:20:19.060  3720  3756 W FileUtils: Failed to chmod(/data/user/0/com.google.android.gms/app_usage_reporting_db): android.system.ErrnoException: chmod failed: ENOENT (No such file or directory)
10-16 11:20:19.060  1833  3456 D WallpaperManagerService: WPMS.saveSettingsLocked-0
10-16 11:20:19.060  3251  3251 D Tonal   : Tonal Palette - index: 7. Main color: fffb1944
10-16 11:20:19.060  3251  3251 D Tonal   : Colors: ff100003, ff2a0008, ff430010, ff620018, ff880027, ffae0021, ffd40028, fffb1944, ffff3c54, ffff5b6b, ffff7f85, ffffb2b4, ffffd5d9
10-16 11:20:19.060  3251  3251 D Tonal   : Gradients:
10-16 11:20:19.060  3251  3251 D Tonal   :      Normal GradientColors(fffb1944, fffb1944)
10-16 11:20:19.060  3251  3251 D Tonal   :      Dark GradientColors(ff620018, ff620018)
10-16 11:20:19.060  3251  3251 D Tonal   :      Extra dark: GradientColors(ff430010, ff430010)
10-16 11:20:19.060  3251  3251 D Tonal   : Tonal Palette - index: 7. Main color: fffb1944
10-16 11:20:19.060  3251  3251 D Tonal   : Colors: ff100003, ff2a0008, ff430010, ff620018, ff880027, ffae0021, ffd40028, fffb1944, ffff3c54, ffff5b6b, ffff7f85, ffffb2b4, ffffd5d9
10-16 11:20:19.060  3251  3251 D Tonal   : Gradients:
10-16 11:20:19.060  3251  3251 D Tonal   :      Normal GradientColors(fffb1944, fffb1944)
10-16 11:20:19.060  3251  3251 D Tonal   :      Dark GradientColors(ff620018, ff620018)
10-16 11:20:19.060  3251  3251 D Tonal   :      Extra dark: GradientColors(ff430010, ff430010)
10-16 11:20:19.074  3932  4200 I DynamiteModule: Considering local module com.google.android.gms.googlecertificates:7 and remote module com.google.android.gms.googlecertificates:0
10-16 11:20:19.076  3720  3765 W NonBlockingAccountProvi: [NBAP]: Task GET_GAIA_ACCOUNTS failed. Total time: 53 ms. Total attempts: 1. [CONTEXT service_id=259 ratelimit_count=10000000 ]
10-16 11:20:19.077  3932  4200 I DynamiteModule: Selected local version of com.google.android.gms.googlecertificates
10-16 11:20:19.109  3932  4200 W ProviderHelper: Unknown dynamite feature providerinstaller.dynamite
10-16 11:20:19.110  3932  4200 I DynamiteModule: Considering local module com.google.android.gms.providerinstaller.dynamite:1 and remote module com.google.android.gms.providerinstaller.dynamite:0
10-16 11:20:19.110  3932  4200 I DynamiteModule: Selected local version of com.google.android.gms.providerinstaller.dynamite
10-16 11:20:19.171  3932  4200 W ProviderHelper: Unknown dynamite feature providerinstaller.dynamite
10-16 11:20:19.171  3932  4200 I DynamiteModule: Considering local module com.google.android.gms.providerinstaller.dynamite:1 and remote module com.google.android.gms.providerinstaller.dynamite:0
10-16 11:20:19.171  3932  4200 I DynamiteModule: Selected local version of com.google.android.gms.providerinstaller.dynamite
10-16 11:20:19.190  1833  3456 D WallpaperManagerService: WPMS.saveSettingsLocked-0
10-16 11:20:19.192  3251  3251 D Tonal   : Tonal Palette - index: 7. Main color: fffb1944
10-16 11:20:19.192  3251  3251 D Tonal   : Colors: ff100003, ff2a0008, ff430010, ff620018, ff880027, ffae0021, ffd40028, fffb1944, ffff3c54, ffff5b6b, ffff7f85, ffffb2b4, ffffd5d9
10-16 11:20:19.192  3251  3251 D Tonal   : Gradients:
10-16 11:20:19.192  3251  3251 D Tonal   :      Normal GradientColors(fffb1944, fffb1944)
10-16 11:20:19.192  3251  3251 D Tonal   :      Dark GradientColors(ff620018, ff620018)
10-16 11:20:19.192  3251  3251 D Tonal   :      Extra dark: GradientColors(ff430010, ff430010)
10-16 11:20:19.192  3251  3251 D Tonal   : Tonal Palette - index: 7. Main color: fffb1944
10-16 11:20:19.192  3251  3251 D Tonal   : Colors: ff100003, ff2a0008, ff430010, ff620018, ff880027, ffae0021, ffd40028, fffb1944, ffff3c54, ffff5b6b, ffff7f85, ffffb2b4, ffffd5d9
10-16 11:20:19.192  3251  3251 D Tonal   : Gradients:
10-16 11:20:19.192  3251  3251 D Tonal   :      Normal GradientColors(fffb1944, fffb1944)
10-16 11:20:19.192  3251  3251 D Tonal   :      Dark GradientColors(ff620018, ff620018)
10-16 11:20:19.192  3251  3251 D Tonal   :      Extra dark: GradientColors(ff430010, ff430010)
10-16 11:20:19.221  4024  4024 E com.drdisagree.colorblendr:root:0: Invalid Idmap file: bad magic value (was 0x00000000, expected 0x504d4449)
10-16 11:20:19.221  4024  4024 E com.drdisagree.colorblendr:root:0: failed to load IDMAP /data/resource-cache/data@resource-cache@android-com.drdisagree.colorblendr_dynamic_theme-nnHv.frro@idmap
10-16 11:20:19.222  4024  4024 W ResourcesManager: failed to preload asset path '/data/resource-cache/android-com.drdisagree.colorblendr_dynamic_theme-nnHv.frro'
10-16 11:20:19.222  4024  4024 W ResourcesManager: java.io.IOException: Failed to load asset path /data/resource-cache/data@resource-cache@android-com.drdisagree.colorblendr_dynamic_theme-nnHv.frro@idmap
10-16 11:20:19.222  4024  4024 W ResourcesManager:      at android.content.res.ApkAssets.nativeLoad(Native Method)
10-16 11:20:19.222  4024  4024 W ResourcesManager:      at android.content.res.ApkAssets.<init>(ApkAssets.java:303)
10-16 11:20:19.222  4024  4024 W ResourcesManager:      at android.content.res.ApkAssets.loadOverlayFromPath(ApkAssets.java:223)
10-16 11:20:19.222  4024  4024 W ResourcesManager:      at android.app.ResourcesManager.loadApkAssets(ResourcesManager.java:479)
10-16 11:20:19.222  4024  4024 W ResourcesManager:      at android.app.ResourcesManager.-$$Nest$mloadApkAssets(Unknown Source:0)
10-16 11:20:19.222  4024  4024 W ResourcesManager:      at android.app.ResourcesManager$ApkAssetsSupplier.load(ResourcesManager.java:174)
10-16 11:20:19.222  4024  4024 W ResourcesManager:      at android.app.ResourcesManager.createApkAssetsSupplierNotLocked(ResourcesManager.java:1014)
10-16 11:20:19.222  4024  4024 W ResourcesManager:      at android.app.ResourcesManager.getResources(ResourcesManager.java:1135)
10-16 11:20:19.222  4024  4024 W ResourcesManager:      at android.app.ContextImpl.createResources(ContextImpl.java:2613)
10-16 11:20:19.222  4024  4024 W ResourcesManager:      at android.app.ContextImpl.createPackageContextAsUser(ContextImpl.java:2704)
10-16 11:20:19.222  4024  4024 W ResourcesManager:      at java.lang.reflect.Method.invoke(Native Method)
10-16 11:20:19.222  4024  4024 W ResourcesManager:      at com.topjohnwu.superuser.internal.RootServerMain.<init>(SourceFile:0)
10-16 11:20:19.222  4024  4024 W ResourcesManager:      at com.topjohnwu.superuser.internal.RootServerMain.main(Unknown Source:23)
10-16 11:20:19.222  4024  4024 W ResourcesManager:      at com.android.internal.os.RuntimeInit.nativeFinishInit(Native Method)
10-16 11:20:19.222  4024  4024 W ResourcesManager:      at com.android.internal.os.RuntimeInit.main(RuntimeInit.java:369)
10-16 11:20:19.222  4024  4024 E com.drdisagree.colorblendr:root:0: Invalid Idmap file: bad magic value (was 0x00000000, expected 0x504d4449)
10-16 11:20:19.222  4024  4024 E com.drdisagree.colorblendr:root:0: failed to load IDMAP /data/resource-cache/data@resource-cache@android-com.drdisagree.colorblendr_dynamic_theme-nnHv.frro@idmap
10-16 11:20:19.223  4024  4024 W ResourcesManager: failed to add overlay path '/data/resource-cache/android-com.drdisagree.colorblendr_dynamic_theme-nnHv.frro'
10-16 11:20:19.223  4024  4024 W ResourcesManager: java.io.IOException: Failed to load asset path /data/resource-cache/data@resource-cache@android-com.drdisagree.colorblendr_dynamic_theme-nnHv.frro@idmap
10-16 11:20:19.223  4024  4024 W ResourcesManager:      at android.content.res.ApkAssets.nativeLoad(Native Method)
10-16 11:20:19.223  4024  4024 W ResourcesManager:      at android.content.res.ApkAssets.<init>(ApkAssets.java:303)
10-16 11:20:19.223  4024  4024 W ResourcesManager:      at android.content.res.ApkAssets.loadOverlayFromPath(ApkAssets.java:223)
10-16 11:20:19.223  4024  4024 W ResourcesManager:      at android.app.ResourcesManager.loadApkAssets(ResourcesManager.java:479)
10-16 11:20:19.223  4024  4024 W ResourcesManager:      at android.app.ResourcesManager.-$$Nest$mloadApkAssets(Unknown Source:0)
10-16 11:20:19.223  4024  4024 W ResourcesManager:      at android.app.ResourcesManager$ApkAssetsSupplier.load(ResourcesManager.java:174)
10-16 11:20:19.223  4024  4024 W ResourcesManager:      at android.app.ResourcesManager.createAssetManager(ResourcesManager.java:560)
10-16 11:20:19.223  4024  4024 W ResourcesManager:      at android.app.ResourcesManager.createResourcesImpl(ResourcesManager.java:647)
10-16 11:20:19.223  4024  4024 W ResourcesManager:      at android.app.ResourcesManager.findOrCreateResourcesImplForKeyLocked(ResourcesManager.java:699)
10-16 11:20:19.223  4024  4024 W ResourcesManager:      at android.app.ResourcesManager.createResources(ResourcesManager.java:1045)
10-16 11:20:19.223  4024  4024 W ResourcesManager:      at android.app.ResourcesManager.getResources(ResourcesManager.java:1148)
10-16 11:20:19.223  4024  4024 W ResourcesManager:      at android.app.ContextImpl.createResources(ContextImpl.java:2613)
10-16 11:20:19.223  4024  4024 W ResourcesManager:      at android.app.ContextImpl.createPackageContextAsUser(ContextImpl.java:2704)
10-16 11:20:19.223  4024  4024 W ResourcesManager:      at java.lang.reflect.Method.invoke(Native Method)
10-16 11:20:19.223  4024  4024 W ResourcesManager:      at com.topjohnwu.superuser.internal.RootServerMain.<init>(SourceFile:0)
10-16 11:20:19.223  4024  4024 W ResourcesManager:      at com.topjohnwu.superuser.internal.RootServerMain.main(Unknown Source:23)
10-16 11:20:19.223  4024  4024 W ResourcesManager:      at com.android.internal.os.RuntimeInit.nativeFinishInit(Native Method)
10-16 11:20:19.223  4024  4024 W ResourcesManager:      at com.android.internal.os.RuntimeInit.main(RuntimeInit.java:369)
10-16 11:20:19.230  4024  4024 D nativeloader: InitApexLibraries:
10-16 11:20:19.230  4024  4024 D nativeloader:   com_android_art: libnativehelper.so
10-16 11:20:19.230  4024  4024 D nativeloader:   com_android_i18n: libicui18n.so:libicuuc.so:libicu.so
10-16 11:20:19.230  4024  4024 D nativeloader:   com_android_neuralnetworks: libneuralnetworks.so
10-16 11:20:19.230  4024  4024 D nativeloader: InitDefaultPublicLibraries for_preload=0: libandroid.so:libaaudio.so:libamidi.so:libbinder_ndk.so:libc.so:libcamera2ndk.so:libclang_rt.hwasan-aarch64-android.so:libdl.so:libEGL.so:libGLESv1_CM.so:libGLESv2.so:libGLESv3.so:libjnigraphics.so:liblog.so:libmediandk.so:libm.so:libnativewindow.so:libOpenMAXAL.so:libOpenSLES.so:libRS.so:libstdc++.so:libsync.so:libvulkan.so:libwebviewchromium_plat_support.so:libz.so
10-16 11:20:19.230  4024  4024 D nativeloader: Configuring clns-1 for other apk /data/app/~~FFQWcBCanp92G3TpoZ_TmQ==/com.drdisagree.colorblendr-LxLIQxO61gFSvMDNFl0exA==/base.apk. target_sdk_version=35, uses_libraries=, library_path=/data/app/~~FFQWcBCanp92G3TpoZ_TmQ==/com.drdisagree.colorblendr-LxLIQxO61gFSvMDNFl0exA==/lib/arm64, permitted_path=/data:/mnt/expand:/data/user/0/com.drdisagree.colorblendr
10-16 11:20:19.231  4024  4024 D nativeloader: InitExtendedPublicLibraries:
10-16 11:20:19.233  4024  4024 D nativeloader: InitVendorPublicLibraries: libadsprpc.so:libcdsprpc.so:libsdsprpc.so:libfastcvopt.so:liblistensoundmodel2.so:libOpenCL.so:libnpu.so:libmialgoengine.so:libmpbase.so:libHalSuperSensorServer.so:libSuperSensor.so:libSuperSensorCPU.so:libarcsoft_beautyshot.so:libarcsoft_portrait_lighting.so:libarcsoft_portrait_lighting_c.so:libarcsoft_high_dynamic_range.so:libmibokeh_855.so:libmialgo_image_colourkeeping.so:libarcsoft_distortion_correction.so:libarcsoft_bodyslim.so:libalCFR.so:libcvp_common.so:libalhLDC.so:libalAILDC.so:libflaw.so:libarcsoft_superportrait.so:libmialgo_ie_capture.so:libmialgo_utils.so:libxmi_high_dynamic_range.so:libxmi_high_dynamic_range_cdsp.so:libxmi_hdr_checker.so:libMIAIHDRhvx_interface.so:libcvp2.so:libcvp2_hfi.so:libSNPE.so:libsymphony-cpu.so:libcamera_scene.so:libsnpe_dsp_domains_v2.so:libbeauty_face_interface.so:libmiai_portraitsupernight.so:libEGL.so:librelight_only.so:libwa_depth.so:libanc_dc_base.so:libwa_refocus.so:libmiphone_capture_ldc.so:com.xiaomi.plugin.ldc.so:libwa_widelens_undis
10-16 11:20:19.233  4024  4024 D nativeloader: InitProductPublicLibraries:
10-16 11:20:19.248  3932  4200 W ProviderHelper: Unknown dynamite feature providerinstaller.dynamite
10-16 11:20:19.249  3932  4200 I DynamiteModule: Considering local module com.google.android.gms.providerinstaller.dynamite:1 and remote module com.google.android.gms.providerinstaller.dynamite:0
10-16 11:20:19.249  3932  4200 I DynamiteModule: Selected local version of com.google.android.gms.providerinstaller.dynamite
10-16 11:20:19.249  3811  3811 I RootConnectionProvider: Service connected
10-16 11:20:19.274  3932  4200 W ProviderHelper: Unknown dynamite feature providerinstaller.dynamite
10-16 11:20:19.275  3932  4200 I DynamiteModule: Considering local module com.google.android.gms.providerinstaller.dynamite:1 and remote module com.google.android.gms.providerinstaller.dynamite:0
10-16 11:20:19.275  3932  4200 I DynamiteModule: Selected local version of com.google.android.gms.providerinstaller.dynamite
10-16 11:20:19.344  3932  4200 W ProviderHelper: Unknown dynamite feature providerinstaller.dynamite
10-16 11:20:19.344  3932  4200 I DynamiteModule: Considering local module com.google.android.gms.providerinstaller.dynamite:1 and remote module com.google.android.gms.providerinstaller.dynamite:0
10-16 11:20:19.344  3932  4200 I DynamiteModule: Selected local version of com.google.android.gms.providerinstaller.dynamite
10-16 11:20:19.416  3932  4200 W ProviderHelper: Unknown dynamite feature providerinstaller.dynamite
10-16 11:20:19.416  3932  4200 I DynamiteModule: Considering local module com.google.android.gms.providerinstaller.dynamite:1 and remote module com.google.android.gms.providerinstaller.dynamite:0
10-16 11:20:19.416  3932  4200 I DynamiteModule: Selected local version of com.google.android.gms.providerinstaller.dynamite
10-16 11:20:19.438  3932  4200 W ProviderHelper: Unknown dynamite feature providerinstaller.dynamite
10-16 11:20:19.438  3932  4200 I DynamiteModule: Considering local module com.google.android.gms.providerinstaller.dynamite:1 and remote module com.google.android.gms.providerinstaller.dynamite:0
10-16 11:20:19.438  3932  4200 I DynamiteModule: Selected local version of com.google.android.gms.providerinstaller.dynamite
10-16 11:20:19.474  3932  4200 W ProviderHelper: Unknown dynamite feature providerinstaller.dynamite
10-16 11:20:19.474  3932  4200 I DynamiteModule: Considering local module com.google.android.gms.providerinstaller.dynamite:1 and remote module com.google.android.gms.providerinstaller.dynamite:0
10-16 11:20:19.474  3932  4200 I DynamiteModule: Selected local version of com.google.android.gms.providerinstaller.dynamite
10-16 11:20:19.485  3517  3645 I m.android.phone: NativeAlloc concurrent copying GC freed 34MB AllocSpace bytes, 0(0B) LOS objects, 75% free, 18MB/72MB, paused 44us,18us total 135.041ms
10-16 11:20:19.518  3932  4200 W ProviderHelper: Unknown dynamite feature providerinstaller.dynamite
10-16 11:20:19.518  3932  4200 I DynamiteModule: Considering local module com.google.android.gms.providerinstaller.dynamite:1 and remote module com.google.android.gms.providerinstaller.dynamite:0
10-16 11:20:19.518  3932  4200 I DynamiteModule: Selected local version of com.google.android.gms.providerinstaller.dynamite
10-16 11:20:19.618  3932  4200 W ProviderHelper: Unknown dynamite feature providerinstaller.dynamite
10-16 11:20:19.618  3932  4200 I DynamiteModule: Considering local module com.google.android.gms.providerinstaller.dynamite:1 and remote module com.google.android.gms.providerinstaller.dynamite:0
10-16 11:20:19.618  3932  4200 I DynamiteModule: Selected local version of com.google.android.gms.providerinstaller.dynamite
10-16 11:20:19.694  3932  4200 W ProviderHelper: Unknown dynamite feature providerinstaller.dynamite
10-16 11:20:19.694  3932  4200 I DynamiteModule: Considering local module com.google.android.gms.providerinstaller.dynamite:1 and remote module com.google.android.gms.providerinstaller.dynamite:0
